Component: ARM Compiler 6.14 Tool: armlink [5db06800]

==============================================================================

Section Cross References

    main.o(.text) refers (Special) to _printf_f.o(.ARM.Collect$$_printf_percent$$00000003) for _printf_f
    main.o(.text) refers (Special) to printf1.o(x$fpl$printf1) for _printf_fp_dec
    main.o(.text) refers (Special) to _printf_percent.o(.ARM.Collect$$_printf_percent$$00000000) for _printf_percent
    main.o(.text.main) refers (Special) to _printf_f.o(.ARM.Collect$$_printf_percent$$00000003) for _printf_f
    main.o(.text.main) refers (Special) to printf1.o(x$fpl$printf1) for _printf_fp_dec
    main.o(.text.main) refers (Special) to _printf_percent.o(.ARM.Collect$$_printf_percent$$00000000) for _printf_percent
    main.o(.text.main) refers to uart.o(.text.uart0_init) for uart0_init
    main.o(.text.main) refers to dac.o(.text.DAC0_INIT) for DAC0_INIT
    main.o(.text.main) refers to adc.o(.text.ADC1_INIT) for ADC1_INIT
    main.o(.text.main) refers to pdb.o(.text.PDB_INIT) for PDB_INIT
    main.o(.text.main) refers to main.o(.text.initFTM) for initFTM
    main.o(.text.main) refers to dflt_clz.o(x$fpl$dfltu) for __aeabi_ui2d
    main.o(.text.main) refers to dmul.o(x$fpl$dmul) for __aeabi_dmul
    main.o(.text.main) refers to ddiv.o(x$fpl$ddiv) for __aeabi_ddiv
    main.o(.text.main) refers to dcmp.o(x$fpl$fcmp) for __aeabi_dcmple
    main.o(.text.main) refers to main.o(.bss.timer) for timer
    main.o(.text.main) refers to dflt_clz.o(x$fpl$dflt) for __aeabi_i2d
    main.o(.text.main) refers to noretval__2sprintf.o(.text) for __2sprintf
    main.o(.text.main) refers to uart.o(.text.uart0_put) for uart0_put
    main.o(.ARM.exidx.text.main) refers (Special) to _printf_f.o(.ARM.Collect$$_printf_percent$$00000003) for _printf_f
    main.o(.ARM.exidx.text.main) refers (Special) to printf1.o(x$fpl$printf1) for _printf_fp_dec
    main.o(.ARM.exidx.text.main) refers (Special) to _printf_percent.o(.ARM.Collect$$_printf_percent$$00000000) for _printf_percent
    main.o(.ARM.exidx.text.main) refers to main.o(.text.main) for [Anonymous Symbol]
    main.o(.text.initFTM) refers (Special) to _printf_f.o(.ARM.Collect$$_printf_percent$$00000003) for _printf_f
    main.o(.text.initFTM) refers (Special) to printf1.o(x$fpl$printf1) for _printf_fp_dec
    main.o(.text.initFTM) refers (Special) to _printf_percent.o(.ARM.Collect$$_printf_percent$$00000000) for _printf_percent
    main.o(.text.initFTM) refers to main.o(.text.__NVIC_EnableIRQ) for __NVIC_EnableIRQ
    main.o(.ARM.exidx.text.initFTM) refers (Special) to _printf_f.o(.ARM.Collect$$_printf_percent$$00000003) for _printf_f
    main.o(.ARM.exidx.text.initFTM) refers (Special) to printf1.o(x$fpl$printf1) for _printf_fp_dec
    main.o(.ARM.exidx.text.initFTM) refers (Special) to _printf_percent.o(.ARM.Collect$$_printf_percent$$00000000) for _printf_percent
    main.o(.ARM.exidx.text.initFTM) refers to main.o(.text.initFTM) for [Anonymous Symbol]
    main.o(.text.delay) refers (Special) to _printf_f.o(.ARM.Collect$$_printf_percent$$00000003) for _printf_f
    main.o(.text.delay) refers (Special) to printf1.o(x$fpl$printf1) for _printf_fp_dec
    main.o(.text.delay) refers (Special) to _printf_percent.o(.ARM.Collect$$_printf_percent$$00000000) for _printf_percent
    main.o(.ARM.exidx.text.delay) refers (Special) to _printf_f.o(.ARM.Collect$$_printf_percent$$00000003) for _printf_f
    main.o(.ARM.exidx.text.delay) refers (Special) to printf1.o(x$fpl$printf1) for _printf_fp_dec
    main.o(.ARM.exidx.text.delay) refers (Special) to _printf_percent.o(.ARM.Collect$$_printf_percent$$00000000) for _printf_percent
    main.o(.ARM.exidx.text.delay) refers to main.o(.text.delay) for [Anonymous Symbol]
    main.o(.text.__NVIC_EnableIRQ) refers (Special) to _printf_f.o(.ARM.Collect$$_printf_percent$$00000003) for _printf_f
    main.o(.text.__NVIC_EnableIRQ) refers (Special) to printf1.o(x$fpl$printf1) for _printf_fp_dec
    main.o(.text.__NVIC_EnableIRQ) refers (Special) to _printf_percent.o(.ARM.Collect$$_printf_percent$$00000000) for _printf_percent
    main.o(.ARM.exidx.text.__NVIC_EnableIRQ) refers (Special) to _printf_f.o(.ARM.Collect$$_printf_percent$$00000003) for _printf_f
    main.o(.ARM.exidx.text.__NVIC_EnableIRQ) refers (Special) to printf1.o(x$fpl$printf1) for _printf_fp_dec
    main.o(.ARM.exidx.text.__NVIC_EnableIRQ) refers (Special) to _printf_percent.o(.ARM.Collect$$_printf_percent$$00000000) for _printf_percent
    main.o(.ARM.exidx.text.__NVIC_EnableIRQ) refers to main.o(.text.__NVIC_EnableIRQ) for [Anonymous Symbol]
    main.o(.text.FTM0_IRQHandler) refers (Special) to _printf_f.o(.ARM.Collect$$_printf_percent$$00000003) for _printf_f
    main.o(.text.FTM0_IRQHandler) refers (Special) to printf1.o(x$fpl$printf1) for _printf_fp_dec
    main.o(.text.FTM0_IRQHandler) refers (Special) to _printf_percent.o(.ARM.Collect$$_printf_percent$$00000000) for _printf_percent
[...]
    __printf_flags_wp.o(.text) refers to __printf_flags_wp.o(.constdata) for .constdata
    __printf_ss_wp.o(.text) refers to __printf_wp.o(i._is_digit) for _is_digit
    __printf_ss_wp.o(.text) refers to _printf_percent.o(.ARM.Collect$$_printf_percent$$00000000) for _printf_percent
    __printf_flags_ss_wp.o(.text) refers to __printf_wp.o(i._is_digit) for _is_digit
    __printf_flags_ss_wp.o(.text) refers to _printf_percent.o(.ARM.Collect$$_printf_percent$$00000000) for _printf_percent
    __printf_flags_ss_wp.o(.text) refers to __printf_flags_ss_wp.o(.constdata) for .constdata
    _printf_f.o(.ARM.Collect$$_printf_percent$$00000003) refers (Weak) to printf1.o(x$fpl$printf1) for _printf_fp_dec
    _printf_percent.o(.ARM.Collect$$_printf_percent$$00000000) refers (Special) to _printf_percent_end.o(.ARM.Collect$$_printf_percent$$00000017) for _printf_percent_end
    __main.o(!!!main) refers to __rtentry.o(.ARM.Collect$$rtentry$$00000000) for __rt_entry
    dcmp.o(x$fpl$fcmp) refers (Special) to usenofp.o(x$fpl$usenofp) for __I$use$fp
    dcmp.o(x$fpl$fcmp) refers to deqf.o(x$fpl$deqf) for _dcmpeq
    dcmp.o(x$fpl$fcmp) refers to dgeqf.o(x$fpl$dgeqf) for _dcmpge
    dcmp.o(x$fpl$fcmp) refers to dleqf.o(x$fpl$dleqf) for _dcmple
    ddiv.o(x$fpl$drdiv) refers (Special) to usenofp.o(x$fpl$usenofp) for __I$use$fp
    ddiv.o(x$fpl$drdiv) refers to ddiv.o(x$fpl$ddiv) for ddiv_entry
    ddiv.o(x$fpl$ddiv) refers (Special) to usenofp.o(x$fpl$usenofp) for __I$use$fp
    ddiv.o(x$fpl$ddiv) refers to dretinf.o(x$fpl$dretinf) for __fpl_dretinf
    ddiv.o(x$fpl$ddiv) refers to dnaninf.o(x$fpl$dnaninf) for __fpl_dnaninf
    dflt_clz.o(x$fpl$dfltu) refers (Special) to usenofp.o(x$fpl$usenofp) for __I$use$fp
    dflt_clz.o(x$fpl$dflt) refers (Special) to usenofp.o(x$fpl$usenofp) for __I$use$fp
    dflt_clz.o(x$fpl$dfltn) refers (Special) to usenofp.o(x$fpl$usenofp) for __I$use$fp
    dmul.o(x$fpl$dmul) refers (Special) to usenofp.o(x$fpl$usenofp) for __I$use$fp
    dmul.o(x$fpl$dmul) refers to dretinf.o(x$fpl$dretinf) for __fpl_dretinf
    dmul.o(x$fpl$dmul) refers to dnaninf.o(x$fpl$dnaninf) for __fpl_dnaninf
    printf1.o(x$fpl$printf1) refers to _printf_fp_dec.o(.text) for _printf_fp_dec_real
    __rtentry.o(.ARM.Collect$$rtentry$$00000000) refers (Special) to __rtentry2.o(.ARM.Collect$$rtentry$$0000000A) for __rt_entry_li
    __rtentry.o(.ARM.Collect$$rtentry$$00000000) refers (Special) to __rtentry2.o(.ARM.Collect$$rtentry$$0000000D) for __rt_entry_main
    __rtentry.o(.ARM.Collect$$rtentry$$00000000) refers (Special) to __rtentry2.o(.ARM.Collect$$rtentry$$0000000C) for __rt_entry_postli_1
    __rtentry.o(.ARM.Collect$$rtentry$$00000000) refers (Special) to __rtentry2.o(.ARM.Collect$$rtentry$$00000009) for __rt_entry_postsh_1
    __rtentry.o(.ARM.Collect$$rtentry$$00000000) refers (Special) to __rtentry2.o(.ARM.Collect$$rtentry$$00000002) for __rt_entry_presh_1
    __rtentry.o(.ARM.Collect$$rtentry$$00000000) refers (Special) to __rtentry4.o(.ARM.Collect$$rtentry$$00000004) for __rt_entry_sh
    _printf_fp_dec.o(.text) refers (Special) to usenofp.o(x$fpl$usenofp) for __I$use$fp
    _printf_fp_dec.o(.text) refers (Special) to lc_numeric_c.o(locale$$code) for _get_lc_numeric
    _printf_fp_dec.o(.text) refers to bigflt0.o(.text) for _btod_etento
    _printf_fp_dec.o(.text) refers to btod.o(CL$$btod_d2e) for _btod_d2e
    _printf_fp_dec.o(.text) refers to btod.o(CL$$btod_ediv) for _btod_ediv
    _printf_fp_dec.o(.text) refers to btod.o(CL$$btod_emul) for _btod_emul
    _printf_fp_dec.o(.text) refers to lludiv10.o(.text) for _ll_udiv10
    _printf_fp_dec.o(.text) refers to fpclassify.o(i.__ARM_fpclassify) for __ARM_fpclassify
    _printf_fp_dec.o(.text) refers to _printf_fp_infnan.o(.text) for _printf_fp_infnan
    _printf_fp_dec.o(.text) refers to rt_locale_intlibspace.o(.text) for __rt_locale
    _printf_fp_dec_accurate.o(.text) refers (Special) to usenofp.o(x$fpl$usenofp) for __I$use$fp
    _printf_fp_dec_accurate.o(.text) refers (Special) to lc_numeric_c.o(locale$$code) for _get_lc_numeric
    _printf_fp_dec_accurate.o(.text) refers to btod_accurate.o(.text) for _btod_main
    _printf_fp_dec_accurate.o(.text) refers to fpclassify.o(i.__ARM_fpclassify) for __ARM_fpclassify
    _printf_fp_dec_accurate.o(.text) refers to _printf_fp_infnan.o(.text) for _printf_fp_infnan
    _printf_fp_dec_accurate.o(.text) refers to rt_locale_intlibspace.o(.text) for __rt_locale
    _printf_char_common.o(.text) refers to __printf.o(.text) for __printf
    deqf.o(x$fpl$deqf) refers (Special) to usenofp.o(x$fpl$usenofp) for __I$use$fp
    deqf.o(x$fpl$deqf) refers to dnaninf.o(x$fpl$dnaninf) for __fpl_dnaninf
    deqf.o(x$fpl$deqf) refers to dcmpi.o(x$fpl$dcmpinf) for __fpl_dcmp_Inf
    dgeqf.o(x$fpl$dgeqf) refers (Special) to usenofp.o(x$fpl$usenofp) for __I$use$fp
    dgeqf.o(x$fpl$dgeqf) refers to dnaninf.o(x$fpl$dnaninf) for __fpl_dnaninf
    dgeqf.o(x$fpl$dgeqf) refers to dcmpi.o(x$fpl$dcmpinf) for __fpl_dcmp_Inf
    dleqf.o(x$fpl$dleqf) refers (Special) to usenofp.o(x$fpl$usenofp) for __I$use$fp
    dleqf.o(x$fpl$dleqf) refers to dnaninf.o(x$fpl$dnaninf) for __fpl_dnaninf
    dleqf.o(x$fpl$dleqf) refers to dcmpi.o(x$fpl$dcmpinf) for __fpl_dcmp_Inf
    dnaninf.o(x$fpl$dnaninf) refers (Special) to usenofp.o(x$fpl$usenofp) for __I$use$fp
    dretinf.o(x$fpl$dretinf) refers (Special) to usenofp.o(x$fpl$usenofp) for __I$use$fp
    __rtentry2.o(.ARM.Collect$$rtentry$$00000008) refers to boardinit2.o(.text) for _platform_post_stackheap_init
    __rtentry2.o(.ARM.Collect$$rtentry$$0000000A) refers to libinit.o(.ARM.Collect$$libinit$$00000000) for __rt_lib_init
    __rtentry2.o(.ARM.Collect$$rtentry$$0000000B) refers to boardinit3.o(.text) for _platform_post_lib_init
    __rtentry2.o(.ARM.Collect$$rtentry$$0000000D) refers to main.o(.text.main) for main
    __rtentry2.o(.ARM.Collect$$rtentry$$0000000D) refers to exit.o(.text) for exit
    __rtentry2.o(.ARM.exidx) refers to __rtentry2.o(.ARM.Collect$$rtentry$$00000001) for .ARM.Collect$$rtentry$$00000001
    __rtentry2.o(.ARM.exidx) refers to __rtentry2.o(.ARM.Collect$$rtentry$$00000008) for .ARM.Collect$$rtentry$$00000008
    __rtentry2.o(.ARM.exidx) refers to __rtentry2.o(.ARM.Collect$$rtentry$$0000000A) for .ARM.Collect$$rtentry$$0000000A
    __rtentry2.o(.ARM.exidx) refers to __rtentry2.o(.ARM.Collect$$rtentry$$0000000B) for .ARM.Collect$$rtentry$$0000000B
    __rtentry2.o(.ARM.exidx) refers to __rtentry2.o(.ARM.Collect$$rtentry$$0000000D) for .ARM.Collect$$rtentry$$0000000D
    __rtentry4.o(.ARM.Collect$$rtentry$$00000004) refers to sys_stackheap_outer.o(.text) for __user_setup_stackheap
    __rtentry4.o(.ARM.exidx) refers to __rtentry4.o(.ARM.Collect$$rtentry$$00000004) for .ARM.Collect$$rtentry$$00000004
    rt_locale.o(.text) refers to rt_locale.o(.bss) for __rt_locale_data
    rt_locale_intlibspace.o(.text) refers to libspace.o(.bss) for __libspace_start
    bigflt0.o(.text) refers (Special) to usenofp.o(x$fpl$usenofp) for __I$use$fp
    bigflt0.o(.text) refers to btod.o(CL$$btod_emul) for _btod_emul
    bigflt0.o(.text) refers to btod.o(CL$$btod_ediv) for _btod_ediv
    bigflt0.o(.text) refers to bigflt0.o(.constdata) for .constdata
    bigflt0.o(.constdata) refers (Special) to usenofp.o(x$fpl$usenofp) for __I$use$fp
    btod.o(CL$$btod_d2e) refers (Special) to usenofp.o(x$fpl$usenofp) for __I$use$fp
    btod.o(CL$$btod_d2e) refers to btod.o(CL$$btod_d2e_norm_op1) for _d2e_norm_op1
    btod.o(CL$$btod_d2e_norm_op1) refers (Special) to usenofp.o(x$fpl$usenofp) for __I$use$fp
    btod.o(CL$$btod_d2e_norm_op1) refers to btod.o(CL$$btod_d2e_denorm_low) for _d2e_denorm_low
    btod.o(CL$$btod_d2e_denorm_low) refers (Special) to usenofp.o(x$fpl$usenofp) for __I$use$fp
    btod.o(CL$$btod_emul) refers (Special) to usenofp.o(x$fpl$usenofp) for __I$use$fp
    btod.o(CL$$btod_emul) refers to btod.o(CL$$btod_mult_common) for __btod_mult_common
    btod.o(CL$$btod_emul) refers to btod.o(CL$$btod_e2e) for _e2e
    btod.o(CL$$btod_ediv) refers (Special) to usenofp.o(x$fpl$usenofp) for __I$use$fp
    btod.o(CL$$btod_ediv) refers to btod.o(CL$$btod_div_common) for __btod_div_common
    btod.o(CL$$btod_ediv) refers to btod.o(CL$$btod_e2e) for _e2e
    btod.o(CL$$btod_emuld) refers (Special) to usenofp.o(x$fpl$usenofp) for __I$use$fp
    btod.o(CL$$btod_emuld) refers to btod.o(CL$$btod_mult_common) for __btod_mult_common
    btod.o(CL$$btod_emuld) refers to btod.o(CL$$btod_e2d) for _e2d
    btod.o(CL$$btod_edivd) refers (Special) to usenofp.o(x$fpl$usenofp) for __I$use$fp
    btod.o(CL$$btod_edivd) refers to btod.o(CL$$btod_div_common) for __btod_div_common
    btod.o(CL$$btod_edivd) refers to btod.o(CL$$btod_e2d) for _e2d
    btod.o(CL$$btod_e2e) refers (Special) to usenofp.o(x$fpl$usenofp) for __I$use$fp
    btod.o(CL$$btod_e2d) refers (Special) to usenofp.o(x$fpl$usenofp) for __I$use$fp
    btod.o(CL$$btod_e2d) refers to btod.o(CL$$btod_e2e) for _e2e
    btod.o(CL$$btod_mult_common) refers (Special) to usenofp.o(x$fpl$usenofp) for __I$use$fp
    btod.o(CL$$btod_div_common) refers (Special) to usenofp.o(x$fpl$usenofp) for __I$use$fp
    btod_accurate.o(.text) refers to btod_accurate_common.o(.text) for _btod_common
    lc_numeric_c.o(locale$$data) refers (Special) to libinit2.o(.ARM.Collect$$libinit$$00000016) for __rt_lib_init_lc_numeric_2
    lc_numeric_c.o(locale$$code) refers (Special) to libinit2.o(.ARM.Collect$$libinit$$00000016) for __rt_lib_init_lc_numeric_2
    lc_numeric_c.o(locale$$code) refers to strcmpv7em.o(.text) for strcmp
    lc_numeric_c.o(locale$$code) refers to lc_numeric_c.o(locale$$data) for __lcnum_c_name
    dcmpi.o(x$fpl$dcmpinf) refers (Special) to usenofp.o(x$fpl$usenofp) for __I$use$fp
    istatus.o(x$fpl$ieeestatus) refers (Special) to usenofp.o(x$fpl$usenofp) for __I$use$fp
    fpclassify.o(i.__ARM_fpclassify) refers (Special) to usenofp.o(x$fpl$usenofp) for __I$use$fp
    libspace.o(.text) refers to libspace.o(.bss) for __libspace_start
    sys_stackheap_outer.o(.text) refers to libspace.o(.text) for __user_perproc_libspace
    sys_stackheap_outer.o(.text) refers to startup_mk64f12.o(.text) for __user_initial_stackheap
    btod_accurate_common.o(.text) refers to llushr.o(.text) for __aeabi_llsr
    exit.o(.text) refers to rtexit.o(.ARM.Collect$$rtexit$$00000000) for __rt_exit
    libinit.o(.ARM.Collect$$libinit$$00000000) refers (Special) to libinit2.o(.ARM.Collect$$libinit$$0000002E) for __rt_lib_init_alloca_1
    libinit.o(.ARM.Collect$$libinit$$00000000) refers (Special) to libinit2.o(.ARM.Collect$$libinit$$0000002C) for __rt_lib_init_argv_1
    libinit.o(.ARM.Collect$$libinit$$00000000) refers (Special) to libinit2.o(.ARM.Collect$$libinit$$0000001B) for __rt_lib_init_atexit_1
    libinit.o(.ARM.Collect$$libinit$$00000000) refers (Special) to libinit2.o(.ARM.Collect$$libinit$$00000021) for __rt_lib_init_clock_1
    libinit.o(.ARM.Collect$$libinit$$00000000) refers (Special) to libinit2.o(.ARM.Collect$$libinit$$00000032) for __rt_lib_init_cpp_1
    libinit.o(.ARM.Collect$$libinit$$00000000) refers (Special) to libinit2.o(.ARM.Collect$$libinit$$00000030) for __rt_lib_init_exceptions_1
    libinit.o(.ARM.Collect$$libinit$$00000000) refers (Special) to libinit2.o(.ARM.Collect$$libinit$$00000001) for __rt_lib_init_fp_1
    libinit.o(.ARM.Collect$$libinit$$00000000) refers (Special) to libinit2.o(.ARM.Collect$$libinit$$0000001F) for __rt_lib_init_fp_trap_1
    libinit.o(.ARM.Collect$$libinit$$00000000) refers (Special) to libinit2.o(.ARM.Collect$$libinit$$00000023) for __rt_lib_init_getenv_1
    libinit.o(.ARM.Collect$$libinit$$00000000) refers (Special) to libinit2.o(.ARM.Collect$$libinit$$0000000A) for __rt_lib_init_heap_1
    libinit.o(.ARM.Collect$$libinit$$00000000) refers (Special) to libinit2.o(.ARM.Collect$$libinit$$00000011) for __rt_lib_init_lc_collate_1
    libinit.o(.ARM.Collect$$libinit$$00000000) refers (Special) to libinit2.o(.ARM.Collect$$libinit$$00000013) for __rt_lib_init_lc_ctype_1
    libinit.o(.ARM.Collect$$libinit$$00000000) refers (Special) to libinit2.o(.ARM.Collect$$libinit$$00000015) for __rt_lib_init_lc_monetary_1
    libinit.o(.ARM.Collect$$libinit$$00000000) refers (Special) to libinit2.o(.ARM.Collect$$libinit$$00000017) for __rt_lib_init_lc_numeric_1
    libinit.o(.ARM.Collect$$libinit$$00000000) refers (Special) to libinit2.o(.ARM.Collect$$libinit$$00000019) for __rt_lib_init_lc_time_1
    libinit.o(.ARM.Collect$$libinit$$00000000) refers (Special) to libinit2.o(.ARM.Collect$$libinit$$00000004) for __rt_lib_init_preinit_1
    libinit.o(.ARM.Collect$$libinit$$00000000) refers (Special) to libinit2.o(.ARM.Collect$$libinit$$0000000E) for __rt_lib_init_rand_1
    libinit.o(.ARM.Collect$$libinit$$00000000) refers (Special) to libinit2.o(.ARM.Collect$$libinit$$00000033) for __rt_lib_init_return
    libinit.o(.ARM.Collect$$libinit$$00000000) refers (Special) to libinit2.o(.ARM.Collect$$libinit$$0000001D) for __rt_lib_init_signal_1
    libinit.o(.ARM.Collect$$libinit$$00000000) refers (Special) to libinit2.o(.ARM.Collect$$libinit$$00000025) for __rt_lib_init_stdio_1
    libinit.o(.ARM.Collect$$libinit$$00000000) refers (Special) to libinit2.o(.ARM.Collect$$libinit$$0000000C) for __rt_lib_init_user_alloc_1
    libinit2.o(.ARM.Collect$$libinit$$00000001) refers to fpinit.o(x$fpl$fpinit) for _fp_init
    libinit2.o(.ARM.Collect$$libinit$$0000000F) refers (Weak) to rt_locale_intlibspace.o(.text) for __rt_locale
    libinit2.o(.ARM.Collect$$libinit$$00000010) refers to libinit2.o(.ARM.Collect$$libinit$$0000000F) for .ARM.Collect$$libinit$$0000000F
    libinit2.o(.ARM.Collect$$libinit$$00000012) refers to libinit2.o(.ARM.Collect$$libinit$$0000000F) for .ARM.Collect$$libinit$$0000000F
    libinit2.o(.ARM.Collect$$libinit$$00000014) refers to libinit2.o(.ARM.Collect$$libinit$$0000000F) for .ARM.Collect$$libinit$$0000000F
    libinit2.o(.ARM.Collect$$libinit$$00000016) refers to libinit2.o(.ARM.Collect$$libinit$$0000000F) for .ARM.Collect$$libinit$$0000000F
    libinit2.o(.ARM.Collect$$libinit$$00000016) refers (Weak) to lc_numeric_c.o(locale$$code) for _get_lc_numeric
    libinit2.o(.ARM.Collect$$libinit$$00000018) refers to libinit2.o(.ARM.Collect$$libinit$$0000000F) for .ARM.Collect$$libinit$$0000000F
    libinit2.o(.ARM.Collect$$libinit$$00000026) refers to argv_veneer.o(.emb_text) for __ARM_argv_veneer
    libinit2.o(.ARM.Collect$$libinit$$00000027) refers to argv_veneer.o(.emb_text) for __ARM_argv_veneer
    rtexit.o(.ARM.Collect$$rtexit$$00000000) refers (Special) to rtexit2.o(.ARM.Collect$$rtexit$$00000004) for __rt_exit_exit
    rtexit.o(.ARM.Collect$$rtexit$$00000000) refers (Special) to rtexit2.o(.ARM.Collect$$rtexit$$00000003) for __rt_exit_ls
    rtexit.o(.ARM.Collect$$rtexit$$00000000) refers (Special) to rtexit2.o(.ARM.Collect$$rtexit$$00000002) for __rt_exit_prels_1
    rtexit.o(.ARM.exidx) refers (Special) to rtexit2.o(.ARM.Collect$$rtexit$$00000004) for __rt_exit_exit
    rtexit.o(.ARM.exidx) refers (Special) to rtexit2.o(.ARM.Collect$$rtexit$$00000003) for __rt_exit_ls
    rtexit.o(.ARM.exidx) refers (Special) to rtexit2.o(.ARM.Collect$$rtexit$$00000002) for __rt_exit_prels_1
    rtexit.o(.ARM.exidx) refers to rtexit.o(.ARM.Collect$$rtexit$$00000000) for .ARM.Collect$$rtexit$$00000000
    argv_veneer.o(.emb_text) refers to no_argv.o(.text) for __ARM_get_argv
    rtexit2.o(.ARM.Collect$$rtexit$$00000003) refers to libshutdown.o(.ARM.Collect$$libshutdown$$00000000) for __rt_lib_shutdown
    rtexit2.o(.ARM.Collect$$rtexit$$00000004) refers to sys_exit.o(.text) for _sys_exit
    rtexit2.o(.ARM.exidx) refers to rtexit2.o(.ARM.Collect$$rtexit$$00000001) for .ARM.Collect$$rtexit$$00000001
    rtexit2.o(.ARM.exidx) refers to rtexit2.o(.ARM.Collect$$rtexit$$00000003) for .ARM.Collect$$rtexit$$00000003
    rtexit2.o(.ARM.exidx) refers to rtexit2.o(.ARM.Collect$$rtexit$$00000004) for .ARM.Collect$$rtexit$$00000004
    _get_argv_nomalloc.o(.text) refers (Special) to hrguard.o(.text) for __heap_region$guard
    _get_argv_nomalloc.o(.text) refers to defsig_rtmem_outer.o(.text) for __rt_SIGRTMEM
    _get_argv_nomalloc.o(.text) refers to sys_command.o(.text) for _sys_command_string
    sys_command.o(.text) refers (Special) to use_no_semi.o(.text) for __I$use$semihosting
    sys_command.o(.text) refers (Special) to indicate_semi.o(.text) for __semihosting_library_function
    sys_exit.o(.text) refers (Special) to use_no_semi.o(.text) for __I$use$semihosting
    sys_exit.o(.text) refers (Special) to indicate_semi.o(.text) for __semihosting_library_function
    sys_command_hlt.o(.text) refers (Special) to use_no_semi.o(.text) for __I$use$semihosting
    sys_command_hlt.o(.text) refers (Special) to indicate_semi.o(.text) for __semihosting_library_function
    sys_exit_hlt.o(.text) refers (Special) to use_no_semi.o(.text) for __I$use$semihosting
    sys_exit_hlt.o(.text) refers (Special) to indicate_semi.o(.text) for __semihosting_library_function
    defsig_rtmem_outer.o(.text) refers to defsig_rtmem_inner.o(.text) for __rt_SIGRTMEM_inner
    defsig_rtmem_outer.o(.text) refers to defsig_exit.o(.text) for __sig_exit
    defsig_rtmem_formal.o(.text) refers to rt_raise.o(.text) for __rt_raise
    libshutdown.o(.ARM.Collect$$libshutdown$$00000000) refers (Special) to libshutdown2.o(.ARM.Collect$$libshutdown$$00000002) for __rt_lib_shutdown_cpp_1
    libshutdown.o(.ARM.Collect$$libshutdown$$00000000) refers (Special) to libshutdown2.o(.ARM.Collect$$libshutdown$$00000007) for __rt_lib_shutdown_fp_trap_1
    libshutdown.o(.ARM.Collect$$libshutdown$$00000000) refers (Special) to libshutdown2.o(.ARM.Collect$$libshutdown$$0000000F) for __rt_lib_shutdown_heap_1
    libshutdown.o(.ARM.Collect$$libshutdown$$00000000) refers (Special) to libshutdown2.o(.ARM.Collect$$libshutdown$$00000010) for __rt_lib_shutdown_return
    libshutdown.o(.ARM.Collect$$libshutdown$$00000000) refers (Special) to libshutdown2.o(.ARM.Collect$$libshutdown$$0000000A) for __rt_lib_shutdown_signal_1
    libshutdown.o(.ARM.Collect$$libshutdown$$00000000) refers (Special) to libshutdown2.o(.ARM.Collect$$libshutdown$$00000004) for __rt_lib_shutdown_stdio_1
    libshutdown.o(.ARM.Collect$$libshutdown$$00000000) refers (Special) to libshutdown2.o(.ARM.Collect$$libshutdown$$0000000C) for __rt_lib_shutdown_user_alloc_1
    rt_raise.o(.text) refers to __raise.o(.text) for __raise
    rt_raise.o(.text) refers to sys_exit.o(.text) for _sys_exit
    defsig_exit.o(.text) refers to sys_exit.o(.text) for _sys_exit
    defsig_rtmem_inner.o(.text) refers to defsig_general.o(.text) for __default_signal_display
    __raise.o(.text) refers to defsig.o(CL$$defsig) for __default_signal_handler
    defsig_general.o(.text) refers to sys_wrch.o(.text) for _ttywrch
    sys_wrch.o(.text) refers (Special) to use_no_semi.o(.text) for __I$use$semihosting
    sys_wrch.o(.text) refers (Special) to indicate_semi.o(.text) for __semihosting_library_function
    sys_wrch_hlt.o(.text) refers (Special) to use_no_semi.o(.text) for __I$use$semihosting
    sys_wrch_hlt.o(.text) refers (Special) to indicate_semi.o(.text) for __semihosting_library_function
    defsig.o(CL$$defsig) refers to defsig_rtmem_inner.o(.text) for __rt_SIGRTMEM_inner
    defsig_abrt_inner.o(.text) refers to defsig_general.o(.text) for __default_signal_display
    defsig_fpe_inner.o(.text) refers to defsig_general.o(.text) for __default_signal_display
    defsig_rtred_inner.o(.text) refers to defsig_general.o(.text) for __default_signal_display
    defsig_stak_inner.o(.text) refers to defsig_general.o(.text) for __default_signal_display
    defsig_pvfn_inner.o(.text) refers to defsig_general.o(.text) for __default_signal_display
    defsig_cppl_inner.o(.text) refers to defsig_general.o(.text) for __default_signal_display
    defsig_segv_inner.o(.text) refers to defsig_general.o(.text) for __default_signal_display
    defsig_other.o(.text) refers to defsig_general.o(.text) for __default_signal_display


==============================================================================

Removing Unused input sections from the image.

    Removing main.o(.text), (0 bytes).
    Removing main.o(.ARM.exidx.text.main), (8 bytes).
    Removing main.o(.ARM.exidx.text.initFTM), (8 bytes).
    Removing main.o(.text.delay), (36 bytes).
    Removing main.o(.ARM.exidx.text.delay), (8 bytes).
    Removing main.o(.ARM.exidx.text.__NVIC_EnableIRQ), (8 bytes).
    Removing main.o(.ARM.exidx.text.FTM0_IRQHandler), (8 bytes).
    Removing main.o(.ARM.use_no_argv), (4 bytes).
    Removing uart.o(.text), (0 bytes).
    Removing uart.o(.ARM.exidx.text.uart0_init), (8 bytes).
    Removing uart.o(.text.uart3_init), (130 bytes).
    Removing uart.o(.ARM.exidx.text.uart3_init), (8 bytes).
    Removing uart.o(.text.uart0_getchar), (18 bytes).
    Removing uart.o(.ARM.exidx.text.uart0_getchar), (8 bytes).
    Removing uart.o(.ARM.exidx.text.uart0_putchar), (8 bytes).
    Removing uart.o(.ARM.exidx.text.uart0_put), (8 bytes).
    Removing uart.o(.text.uart3_getchar), (18 bytes).
    Removing uart.o(.ARM.exidx.text.uart3_getchar), (8 bytes).
    Removing uart.o(.text.uart3_putchar), (22 bytes).
    Removing uart.o(.ARM.exidx.text.uart3_putchar), (8 bytes).
    Removing uart.o(.text.uart3_put), (28 bytes).
    Removing uart.o(.ARM.exidx.text.uart3_put), (8 bytes).
    Removing adc.o(.text), (0 bytes).
    Removing adc.o(.ARM.exidx.text.ADC1_INIT), (8 bytes).
    Removing adc.o(.ARM.exidx.text.__NVIC_EnableIRQ), (8 bytes).
    Removing adc.o(.ARM.exidx.text.ADC1_IRQHandler), (8 bytes).
    Removing pdb.o(.text), (0 bytes).
    Removing pdb.o(.ARM.exidx.text.PDB_INIT), (8 bytes).
    Removing dac.o(.text), (0 bytes).
    Removing dac.o(.ARM.exidx.text.DAC0_INIT), (8 bytes).
    Removing system_mk64f12.o(.text), (0 bytes).
    Removing system_mk64f12.o(.ARM.exidx.text.SystemInit), (8 bytes).
    Removing system_mk64f12.o(.text.SystemCoreClockUpdate), (278 bytes).
    Removing system_mk64f12.o(.ARM.exidx.text.SystemCoreClockUpdate), (8 bytes).
    Removing system_mk64f12.o(.data.SystemCoreClock), (4 bytes).

35 unused section(s) (total 698 bytes) removed from the image.

==============================================================================

Image Symbol Table

    Local Symbols

    Symbol Name                              Value     Ov Type        Size  Object(Section)

    ../clib/angel/boardlib.s                 0x00000000   Number         0  boardinit1.o ABSOLUTE
    ../clib/angel/boardlib.s                 0x00000000   Number         0  boardinit2.o ABSOLUTE
    ../clib/angel/boardlib.s                 0x00000000   Number         0  boardinit3.o ABSOLUTE
    ../clib/angel/boardlib.s                 0x00000000   Number         0  boardshut.o ABSOLUTE
    ../clib/angel/handlers.s                 0x00000000   Number         0  __scatter_zi.o ABSOLUTE
    ../clib/angel/kernel.s                   0x00000000   Number         0  __rtentry.o ABSOLUTE
    ../clib/angel/kernel.s                   0x00000000   Number         0  __rtentry2.o ABSOLUTE
    ../clib/angel/kernel.s                   0x00000000   Number         0  __rtentry4.o ABSOLUTE
    ../clib/angel/kernel.s                   0x00000000   Number         0  rtexit.o ABSOLUTE
    ../clib/angel/kernel.s                   0x00000000   Number         0  rtexit2.o ABSOLUTE
    ../clib/angel/rt.s                       0x00000000   Number         0  rt_locale.o ABSOLUTE
    ../clib/angel/rt.s                       0x00000000   Number         0  rt_locale_intlibspace.o ABSOLUTE
    ../clib/angel/rt.s                       0x00000000   Number         0  rt_raise.o ABSOLUTE
    ../clib/angel/scatter.s                  0x00000000   Number         0  __scatter.o ABSOLUTE
    ../clib/angel/startup.s                  0x00000000   Number         0  __main.o ABSOLUTE
    ../clib/angel/sys.s                      0x00000000   Number         0  libspace.o ABSOLUTE
    ../clib/angel/sys.s                      0x00000000   Number         0  sys_stackheap_outer.o ABSOLUTE
    ../clib/angel/sys.s                      0x00000000   Number         0  use_no_semi.o ABSOLUTE
    ../clib/angel/sys.s                      0x00000000   Number         0  indicate_semi.o ABSOLUTE
    ../clib/angel/sysapp.c                   0x00000000   Number         0  sys_command.o ABSOLUTE
    ../clib/angel/sysapp.c                   0x00000000   Number         0  sys_exit.o ABSOLUTE
    ../clib/angel/sysapp.c                   0x00000000   Number         0  sys_command_hlt.o ABSOLUTE
    ../clib/angel/sysapp.c                   0x00000000   Number         0  sys_exit_hlt.o ABSOLUTE
    ../clib/angel/sysapp.c                   0x00000000   Number         0  sys_wrch.o ABSOLUTE
    ../clib/angel/sysapp.c                   0x00000000   Number         0  sys_wrch_hlt.o ABSOLUTE
    ../clib/armsys.c                         0x00000000   Number         0  argv_veneer.o ABSOLUTE
    ../clib/armsys.c                         0x00000000   Number         0  argv_veneer.o ABSOLUTE
    ../clib/armsys.c                         0x00000000   Number         0  _get_argv_nomalloc.o ABSOLUTE
    ../clib/armsys.c                         0x00000000   Number         0  no_argv.o ABSOLUTE
    ../clib/bigflt.c                         0x00000000   Number         0  bigflt0.o ABSOLUTE
    ../clib/btod.s                           0x00000000   Number         0  btod.o ABSOLUTE
    ../clib/btod_accurate.c                  0x00000000   Number         0  btod_accurate.o ABSOLUTE
    ../clib/btod_accurate.c                  0x00000000   Number         0  btod_accurate_common.o ABSOLUTE
    ../clib/heapalloc.c                      0x00000000   Number         0  hrguard.o ABSOLUTE
    ../clib/heapaux.c                        0x00000000   Number         0  heapauxi.o ABSOLUTE
    ../clib/libinit.s                        0x00000000   Number         0  libinit.o ABSOLUTE
    ../clib/libinit.s                        0x00000000   Number         0  libinit2.o ABSOLUTE
    ../clib/libinit.s                        0x00000000   Number         0  libshutdown.o ABSOLUTE
    ../clib/libinit.s                        0x00000000   Number         0  libshutdown2.o ABSOLUTE
    ../clib/locale.s                         0x00000000   Number         0  lc_numeric_c.o ABSOLUTE
    ../clib/longlong.s                       0x00000000   Number         0  lludiv10.o ABSOLUTE
    ../clib/longlong.s                       0x00000000   Number         0  llushr.o ABSOLUTE
    ../clib/memcpset.s                       0x00000000   Number         0  strcmpv7em.o ABSOLUTE
    ../clib/printf.c                         0x00000000   Number         0  __2sprintf.o ABSOLUTE
    ../clib/printf.c                         0x00000000   Number         0  noretval__2sprintf.o ABSOLUTE
    ../clib/printf.c                         0x00000000   Number         0  __printf.o ABSOLUTE
    ../clib/printf.c                         0x00000000   Number         0  __printf_flags.o ABSOLUTE
    ../clib/printf.c                         0x00000000   Number         0  __printf_ss.o ABSOLUTE
    ../clib/printf.c                         0x00000000   Number         0  __printf_flags_ss.o ABSOLUTE
    ../clib/printf.c                         0x00000000   Number         0  __printf_wp.o ABSOLUTE
    ../clib/printf.c                         0x00000000   Number         0  __printf_flags_wp.o ABSOLUTE
    ../clib/printf.c                         0x00000000   Number         0  __printf_ss_wp.o ABSOLUTE
    ../clib/printf.c                         0x00000000   Number         0  __printf_flags_ss_wp.o ABSOLUTE
    ../clib/printf.c                         0x00000000   Number         0  _printf_fp_dec.o ABSOLUTE
    ../clib/printf.c                         0x00000000   Number         0  _printf_fp_dec_accurate.o ABSOLUTE
    ../clib/printf.c                         0x00000000   Number         0  _printf_char_common.o ABSOLUTE
    ../clib/printf.c                         0x00000000   Number         0  _sputc.o ABSOLUTE
    ../clib/printf.c                         0x00000000   Number         0  _printf_fp_infnan.o ABSOLUTE
    ../clib/printf.c                         0x00000000   Number         0  __printf_nopercent.o ABSOLUTE
    ../clib/printf_percent.s                 0x00000000   Number         0  _printf_f.o ABSOLUTE
    ../clib/printf_percent.s                 0x00000000   Number         0  _printf_percent.o ABSOLUTE
    ../clib/printf_percent.s                 0x00000000   Number         0  _printf_percent_end.o ABSOLUTE
    ../clib/signal.c                         0x00000000   Number         0  defsig_rtmem_outer.o ABSOLUTE
    ../clib/signal.c                         0x00000000   Number         0  defsig_rtmem_formal.o ABSOLUTE
    ../clib/signal.c                         0x00000000   Number         0  defsig_exit.o ABSOLUTE
    ../clib/signal.c                         0x00000000   Number         0  defsig_rtmem_inner.o ABSOLUTE
    ../clib/signal.c                         0x00000000   Number         0  __raise.o ABSOLUTE
    ../clib/signal.c                         0x00000000   Number         0  defsig_general.o ABSOLUTE
    ../clib/signal.c                         0x00000000   Number         0  defsig_abrt_inner.o ABSOLUTE
    ../clib/signal.c                         0x00000000   Number         0  defsig_fpe_inner.o ABSOLUTE
    ../clib/signal.c                         0x00000000   Number         0  defsig_rtred_inner.o ABSOLUTE
    ../clib/signal.c                         0x00000000   Number         0  defsig_stak_inner.o ABSOLUTE
    ../clib/signal.c                         0x00000000   Number         0  defsig_pvfn_inner.o ABSOLUTE
    ../clib/signal.c                         0x00000000   Number         0  defsig_cppl_inner.o ABSOLUTE
    ../clib/signal.c                         0x00000000   Number         0  defsig_segv_inner.o ABSOLUTE
    ../clib/signal.c                         0x00000000   Number         0  defsig_other.o ABSOLUTE
    ../clib/signal.s                         0x00000000   Number         0  defsig.o ABSOLUTE
    ../clib/stdlib.c                         0x00000000   Number         0  exit.o ABSOLUTE
    ../fplib/dcmp.s                          0x00000000   Number         0  dcmp.o ABSOLUTE
    ../fplib/dcmpi.s                         0x00000000   Number         0  dcmpi.o ABSOLUTE
    ../fplib/ddiv.s                          0x00000000   Number         0  ddiv.o ABSOLUTE
    ../fplib/deqf.s                          0x00000000   Number         0  deqf.o ABSOLUTE
    ../fplib/dflt.s                          0x00000000   Number         0  dflt_clz.o ABSOLUTE
    ../fplib/dgeqf.s                         0x00000000   Number         0  dgeqf.o ABSOLUTE
    ../fplib/dleqf.s                         0x00000000   Number         0  dleqf.o ABSOLUTE
    ../fplib/dmul.s                          0x00000000   Number         0  dmul.o ABSOLUTE
    ../fplib/dnaninf.s                       0x00000000   Number         0  dnaninf.o ABSOLUTE
    ../fplib/dretinf.s                       0x00000000   Number         0  dretinf.o ABSOLUTE
    ../fplib/fpinit.s                        0x00000000   Number         0  fpinit.o ABSOLUTE
    ../fplib/istatus.s                       0x00000000   Number         0  istatus.o ABSOLUTE
    ../fplib/printf1.s                       0x00000000   Number         0  printf1.o ABSOLUTE
    ../fplib/usenofp.s                       0x00000000   Number         0  usenofp.o ABSOLUTE
    ../mathlib/fpclassify.c                  0x00000000   Number         0  fpclassify.o ABSOLUTE
    RTE/Device/MK64FN1M0xxx12/startup_MK64F12.s 0x00000000   Number         0  startup_mk64f12.o ABSOLUTE
    adc.c                                    0x00000000   Number         0  adc.o ABSOLUTE
    dac.c                                    0x00000000   Number         0  dac.o ABSOLUTE
    dc.s                                     0x00000000   Number         0  dc.o ABSOLUTE
    main.c                                   0x00000000   Number         0  main.o ABSOLUTE
    pdb.c                                    0x00000000   Number         0  pdb.o ABSOLUTE
    system_MK64F12.c                         0x00000000   Number         0  system_mk64f12.o ABSOLUTE
    uart.c                                   0x00000000   Number         0  uart.o ABSOLUTE
    RESET                                    0x00000000   Section     1024  startup_mk64f12.o(RESET)
    .ARM.__at_0x400                          0x00000400   Section       16  startup_mk64f12.o(.ARM.__at_0x400)
    !!!main                                  0x00000410   Section        8  __main.o(!!!main)
    !!!scatter                               0x00000418   Section       52  __scatter.o(!!!scatter)
    !!handler_zi                             0x0000044c   Section       28  __scatter_zi.o(!!handler_zi)
    .ARM.Collect$$_printf_percent$$00000000  0x00000468   Section        0  _printf_percent.o(.ARM.Collect$$_printf_percent$$00000000)
    .ARM.Collect$$_printf_percent$$00000003  0x00000468   Section        6  _printf_f.o(.ARM.Collect$$_printf_percent$$00000003)
    .ARM.Collect$$_printf_percent$$00000017  0x0000046e   Section        4  _printf_percent_end.o(.ARM.Collect$$_printf_percent$$00000017)
    .ARM.Collect$$libinit$$00000000          0x00000472   Section        2  libinit.o(.ARM.Collect$$libinit$$00000000)
    .ARM.Collect$$libinit$$00000001          0x00000474   Section        4  libinit2.o(.ARM.Collect$$libinit$$00000001)
    .ARM.Collect$$libinit$$00000004          0x00000478   Section        0  libinit2.o(.ARM.Collect$$libinit$$00000004)
    .ARM.Collect$$libinit$$0000000A          0x00000478   Section        0  libinit2.o(.ARM.Collect$$libinit$$0000000A)
    .ARM.Collect$$libinit$$0000000C          0x00000478   Section        0  libinit2.o(.ARM.Collect$$libinit$$0000000C)
    .ARM.Collect$$libinit$$0000000E          0x00000478   Section        0  libinit2.o(.ARM.Collect$$libinit$$0000000E)
    .ARM.Collect$$libinit$$0000000F          0x00000478   Section        6  libinit2.o(.ARM.Collect$$libinit$$0000000F)
    .ARM.Collect$$libinit$$00000011          0x0000047e   Section        0  libinit2.o(.ARM.Collect$$libinit$$00000011)
    .ARM.Collect$$libinit$$00000013          0x0000047e   Section        0  libinit2.o(.ARM.Collect$$libinit$$00000013)
    .ARM.Collect$$libinit$$00000015          0x0000047e   Section        0  libinit2.o(.ARM.Collect$$libinit$$00000015)
    .ARM.Collect$$libinit$$00000016          0x0000047e   Section       10  libinit2.o(.ARM.Collect$$libinit$$00000016)
    .ARM.Collect$$libinit$$00000017          0x00000488   Section        0  libinit2.o(.ARM.Collect$$libinit$$00000017)
    .ARM.Collect$$libinit$$00000019          0x00000488   Section        0  libinit2.o(.ARM.Collect$$libinit$$00000019)
    .ARM.Collect$$libinit$$0000001B          0x00000488   Section        0  libinit2.o(.ARM.Collect$$libinit$$0000001B)
    .ARM.Collect$$libinit$$0000001D          0x00000488   Section        0  libinit2.o(.ARM.Collect$$libinit$$0000001D)
    .ARM.Collect$$libinit$$0000001F          0x00000488   Section        0  libinit2.o(.ARM.Collect$$libinit$$0000001F)
    .ARM.Collect$$libinit$$00000021          0x00000488   Section        0  libinit2.o(.ARM.Collect$$libinit$$00000021)
    .ARM.Collect$$libinit$$00000023          0x00000488   Section        0  libinit2.o(.ARM.Collect$$libinit$$00000023)
    .ARM.Collect$$libinit$$00000025          0x00000488   Section        0  libinit2.o(.ARM.Collect$$libinit$$00000025)
    .ARM.Collect$$libinit$$0000002C          0x00000488   Section        0  libinit2.o(.ARM.Collect$$libinit$$0000002C)
    .ARM.Collect$$libinit$$0000002E          0x00000488   Section        0  libinit2.o(.ARM.Collect$$libinit$$0000002E)
    .ARM.Collect$$libinit$$00000030          0x00000488   Section        0  libinit2.o(.ARM.Collect$$libinit$$00000030)
    .ARM.Collect$$libinit$$00000032          0x00000488   Section        0  libinit2.o(.ARM.Collect$$libinit$$00000032)
    .ARM.Collect$$libinit$$00000033          0x00000488   Section        2  libinit2.o(.ARM.Collect$$libinit$$00000033)
    .ARM.Collect$$libshutdown$$00000000      0x0000048a   Section        2  libshutdown.o(.ARM.Collect$$libshutdown$$00000000)
    .ARM.Collect$$libshutdown$$00000002      0x0000048c   Section        0  libshutdown2.o(.ARM.Collect$$libshutdown$$00000002)
    .ARM.Collect$$libshutdown$$00000004      0x0000048c   Section        0  libshutdown2.o(.ARM.Collect$$libshutdown$$00000004)
    .ARM.Collect$$libshutdown$$00000007      0x0000048c   Section        0  libshutdown2.o(.ARM.Collect$$libshutdown$$00000007)
    .ARM.Collect$$libshutdown$$0000000A      0x0000048c   Section        0  libshutdown2.o(.ARM.Collect$$libshutdown$$0000000A)
    .ARM.Collect$$libshutdown$$0000000C      0x0000048c   Section        0  libshutdown2.o(.ARM.Collect$$libshutdown$$0000000C)
    .ARM.Collect$$libshutdown$$0000000F      0x0000048c   Section        0  libshutdown2.o(.ARM.Collect$$libshutdown$$0000000F)
    .ARM.Collect$$libshutdown$$00000010      0x0000048c   Section        2  libshutdown2.o(.ARM.Collect$$libshutdown$$00000010)
    .ARM.Collect$$rtentry$$00000000          0x0000048e   Section        0  __rtentry.o(.ARM.Collect$$rtentry$$00000000)
    .ARM.Collect$$rtentry$$00000002          0x0000048e   Section        0  __rtentry2.o(.ARM.Collect$$rtentry$$00000002)
    .ARM.Collect$$rtentry$$00000004          0x0000048e   Section        6  __rtentry4.o(.ARM.Collect$$rtentry$$00000004)
    .ARM.Collect$$rtentry$$00000009          0x00000494   Section        0  __rtentry2.o(.ARM.Collect$$rtentry$$00000009)
    .ARM.Collect$$rtentry$$0000000A          0x00000494   Section        4  __rtentry2.o(.ARM.Collect$$rtentry$$0000000A)
    .ARM.Collect$$rtentry$$0000000C          0x00000498   Section        0  __rtentry2.o(.ARM.Collect$$rtentry$$0000000C)
    .ARM.Collect$$rtentry$$0000000D          0x00000498   Section        8  __rtentry2.o(.ARM.Collect$$rtentry$$0000000D)
    .ARM.Collect$$rtexit$$00000000           0x000004a0   Section        2  rtexit.o(.ARM.Collect$$rtexit$$00000000)
    .ARM.Collect$$rtexit$$00000002           0x000004a2   Section        0  rtexit2.o(.ARM.Collect$$rtexit$$00000002)
    .ARM.Collect$$rtexit$$00000003           0x000004a2   Section        4  rtexit2.o(.ARM.Collect$$rtexit$$00000003)
    .ARM.Collect$$rtexit$$00000004           0x000004a6   Section        6  rtexit2.o(.ARM.Collect$$rtexit$$00000004)
    $v0                                      0x000004ac   Number         0  startup_mk64f12.o(.text)
    .text                                    0x000004ac   Section       72  startup_mk64f12.o(.text)
    .text                                    0x000004f4   Section        0  noretval__2sprintf.o(.text)
    .text                                    0x0000051c   Section        0  __printf.o(.text)
    .text                                    0x00000584   Section        0  heapauxi.o(.text)
    _fp_digits                               0x0000058b   Thumb Code   432  _printf_fp_dec.o(.text)
    .text                                    0x0000058a   Section        0  _printf_fp_dec.o(.text)
    _printf_input_char                       0x000009a9   Thumb Code    10  _printf_char_common.o(.text)
    .text                                    0x000009a8   Section        0  _printf_char_common.o(.text)
    .text                                    0x000009d8   Section        0  _sputc.o(.text)
    .text                                    0x000009e4   Section        8  rt_locale_intlibspace.o(.text)
    .text                                    0x000009ec   Section      138  lludiv10.o(.text)
    .text                                    0x00000a78   Section        0  _printf_fp_infnan.o(.text)
    .text                                    0x00000af8   Section        0  bigflt0.o(.text)
    .text                                    0x00000bdc   Section        8  libspace.o(.text)
    .text                                    0x00000be4   Section       74  sys_stackheap_outer.o(.text)
    .text                                    0x00000c2e   Section        0  exit.o(.text)
    .text                                    0x00000c40   Section      124  strcmpv7em.o(.text)
    .text                                    0x00000cbc   Section        0  sys_exit.o(.text)
    .text                                    0x00000cc8   Section        2  use_no_semi.o(.text)
    .text                                    0x00000cca   Section        0  indicate_semi.o(.text)
    [Anonymous Symbol]                       0x00000ccc   Section        0  adc.o(.text.ADC1_INIT)
    [Anonymous Symbol]                       0x00000d3c   Section        0  adc.o(.text.ADC1_IRQHandler)
    [Anonymous Symbol]                       0x00000d5c   Section        0  dac.o(.text.DAC0_INIT)
    [Anonymous Symbol]                       0x00000d80   Section        0  main.o(.text.FTM0_IRQHandler)
    [Anonymous Symbol]                       0x00000da0   Section        0  pdb.o(.text.PDB_INIT)
    [Anonymous Symbol]                       0x00000dcc   Section        0  system_mk64f12.o(.text.SystemInit)
    __NVIC_EnableIRQ                         0x00000e69   Thumb Code    16  main.o(.text.__NVIC_EnableIRQ)
    [Anonymous Symbol]                       0x00000e68   Section        0  main.o(.text.__NVIC_EnableIRQ)
    __NVIC_EnableIRQ                         0x00000e79   Thumb Code    16  adc.o(.text.__NVIC_EnableIRQ)
    [Anonymous Symbol]                       0x00000e78   Section        0  adc.o(.text.__NVIC_EnableIRQ)
    [Anonymous Symbol]                       0x00000e88   Section        0  main.o(.text.initFTM)
    [Anonymous Symbol]                       0x00000ed0   Section        0  main.o(.text.main)
    [Anonymous Symbol]                       0x000010b4   Section        0  uart.o(.text.uart0_init)
    [Anonymous Symbol]                       0x00001138   Section        0  uart.o(.text.uart0_put)
    [Anonymous Symbol]                       0x00001154   Section        0  uart.o(.text.uart0_putchar)
    CL$$btod_d2e                             0x0000116a   Section       62  btod.o(CL$$btod_d2e)
    CL$$btod_d2e_denorm_low                  0x000011a8   Section       70  btod.o(CL$$btod_d2e_denorm_low)
    CL$$btod_d2e_norm_op1                    0x000011ee   Section       96  btod.o(CL$$btod_d2e_norm_op1)
    CL$$btod_div_common                      0x0000124e   Section      824  btod.o(CL$$btod_div_common)
    CL$$btod_e2e                             0x00001586   Section      220  btod.o(CL$$btod_e2e)
    CL$$btod_ediv                            0x00001662   Section       42  btod.o(CL$$btod_ediv)
    CL$$btod_emul                            0x0000168c   Section       42  btod.o(CL$$btod_emul)
    CL$$btod_mult_common                     0x000016b6   Section      580  btod.o(CL$$btod_mult_common)
    i.__ARM_fpclassify                       0x000018fa   Section        0  fpclassify.o(i.__ARM_fpclassify)
    locale$$code                             0x0000192c   Section       44  lc_numeric_c.o(locale$$code)
    $v0                                      0x00001958   Number         0  dcmpi.o(x$fpl$dcmpinf)
    x$fpl$dcmpinf                            0x00001958   Section       24  dcmpi.o(x$fpl$dcmpinf)
    $v0                                      0x00001970   Number         0  ddiv.o(x$fpl$ddiv)
    x$fpl$ddiv                               0x00001970   Section      688  ddiv.o(x$fpl$ddiv)
    ddiv_entry                               0x00001977   Thumb Code     0  ddiv.o(x$fpl$ddiv)
    $v0                                      0x00001c20   Number         0  deqf.o(x$fpl$deqf)
    x$fpl$deqf                               0x00001c20   Section      120  deqf.o(x$fpl$deqf)
    $v0                                      0x00001c98   Number         0  dflt_clz.o(x$fpl$dflt)
    x$fpl$dflt                               0x00001c98   Section       46  dflt_clz.o(x$fpl$dflt)
    $v0                                      0x00001cc6   Number         0  dflt_clz.o(x$fpl$dfltu)
    x$fpl$dfltu                              0x00001cc6   Section       38  dflt_clz.o(x$fpl$dfltu)
    $v0                                      0x00001cec   Number         0  dgeqf.o(x$fpl$dgeqf)
    x$fpl$dgeqf                              0x00001cec   Section      120  dgeqf.o(x$fpl$dgeqf)
    $v0                                      0x00001d64   Number         0  dleqf.o(x$fpl$dleqf)
    x$fpl$dleqf                              0x00001d64   Section      120  dleqf.o(x$fpl$dleqf)
    $v0                                      0x00001ddc   Number         0  dmul.o(x$fpl$dmul)
    x$fpl$dmul                               0x00001ddc   Section      340  dmul.o(x$fpl$dmul)
    $v0                                      0x00001f30   Number         0  dnaninf.o(x$fpl$dnaninf)
    x$fpl$dnaninf                            0x00001f30   Section      156  dnaninf.o(x$fpl$dnaninf)
    $v0                                      0x00001fcc   Number         0  dretinf.o(x$fpl$dretinf)
    x$fpl$dretinf                            0x00001fcc   Section       12  dretinf.o(x$fpl$dretinf)
    $v0                                      0x00001fd8   Number         0  dcmp.o(x$fpl$fcmp)
    x$fpl$fcmp                               0x00001fd8   Section       84  dcmp.o(x$fpl$fcmp)
    $v0                                      0x0000202c   Number         0  fpinit.o(x$fpl$fpinit)
    x$fpl$fpinit                             0x0000202c   Section       26  fpinit.o(x$fpl$fpinit)
    $v0                                      0x00002046   Number         0  printf1.o(x$fpl$printf1)
    x$fpl$printf1                            0x00002046   Section        4  printf1.o(x$fpl$printf1)
    x$fpl$usenofp                            0x0000204a   Section        0  usenofp.o(x$fpl$usenofp)
    tenpwrs_x                                0x0000204c   Data          60  bigflt0.o(.constdata)
    .constdata                               0x0000204c   Section      148  bigflt0.o(.constdata)
    tenpwrs_i                                0x00002088   Data          64  bigflt0.o(.constdata)
    locale$$data                             0x000020f0   Section       28  lc_numeric_c.o(locale$$data)
    __lcnum_c_name                           0x000020f4   Data           2  lc_numeric_c.o(locale$$data)
    __lcnum_c_start                          0x000020fc   Data           0  lc_numeric_c.o(locale$$data)
    __lcnum_c_point                          0x00002108   Data           0  lc_numeric_c.o(locale$$data)
    __lcnum_c_thousands                      0x0000210a   Data           0  lc_numeric_c.o(locale$$data)
    __lcnum_c_grouping                       0x0000210b   Data           0  lc_numeric_c.o(locale$$data)
    __lcnum_c_end                            0x0000210c   Data           0  lc_numeric_c.o(locale$$data)
    .bss                                     0x20000000   Section       96  libspace.o(.bss)
    timer                                    0x20000060   Data           4  main.o(.bss.timer)
    [Anonymous Symbol]                       0x20000060   Section        0  main.o(.bss.timer)
    Heap_Mem                                 0x20000068   Data           0  startup_mk64f12.o(HEAP)
    Stack_Mem                                0x20000068   Data        1024  startup_mk64f12.o(STACK)
    HEAP                                     0x20000068   Section        0  startup_mk64f12.o(HEAP)
    STACK                                    0x20000068   Section     1024  startup_mk64f12.o(STACK)
    __initial_sp                             0x20000468   Data           0  startup_mk64f12.o(STACK)

    Global Symbols

    Symbol Name                              Value     Ov Type        Size  Object(Section)

    BuildAttributes$$THM_ISAv4$E$P$D$K$B$S$7EM$VFPi3$EXTD16$VFPS$VFMA$PE$A:L22UL41UL21$X:L11$S22US41US21$IEEE1$IW$~IW$USESV6$~STKCKD$USESV7$~SHL$OTIME$ROPI$IEEEJ$EBA8$UX$STANDARDLIB$REQ8$PRES8$EABIv2 0x00000000   Number         0  anon$$obj.o ABSOLUTE
    __Vectors                                0x00000000   Data           4  startup_mk64f12.o(RESET)
    __ARM_exceptions_init                     - Undefined Weak Reference
    __alloca_initialize                       - Undefined Weak Reference
    __arm_preinit_                            - Undefined Weak Reference
    __cpp_initialize__aeabi_                  - Undefined Weak Reference
    __cxa_finalize                            - Undefined Weak Reference
    __sigvec_lookup                           - Undefined Weak Reference
    _atexit_init                              - Undefined Weak Reference
    _call_atexit_fns                          - Undefined Weak Reference
    _clock_init                               - Undefined Weak Reference
    _fp_trap_init                             - Undefined Weak Reference
    _fp_trap_shutdown                         - Undefined Weak Reference
    _get_lc_collate                           - Undefined Weak Reference
    _get_lc_ctype                             - Undefined Weak Reference
    _get_lc_monetary                          - Undefined Weak Reference
    _get_lc_time                              - Undefined Weak Reference
    _getenv_init                              - Undefined Weak Reference
    _handle_redirection                       - Undefined Weak Reference
    _init_alloc                               - Undefined Weak Reference
    _init_user_alloc                          - Undefined Weak Reference
    _initio                                   - Undefined Weak Reference
    _printf_post_padding                      - Undefined Weak Reference
    _printf_pre_padding                       - Undefined Weak Reference
    _rand_init                                - Undefined Weak Reference
    _signal_finish                            - Undefined Weak Reference
    _signal_init                              - Undefined Weak Reference
    _terminate_alloc                          - Undefined Weak Reference
    _terminate_user_alloc                     - Undefined Weak Reference
    _terminateio                              - Undefined Weak Reference
    __Vectors_End                            0x00000400   Data           0  startup_mk64f12.o(RESET)
    __Vectors_Size                           0x00000400   Number         0  startup_mk64f12.o ABSOLUTE
    __main                                   0x00000411   Thumb Code     8  __main.o(!!!main)
    __scatterload                            0x00000419   Thumb Code     0  __scatter.o(!!!scatter)
    __scatterload_rt2                        0x00000419   Thumb Code    44  __scatter.o(!!!scatter)
    __scatterload_rt2_thumb_only             0x00000419   Thumb Code     0  __scatter.o(!!!scatter)
    __scatterload_null                       0x00000427   Thumb Code     0  __scatter.o(!!!scatter)
    __scatterload_zeroinit                   0x0000044d   Thumb Code    28  __scatter_zi.o(!!handler_zi)
    _printf_f                                0x00000469   Thumb Code     0  _printf_f.o(.ARM.Collect$$_printf_percent$$00000003)
    _printf_percent                          0x00000469   Thumb Code     0  _printf_percent.o(.ARM.Collect$$_printf_percent$$00000000)
    _printf_percent_end                      0x0000046f   Thumb Code     0  _printf_percent_end.o(.ARM.Collect$$_printf_percent$$00000017)
    __rt_lib_init                            0x00000473   Thumb Code     0  libinit.o(.ARM.Collect$$libinit$$00000000)
    __rt_lib_init_fp_1                       0x00000475   Thumb Code     0  libinit2.o(.ARM.Collect$$libinit$$00000001)
    __rt_lib_init_heap_1                     0x00000479   Thumb Code     0  libinit2.o(.ARM.Collect$$libinit$$0000000A)
    __rt_lib_init_lc_common                  0x00000479   Thumb Code     0  libinit2.o(.ARM.Collect$$libinit$$0000000F)
    __rt_lib_init_preinit_1                  0x00000479   Thumb Code     0  libinit2.o(.ARM.Collect$$libinit$$00000004)
    __rt_lib_init_rand_1                     0x00000479   Thumb Code     0  libinit2.o(.ARM.Collect$$libinit$$0000000E)
    __rt_lib_init_user_alloc_1               0x00000479   Thumb Code     0  libinit2.o(.ARM.Collect$$libinit$$0000000C)
    __rt_lib_init_lc_collate_1               0x0000047f   Thumb Code     0  libinit2.o(.ARM.Collect$$libinit$$00000011)
    __rt_lib_init_lc_ctype_1                 0x0000047f   Thumb Code     0  libinit2.o(.ARM.Collect$$libinit$$00000013)
    __rt_lib_init_lc_monetary_1              0x0000047f   Thumb Code     0  libinit2.o(.ARM.Collect$$libinit$$00000015)
    __rt_lib_init_lc_numeric_2               0x0000047f   Thumb Code     0  libinit2.o(.ARM.Collect$$libinit$$00000016)
    __rt_lib_init_alloca_1                   0x00000489   Thumb Code     0  libinit2.o(.ARM.Collect$$libinit$$0000002E)
    __rt_lib_init_argv_1                     0x00000489   Thumb Code     0  libinit2.o(.ARM.Collect$$libinit$$0000002C)
    __rt_lib_init_atexit_1                   0x00000489   Thumb Code     0  libinit2.o(.ARM.Collect$$libinit$$0000001B)
    __rt_lib_init_clock_1                    0x00000489   Thumb Code     0  libinit2.o(.ARM.Collect$$libinit$$00000021)
    __rt_lib_init_cpp_1                      0x00000489   Thumb Code     0  libinit2.o(.ARM.Collect$$libinit$$00000032)
    __rt_lib_init_exceptions_1               0x00000489   Thumb Code     0  libinit2.o(.ARM.Collect$$libinit$$00000030)
    __rt_lib_init_fp_trap_1                  0x00000489   Thumb Code     0  libinit2.o(.ARM.Collect$$libinit$$0000001F)
    __rt_lib_init_getenv_1                   0x00000489   Thumb Code     0  libinit2.o(.ARM.Collect$$libinit$$00000023)
    __rt_lib_init_lc_numeric_1               0x00000489   Thumb Code     0  libinit2.o(.ARM.Collect$$libinit$$00000017)
    __rt_lib_init_lc_time_1                  0x00000489   Thumb Code     0  libinit2.o(.ARM.Collect$$libinit$$00000019)
    __rt_lib_init_return                     0x00000489   Thumb Code     0  libinit2.o(.ARM.Collect$$libinit$$00000033)
    __rt_lib_init_signal_1                   0x00000489   Thumb Code     0  libinit2.o(.ARM.Collect$$libinit$$0000001D)
    __rt_lib_init_stdio_1                    0x00000489   Thumb Code     0  libinit2.o(.ARM.Collect$$libinit$$00000025)
    __rt_lib_shutdown                        0x0000048b   Thumb Code     0  libshutdown.o(.ARM.Collect$$libshutdown$$00000000)
    __rt_lib_shutdown_cpp_1                  0x0000048d   Thumb Code     0  libshutdown2.o(.ARM.Collect$$libshutdown$$00000002)
    __rt_lib_shutdown_fp_trap_1              0x0000048d   Thumb Code     0  libshutdown2.o(.ARM.Collect$$libshutdown$$00000007)
    __rt_lib_shutdown_heap_1                 0x0000048d   Thumb Code     0  libshutdown2.o(.ARM.Collect$$libshutdown$$0000000F)
    __rt_lib_shutdown_return                 0x0000048d   Thumb Code     0  libshutdown2.o(.ARM.Collect$$libshutdown$$00000010)
    __rt_lib_shutdown_signal_1               0x0000048d   Thumb Code     0  libshutdown2.o(.ARM.Collect$$libshutdown$$0000000A)
    __rt_lib_shutdown_stdio_1                0x0000048d   Thumb Code     0  libshutdown2.o(.ARM.Collect$$libshutdown$$00000004)
    __rt_lib_shutdown_user_alloc_1           0x0000048d   Thumb Code     0  libshutdown2.o(.ARM.Collect$$libshutdown$$0000000C)
    __rt_entry                               0x0000048f   Thumb Code     0  __rtentry.o(.ARM.Collect$$rtentry$$00000000)
    __rt_entry_presh_1                       0x0000048f   Thumb Code     0  __rtentry2.o(.ARM.Collect$$rtentry$$00000002)
    __rt_entry_sh                            0x0000048f   Thumb Code     0  __rtentry4.o(.ARM.Collect$$rtentry$$00000004)
    __rt_entry_li                            0x00000495   Thumb Code     0  __rtentry2.o(.ARM.Collect$$rtentry$$0000000A)
    __rt_entry_postsh_1                      0x00000495   Thumb Code     0  __rtentry2.o(.ARM.Collect$$rtentry$$00000009)
    __rt_entry_main                          0x00000499   Thumb Code     0  __rtentry2.o(.ARM.Collect$$rtentry$$0000000D)
    __rt_entry_postli_1                      0x00000499   Thumb Code     0  __rtentry2.o(.ARM.Collect$$rtentry$$0000000C)
    __rt_exit                                0x000004a1   Thumb Code     0  rtexit.o(.ARM.Collect$$rtexit$$00000000)
    __rt_exit_ls                             0x000004a3   Thumb Code     0  rtexit2.o(.ARM.Collect$$rtexit$$00000003)
    __rt_exit_prels_1                        0x000004a3   Thumb Code     0  rtexit2.o(.ARM.Collect$$rtexit$$00000002)
    __rt_exit_exit                           0x000004a7   Thumb Code     0  rtexit2.o(.ARM.Collect$$rtexit$$00000004)
    init_data_bss                            0x000004ad   Thumb Code     2  startup_mk64f12.o(.text)
    Reset_Handler                            0x000004af   Thumb Code    12  startup_mk64f12.o(.text)
    NMI_Handler                              0x000004bb   Thumb Code     2  startup_mk64f12.o(.text)
    HardFault_Handler                        0x000004bd   Thumb Code     2  startup_mk64f12.o(.text)
    MemManage_Handler                        0x000004bf   Thumb Code     2  startup_mk64f12.o(.text)
    BusFault_Handler                         0x000004c1   Thumb Code     2  startup_mk64f12.o(.text)
    UsageFault_Handler                       0x000004c3   Thumb Code     2  startup_mk64f12.o(.text)
    SVC_Handler                              0x000004c5   Thumb Code     2  startup_mk64f12.o(.text)
    DebugMon_Handler                         0x000004c7   Thumb Code     2  startup_mk64f12.o(.text)
    PendSV_Handler                           0x000004c9   Thumb Code     2  startup_mk64f12.o(.text)
    SysTick_Handler                          0x000004cb   Thumb Code     2  startup_mk64f12.o(.text)
    ADC0_IRQHandler                          0x000004cd   Thumb Code     0  startup_mk64f12.o(.text)
    CAN0_Bus_Off_IRQHandler                  0x000004cd   Thumb Code     0  startup_mk64f12.o(.text)
    CAN0_Error_IRQHandler                    0x000004cd   Thumb Code     0  startup_mk64f12.o(.text)
    CAN0_ORed_Message_buffer_IRQHandler      0x000004cd   Thumb Code     0  startup_mk64f12.o(.text)
    CAN0_Rx_Warning_IRQHandler               0x000004cd   Thumb Code     0  startup_mk64f12.o(.text)
    CAN0_Tx_Warning_IRQHandler               0x000004cd   Thumb Code     0  startup_mk64f12.o(.text)
    CAN0_Wake_Up_IRQHandler                  0x000004cd   Thumb Code     0  startup_mk64f12.o(.text)
    CMP0_IRQHandler                          0x000004cd   Thumb Code     0  startup_mk64f12.o(.text)
    CMP1_IRQHandler                          0x000004cd   Thumb Code     0  startup_mk64f12.o(.text)
    CMP2_IRQHandler                          0x000004cd   Thumb Code     0  startup_mk64f12.o(.text)
    CMT_IRQHandler                           0x000004cd   Thumb Code     0  startup_mk64f12.o(.text)
    DAC0_IRQHandler                          0x000004cd   Thumb Code     0  startup_mk64f12.o(.text)
    DAC1_IRQHandler                          0x000004cd   Thumb Code     0  startup_mk64f12.o(.text)
    DMA0_IRQHandler                          0x000004cd   Thumb Code     0  startup_mk64f12.o(.text)
    DMA10_IRQHandler                         0x000004cd   Thumb Code     0  startup_mk64f12.o(.text)
    DMA11_IRQHandler                         0x000004cd   Thumb Code     0  startup_mk64f12.o(.text)
    DMA12_IRQHandler                         0x000004cd   Thumb Code     0  startup_mk64f12.o(.text)
    DMA13_IRQHandler                         0x000004cd   Thumb Code     0  startup_mk64f12.o(.text)
    DMA14_IRQHandler                         0x000004cd   Thumb Code     0  startup_mk64f12.o(.text)
    DMA15_IRQHandler                         0x000004cd   Thumb Code     0  startup_mk64f12.o(.text)
    DMA1_IRQHandler                          0x000004cd   Thumb Code     0  startup_mk64f12.o(.text)
    DMA2_IRQHandler                          0x000004cd   Thumb Code     0  startup_mk64f12.o(.text)
    DMA3_IRQHandler                          0x000004cd   Thumb Code     0  startup_mk64f12.o(.text)
    DMA4_IRQHandler                          0x000004cd   Thumb Code     0  startup_mk64f12.o(.text)
    DMA5_IRQHandler                          0x000004cd   Thumb Code     0  startup_mk64f12.o(.text)
    DMA6_IRQHandler                          0x000004cd   Thumb Code     0  startup_mk64f12.o(.text)
    DMA7_IRQHandler                          0x000004cd   Thumb Code     0  startup_mk64f12.o(.text)
    DMA8_IRQHandler                          0x000004cd   Thumb Code     0  startup_mk64f12.o(.text)
    DMA9_IRQHandler                          0x000004cd   Thumb Code     0  startup_mk64f12.o(.text)
    DMA_Error_IRQHandler                     0x000004cd   Thumb Code     0  startup_mk64f12.o(.text)
    DefaultISR                               0x000004cd   Thumb Code     0  startup_mk64f12.o(.text)
    ENET_1588_Timer_IRQHandler               0x000004cd   Thumb Code     0  startup_mk64f12.o(.text)
    ENET_Error_IRQHandler                    0x000004cd   Thumb Code     0  startup_mk64f12.o(.text)
    ENET_Receive_IRQHandler                  0x000004cd   Thumb Code     0  startup_mk64f12.o(.text)
    ENET_Transmit_IRQHandler                 0x000004cd   Thumb Code     0  startup_mk64f12.o(.text)
    FTFE_IRQHandler                          0x000004cd   Thumb Code     0  startup_mk64f12.o(.text)
    FTM1_IRQHandler                          0x000004cd   Thumb Code     0  startup_mk64f12.o(.text)
    FTM2_IRQHandler                          0x000004cd   Thumb Code     0  startup_mk64f12.o(.text)
    FTM3_IRQHandler                          0x000004cd   Thumb Code     0  startup_mk64f12.o(.text)
    I2C0_IRQHandler                          0x000004cd   Thumb Code     0  startup_mk64f12.o(.text)
    I2C1_IRQHandler                          0x000004cd   Thumb Code     0  startup_mk64f12.o(.text)
    I2C2_IRQHandler                          0x000004cd   Thumb Code     0  startup_mk64f12.o(.text)
    I2S0_Rx_IRQHandler                       0x000004cd   Thumb Code     0  startup_mk64f12.o(.text)
    I2S0_Tx_IRQHandler                       0x000004cd   Thumb Code     0  startup_mk64f12.o(.text)
    LLW_IRQHandler                           0x000004cd   Thumb Code     0  startup_mk64f12.o(.text)
    LPTimer_IRQHandler                       0x000004cd   Thumb Code     0  startup_mk64f12.o(.text)
    LVD_LVW_IRQHandler                       0x000004cd   Thumb Code     0  startup_mk64f12.o(.text)
    MCG_IRQHandler                           0x000004cd   Thumb Code     0  startup_mk64f12.o(.text)
    MCM_IRQHandler                           0x000004cd   Thumb Code     0  startup_mk64f12.o(.text)
    PDB0_IRQHandler                          0x000004cd   Thumb Code     0  startup_mk64f12.o(.text)
    PIT0_IRQHandler                          0x000004cd   Thumb Code     0  startup_mk64f12.o(.text)
    PIT1_IRQHandler                          0x000004cd   Thumb Code     0  startup_mk64f12.o(.text)
    PIT2_IRQHandler                          0x000004cd   Thumb Code     0  startup_mk64f12.o(.text)
    PIT3_IRQHandler                          0x000004cd   Thumb Code     0  startup_mk64f12.o(.text)
    PORTA_IRQHandler                         0x000004cd   Thumb Code     0  startup_mk64f12.o(.text)
    PORTB_IRQHandler                         0x000004cd   Thumb Code     0  startup_mk64f12.o(.text)
    PORTC_IRQHandler                         0x000004cd   Thumb Code     0  startup_mk64f12.o(.text)
    PORTD_IRQHandler                         0x000004cd   Thumb Code     0  startup_mk64f12.o(.text)
    PORTE_IRQHandler                         0x000004cd   Thumb Code     0  startup_mk64f12.o(.text)
    RNG_IRQHandler                           0x000004cd   Thumb Code     0  startup_mk64f12.o(.text)
    RTC_IRQHandler                           0x000004cd   Thumb Code     0  startup_mk64f12.o(.text)
    RTC_Seconds_IRQHandler                   0x000004cd   Thumb Code     0  startup_mk64f12.o(.text)
    Read_Collision_IRQHandler                0x000004cd   Thumb Code     0  startup_mk64f12.o(.text)
    Reserved71_IRQHandler                    0x000004cd   Thumb Code     0  startup_mk64f12.o(.text)
    SDHC_IRQHandler                          0x000004cd   Thumb Code     0  startup_mk64f12.o(.text)
    SPI0_IRQHandler                          0x000004cd   Thumb Code     0  startup_mk64f12.o(.text)
    SPI1_IRQHandler                          0x000004cd   Thumb Code     0  startup_mk64f12.o(.text)
    SPI2_IRQHandler                          0x000004cd   Thumb Code     0  startup_mk64f12.o(.text)
    SWI_IRQHandler                           0x000004cd   Thumb Code     0  startup_mk64f12.o(.text)
    UART0_ERR_IRQHandler                     0x000004cd   Thumb Code     0  startup_mk64f12.o(.text)
    UART0_LON_IRQHandler                     0x000004cd   Thumb Code     0  startup_mk64f12.o(.text)
    UART0_RX_TX_IRQHandler                   0x000004cd   Thumb Code     0  startup_mk64f12.o(.text)
    UART1_ERR_IRQHandler                     0x000004cd   Thumb Code     0  startup_mk64f12.o(.text)
    UART1_RX_TX_IRQHandler                   0x000004cd   Thumb Code     0  startup_mk64f12.o(.text)
    UART2_ERR_IRQHandler                     0x000004cd   Thumb Code     0  startup_mk64f12.o(.text)
    UART2_RX_TX_IRQHandler                   0x000004cd   Thumb Code     0  startup_mk64f12.o(.text)
    UART3_ERR_IRQHandler                     0x000004cd   Thumb Code     0  startup_mk64f12.o(.text)
    UART3_RX_TX_IRQHandler                   0x000004cd   Thumb Code     0  startup_mk64f12.o(.text)
    UART4_ERR_IRQHandler                     0x000004cd   Thumb Code     0  startup_mk64f12.o(.text)
    UART4_RX_TX_IRQHandler                   0x000004cd   Thumb Code     0  startup_mk64f12.o(.text)
    UART5_ERR_IRQHandler                     0x000004cd   Thumb Code     0  startup_mk64f12.o(.text)
    UART5_RX_TX_IRQHandler                   0x000004cd   Thumb Code     0  startup_mk64f12.o(.text)
    USB0_IRQHandler                          0x000004cd   Thumb Code     0  startup_mk64f12.o(.text)
    USBDCD_IRQHandler                        0x000004cd   Thumb Code     0  startup_mk64f12.o(.text)
    Watchdog_IRQHandler                      0x000004cd   Thumb Code     0  startup_mk64f12.o(.text)
    __user_initial_stackheap                 0x000004d1   Thumb Code     0  startup_mk64f12.o(.text)
    __2sprintf                               0x000004f5   Thumb Code    34  noretval__2sprintf.o(.text)
    __printf                                 0x0000051d   Thumb Code   104  __printf.o(.text)
    __use_two_region_memory                  0x00000585   Thumb Code     2  heapauxi.o(.text)
    __rt_heap_escrow$2region                 0x00000587   Thumb Code     2  heapauxi.o(.text)
    __rt_heap_expand$2region                 0x00000589   Thumb Code     2  heapauxi.o(.text)
    _printf_fp_dec_real                      0x0000073b   Thumb Code   620  _printf_fp_dec.o(.text)
    _printf_char_common                      0x000009b3   Thumb Code    32  _printf_char_common.o(.text)
    _sputc                                   0x000009d9   Thumb Code    10  _sputc.o(.text)
    __rt_locale                              0x000009e5   Thumb Code     8  rt_locale_intlibspace.o(.text)
    _ll_udiv10                               0x000009ed   Thumb Code   138  lludiv10.o(.text)
    _printf_fp_infnan                        0x00000a79   Thumb Code   112  _printf_fp_infnan.o(.text)
    _btod_etento                             0x00000af9   Thumb Code   224  bigflt0.o(.text)
    __user_libspace                          0x00000bdd   Thumb Code     8  libspace.o(.text)
    __user_perproc_libspace                  0x00000bdd   Thumb Code     0  libspace.o(.text)
    __user_perthread_libspace                0x00000bdd   Thumb Code     0  libspace.o(.text)
    __user_setup_stackheap                   0x00000be5   Thumb Code    74  sys_stackheap_outer.o(.text)
    exit                                     0x00000c2f   Thumb Code    18  exit.o(.text)
    strcmp                                   0x00000c41   Thumb Code   124  strcmpv7em.o(.text)
    _sys_exit                                0x00000cbd   Thumb Code     8  sys_exit.o(.text)
    __I$use$semihosting                      0x00000cc9   Thumb Code     0  use_no_semi.o(.text)
    __use_no_semihosting_swi                 0x00000cc9   Thumb Code     2  use_no_semi.o(.text)
    __semihosting_library_function           0x00000ccb   Thumb Code     0  indicate_semi.o(.text)
    ADC1_INIT                                0x00000ccd   Thumb Code   112  adc.o(.text.ADC1_INIT)
    ADC1_IRQHandler                          0x00000d3d   Thumb Code    30  adc.o(.text.ADC1_IRQHandler)
    DAC0_INIT                                0x00000d5d   Thumb Code    34  dac.o(.text.DAC0_INIT)
    FTM0_IRQHandler                          0x00000d81   Thumb Code    32  main.o(.text.FTM0_IRQHandler)
    PDB_INIT                                 0x00000da1   Thumb Code    44  pdb.o(.text.PDB_INIT)
    SystemInit                               0x00000dcd   Thumb Code   154  system_mk64f12.o(.text.SystemInit)
    initFTM                                  0x00000e89   Thumb Code    72  main.o(.text.initFTM)
    main                                     0x00000ed1   Thumb Code   484  main.o(.text.main)
    uart0_init                               0x000010b5   Thumb Code   130  uart.o(.text.uart0_init)
    uart0_put                                0x00001139   Thumb Code    28  uart.o(.text.uart0_put)
    uart0_putchar                            0x00001155   Thumb Code    22  uart.o(.text.uart0_putchar)
    _btod_d2e                                0x0000116b   Thumb Code    62  btod.o(CL$$btod_d2e)
    _d2e_denorm_low                          0x000011a9   Thumb Code    70  btod.o(CL$$btod_d2e_denorm_low)
    _d2e_norm_op1                            0x000011ef   Thumb Code    96  btod.o(CL$$btod_d2e_norm_op1)
    __btod_div_common                        0x0000124f   Thumb Code   696  btod.o(CL$$btod_div_common)
    _e2e                                     0x00001587   Thumb Code   220  btod.o(CL$$btod_e2e)
    _btod_ediv                               0x00001663   Thumb Code    42  btod.o(CL$$btod_ediv)
    _btod_emul                               0x0000168d   Thumb Code    42  btod.o(CL$$btod_emul)
    __btod_mult_common                       0x000016b7   Thumb Code   580  btod.o(CL$$btod_mult_common)
    __ARM_fpclassify                         0x000018fb   Thumb Code    48  fpclassify.o(i.__ARM_fpclassify)
    _get_lc_numeric                          0x0000192d   Thumb Code    44  lc_numeric_c.o(locale$$code)
    __fpl_dcmp_Inf                           0x00001959   Thumb Code    24  dcmpi.o(x$fpl$dcmpinf)
    __aeabi_ddiv                             0x00001971   Thumb Code     0  ddiv.o(x$fpl$ddiv)
    _ddiv                                    0x00001971   Thumb Code   552  ddiv.o(x$fpl$ddiv)
    __aeabi_cdcmpeq                          0x00001c21   Thumb Code     0  deqf.o(x$fpl$deqf)
    _dcmpeq                                  0x00001c21   Thumb Code   120  deqf.o(x$fpl$deqf)
    __aeabi_i2d                              0x00001c99   Thumb Code     0  dflt_clz.o(x$fpl$dflt)
    _dflt                                    0x00001c99   Thumb Code    46  dflt_clz.o(x$fpl$dflt)
    __aeabi_ui2d                             0x00001cc7   Thumb Code     0  dflt_clz.o(x$fpl$dfltu)
    _dfltu                                   0x00001cc7   Thumb Code    38  dflt_clz.o(x$fpl$dfltu)
    __aeabi_cdcmpge                          0x00001ced   Thumb Code     0  dgeqf.o(x$fpl$dgeqf)
    _dcmpge                                  0x00001ced   Thumb Code   120  dgeqf.o(x$fpl$dgeqf)
    __aeabi_cdcmple                          0x00001d65   Thumb Code     0  dleqf.o(x$fpl$dleqf)
    _dcmple                                  0x00001d65   Thumb Code   120  dleqf.o(x$fpl$dleqf)
    __fpl_dcmple_InfNaN                      0x00001dc7   Thumb Code     0  dleqf.o(x$fpl$dleqf)
    __aeabi_dmul                             0x00001ddd   Thumb Code     0  dmul.o(x$fpl$dmul)
    _dmul                                    0x00001ddd   Thumb Code   332  dmul.o(x$fpl$dmul)
    __fpl_dnaninf                            0x00001f31   Thumb Code   156  dnaninf.o(x$fpl$dnaninf)
    __fpl_dretinf                            0x00001fcd   Thumb Code    12  dretinf.o(x$fpl$dretinf)
    __aeabi_dcmpeq                           0x00001fd9   Thumb Code     0  dcmp.o(x$fpl$fcmp)
    _deq                                     0x00001fd9   Thumb Code    14  dcmp.o(x$fpl$fcmp)
    _dneq                                    0x00001fe7   Thumb Code    14  dcmp.o(x$fpl$fcmp)
    __aeabi_dcmpgt                           0x00001ff5   Thumb Code     0  dcmp.o(x$fpl$fcmp)
    _dgr                                     0x00001ff5   Thumb Code    14  dcmp.o(x$fpl$fcmp)
    __aeabi_dcmpge                           0x00002003   Thumb Code     0  dcmp.o(x$fpl$fcmp)
    _dgeq                                    0x00002003   Thumb Code    14  dcmp.o(x$fpl$fcmp)
    __aeabi_dcmple                           0x00002011   Thumb Code     0  dcmp.o(x$fpl$fcmp)
    _dleq                                    0x00002011   Thumb Code    14  dcmp.o(x$fpl$fcmp)
    __aeabi_dcmplt                           0x0000201f   Thumb Code     0  dcmp.o(x$fpl$fcmp)
    _dls                                     0x0000201f   Thumb Code    14  dcmp.o(x$fpl$fcmp)
    _fp_init                                 0x0000202d   Thumb Code    26  fpinit.o(x$fpl$fpinit)
    __fplib_config_fpu_vfp                   0x00002045   Thumb Code     0  fpinit.o(x$fpl$fpinit)
    __fplib_config_pureend_doubles           0x00002045   Thumb Code     0  fpinit.o(x$fpl$fpinit)
    _printf_fp_dec                           0x00002047   Thumb Code     4  printf1.o(x$fpl$printf1)
    __I$use$fp                               0x0000204a   Number         0  usenofp.o(x$fpl$usenofp)
    Region$$Table$$Base                      0x000020e0   Number         0  anon$$obj.o(Region$$Table)
    Region$$Table$$Limit                     0x000020f0   Number         0  anon$$obj.o(Region$$Table)
    __libspace_start                         0x20000000   Data          96  libspace.o(.bss)
    __temporary_stack_top$libspace           0x20000060   Data           0  libspace.o(.bss)



==============================================================================

Memory Map of the image

  Image Entry point : 0x00000411

  Load Region LR_IROM1 (Base: 0x00000000, Size: 0x0000210c, Max: 0x00100000, ABSOLUTE)

    Execution Region ER_IROM1 (Exec base: 0x00000000, Load base: 0x00000000, Size: 0x0000210c, Max: 0x00100000, ABSOLUTE)

    Exec Addr    Load Addr    Size         Type   Attr      Idx    E Section Name        Object

    0x00000000   0x00000000   0x00000400   Data   RO           77    RESET               startup_mk64f12.o
    0x00000400   0x00000400   0x00000010   Code   RO           78    .ARM.__at_0x400     startup_mk64f12.o
    0x00000410   0x00000410   0x00000008   Code   RO          132  * !!!main             c_w.l(__main.o)
    0x00000418   0x00000418   0x00000034   Code   RO          384    !!!scatter          c_w.l(__scatter.o)
    0x0000044c   0x0000044c   0x0000001c   Code   RO          386    !!handler_zi        c_w.l(__scatter_zi.o)
    0x00000468   0x00000468   0x00000000   Code   RO          129    .ARM.Collect$$_printf_percent$$00000000  c_w.l(_printf_percent.o)
    0x00000468   0x00000468   0x00000006   Code   RO          128    .ARM.Collect$$_printf_percent$$00000003  c_w.l(_printf_f.o)
    0x0000046e   0x0000046e   0x00000004   Code   RO          159    .ARM.Collect$$_printf_percent$$00000017  c_w.l(_printf_percent_end.o)
    0x00000472   0x00000472   0x00000002   Code   RO          249    .ARM.Collect$$libinit$$00000000  c_w.l(libinit.o)
    0x00000474   0x00000474   0x00000004   Code   RO          250    .ARM.Collect$$libinit$$00000001  c_w.l(libinit2.o)
    0x00000478   0x00000478   0x00000000   Code   RO          253    .ARM.Collect$$libinit$$00000004  c_w.l(libinit2.o)
    0x00000478   0x00000478   0x00000000   Code   RO          256    .ARM.Collect$$libinit$$0000000A  c_w.l(libinit2.o)
    0x00000478   0x00000478   0x00000000   Code   RO          258    .ARM.Collect$$libinit$$0000000C  c_w.l(libinit2.o)
    0x00000478   0x00000478   0x00000000   Code   RO          260    .ARM.Collect$$libinit$$0000000E  c_w.l(libinit2.o)
    0x00000478   0x00000478   0x00000006   Code   RO          261    .ARM.Collect$$libinit$$0000000F  c_w.l(libinit2.o)
    0x0000047e   0x0000047e   0x00000000   Code   RO          263    .ARM.Collect$$libinit$$00000011  c_w.l(libinit2.o)
    0x0000047e   0x0000047e   0x00000000   Code   RO          265    .ARM.Collect$$libinit$$00000013  c_w.l(libinit2.o)
    0x0000047e   0x0000047e   0x00000000   Code   RO          267    .ARM.Collect$$libinit$$00000015  c_w.l(libinit2.o)
    0x0000047e   0x0000047e   0x0000000a   Code   RO          268    .ARM.Collect$$libinit$$00000016  c_w.l(libinit2.o)
    0x00000488   0x00000488   0x00000000   Code   RO          269    .ARM.Collect$$libinit$$00000017  c_w.l(libinit2.o)
    0x00000488   0x00000488   0x00000000   Code   RO          271    .ARM.Collect$$libinit$$00000019  c_w.l(libinit2.o)
    0x00000488   0x00000488   0x00000000   Code   RO          273    .ARM.Collect$$libinit$$0000001B  c_w.l(libinit2.o)
    0x00000488   0x00000488   0x00000000   Code   RO          275    .ARM.Collect$$libinit$$0000001D  c_w.l(libinit2.o)
    0x00000488   0x00000488   0x00000000   Code   RO          277    .ARM.Collect$$libinit$$0000001F  c_w.l(libinit2.o)
    0x00000488   0x00000488   0x00000000   Code   RO          279    .ARM.Collect$$libinit$$00000021  c_w.l(libinit2.o)
    0x00000488   0x00000488   0x00000000   Code   RO          281    .ARM.Collect$$libinit$$00000023  c_w.l(libinit2.o)
    0x00000488   0x00000488   0x00000000   Code   RO          283    .ARM.Collect$$libinit$$00000025  c_w.l(libinit2.o)
    0x00000488   0x00000488   0x00000000   Code   RO          287    .ARM.Collect$$libinit$$0000002C  c_w.l(libinit2.o)
    0x00000488   0x00000488   0x00000000   Code   RO          289    .ARM.Collect$$libinit$$0000002E  c_w.l(libinit2.o)
    0x00000488   0x00000488   0x00000000   Code   RO          291    .ARM.Collect$$libinit$$00000030  c_w.l(libinit2.o)
    0x00000488   0x00000488   0x00000000   Code   RO          293    .ARM.Collect$$libinit$$00000032  c_w.l(libinit2.o)
    0x00000488   0x00000488   0x00000002   Code   RO          294    .ARM.Collect$$libinit$$00000033  c_w.l(libinit2.o)
    0x0000048a   0x0000048a   0x00000002   Code   RO          330    .ARM.Collect$$libshutdown$$00000000  c_w.l(libshutdown.o)
    0x0000048c   0x0000048c   0x00000000   Code   RO          341    .ARM.Collect$$libshutdown$$00000002  c_w.l(libshutdown2.o)
    0x0000048c   0x0000048c   0x00000000   Code   RO          343    .ARM.Collect$$libshutdown$$00000004  c_w.l(libshutdown2.o)
    0x0000048c   0x0000048c   0x00000000   Code   RO          346    .ARM.Collect$$libshutdown$$00000007  c_w.l(libshutdown2.o)
    0x0000048c   0x0000048c   0x00000000   Code   RO          349    .ARM.Collect$$libshutdown$$0000000A  c_w.l(libshutdown2.o)
    0x0000048c   0x0000048c   0x00000000   Code   RO          351    .ARM.Collect$$libshutdown$$0000000C  c_w.l(libshutdown2.o)
    0x0000048c   0x0000048c   0x00000000   Code   RO          354    .ARM.Collect$$libshutdown$$0000000F  c_w.l(libshutdown2.o)
    0x0000048c   0x0000048c   0x00000002   Code   RO          355    .ARM.Collect$$libshutdown$$00000010  c_w.l(libshutdown2.o)
    0x0000048e   0x0000048e   0x00000000   Code   RO          150    .ARM.Collect$$rtentry$$00000000  c_w.l(__rtentry.o)
    0x0000048e   0x0000048e   0x00000000   Code   RO          172    .ARM.Collect$$rtentry$$00000002  c_w.l(__rtentry2.o)
    0x0000048e   0x0000048e   0x00000006   Code   RO          184    .ARM.Collect$$rtentry$$00000004  c_w.l(__rtentry4.o)
    0x00000494   0x00000494   0x00000000   Code   RO          174    .ARM.Collect$$rtentry$$00000009  c_w.l(__rtentry2.o)
    0x00000494   0x00000494   0x00000004   Code   RO          175    .ARM.Collect$$rtentry$$0000000A  c_w.l(__rtentry2.o)
    0x00000498   0x00000498   0x00000000   Code   RO          177    .ARM.Collect$$rtentry$$0000000C  c_w.l(__rtentry2.o)
    0x00000498   0x00000498   0x00000008   Code   RO          178    .ARM.Collect$$rtentry$$0000000D  c_w.l(__rtentry2.o)
    0x000004a0   0x000004a0   0x00000002   Code   RO          295    .ARM.Collect$$rtexit$$00000000  c_w.l(rtexit.o)
    0x000004a2   0x000004a2   0x00000000   Code   RO          304    .ARM.Collect$$rtexit$$00000002  c_w.l(rtexit2.o)
    0x000004a2   0x000004a2   0x00000004   Code   RO          305    .ARM.Collect$$rtexit$$00000003  c_w.l(rtexit2.o)
    0x000004a6   0x000004a6   0x00000006   Code   RO          306    .ARM.Collect$$rtexit$$00000004  c_w.l(rtexit2.o)
    0x000004ac   0x000004ac   0x00000048   Code   RO           79    .text               startup_mk64f12.o
    0x000004f4   0x000004f4   0x00000028   Code   RO          104    .text               c_w.l(noretval__2sprintf.o)
    0x0000051c   0x0000051c   0x00000068   Code   RO          106    .text               c_w.l(__printf.o)
    0x00000584   0x00000584   0x00000006   Code   RO          130    .text               c_w.l(heapauxi.o)
    0x0000058a   0x0000058a   0x0000041c   Code   RO          151    .text               c_w.l(_printf_fp_dec.o)
    0x000009a6   0x000009a6   0x00000002   PAD
    0x000009a8   0x000009a8   0x00000030   Code   RO          155    .text               c_w.l(_printf_char_common.o)
    0x000009d8   0x000009d8   0x0000000a   Code   RO          157    .text               c_w.l(_sputc.o)
    0x000009e2   0x000009e2   0x00000002   PAD
    0x000009e4   0x000009e4   0x00000008   Code   RO          189    .text               c_w.l(rt_locale_intlibspace.o)
    0x000009ec   0x000009ec   0x0000008a   Code   RO          191    .text               c_w.l(lludiv10.o)
    0x00000a76   0x00000a76   0x00000002   PAD
    0x00000a78   0x00000a78   0x00000080   Code   RO          193    .text               c_w.l(_printf_fp_infnan.o)
    0x00000af8   0x00000af8   0x000000e4   Code   RO          197    .text               c_w.l(bigflt0.o)
    0x00000bdc   0x00000bdc   0x00000008   Code   RO          233    .text               c_w.l(libspace.o)
    0x00000be4   0x00000be4   0x0000004a   Code   RO          236    .text               c_w.l(sys_stackheap_outer.o)
    0x00000c2e   0x00000c2e   0x00000012   Code   RO          240    .text               c_w.l(exit.o)
    0x00000c40   0x00000c40   0x0000007c   Code   RO          242    .text               c_w.l(strcmpv7em.o)
    0x00000cbc   0x00000cbc   0x0000000c   Code   RO          316    .text               c_w.l(sys_exit.o)
    0x00000cc8   0x00000cc8   0x00000002   Code   RO          331    .text               c_w.l(use_no_semi.o)
    0x00000cca   0x00000cca   0x00000000   Code   RO          333    .text               c_w.l(indicate_semi.o)
    0x00000cca   0x00000cca   0x00000002   PAD
    0x00000ccc   0x00000ccc   0x00000070   Code   RO           46    .text.ADC1_INIT     adc.o
    0x00000d3c   0x00000d3c   0x0000001e   Code   RO           50    .text.ADC1_IRQHandler  adc.o
    0x00000d5a   0x00000d5a   0x00000002   PAD
    0x00000d5c   0x00000d5c   0x00000022   Code   RO           68    .text.DAC0_INIT     dac.o
    0x00000d7e   0x00000d7e   0x00000002   PAD
    0x00000d80   0x00000d80   0x00000020   Code   RO           10    .text.FTM0_IRQHandler  main.o
    0x00000da0   0x00000da0   0x0000002c   Code   RO           60    .text.PDB_INIT      pdb.o
    0x00000dcc   0x00000dcc   0x0000009a   Code   RO           88    .text.SystemInit    system_mk64f12.o
    0x00000e66   0x00000e66   0x00000002   PAD
    0x00000e68   0x00000e68   0x00000010   Code   RO            8    .text.__NVIC_EnableIRQ  main.o
    0x00000e78   0x00000e78   0x00000010   Code   RO           48    .text.__NVIC_EnableIRQ  adc.o
    0x00000e88   0x00000e88   0x00000048   Code   RO            4    .text.initFTM       main.o
    0x00000ed0   0x00000ed0   0x000001e4   Code   RO            2    .text.main          main.o
    0x000010b4   0x000010b4   0x00000082   Code   RO           22    .text.uart0_init    uart.o
    0x00001136   0x00001136   0x00000002   PAD
    0x00001138   0x00001138   0x0000001c   Code   RO           30    .text.uart0_put     uart.o
    0x00001154   0x00001154   0x00000016   Code   RO           28    .text.uart0_putchar  uart.o
    0x0000116a   0x0000116a   0x0000003e   Code   RO          200    CL$$btod_d2e        c_w.l(btod.o)
    0x000011a8   0x000011a8   0x00000046   Code   RO          202    CL$$btod_d2e_denorm_low  c_w.l(btod.o)
    0x000011ee   0x000011ee   0x00000060   Code   RO          201    CL$$btod_d2e_norm_op1  c_w.l(btod.o)
    0x0000124e   0x0000124e   0x00000338   Code   RO          210    CL$$btod_div_common  c_w.l(btod.o)
    0x00001586   0x00001586   0x000000dc   Code   RO          207    CL$$btod_e2e        c_w.l(btod.o)
    0x00001662   0x00001662   0x0000002a   Code   RO          204    CL$$btod_ediv       c_w.l(btod.o)
    0x0000168c   0x0000168c   0x0000002a   Code   RO          203    CL$$btod_emul       c_w.l(btod.o)
    0x000016b6   0x000016b6   0x00000244   Code   RO          209    CL$$btod_mult_common  c_w.l(btod.o)
    0x000018fa   0x000018fa   0x00000030   Code   RO          231    i.__ARM_fpclassify  m_wm.l(fpclassify.o)
    0x0000192a   0x0000192a   0x00000002   PAD
    0x0000192c   0x0000192c   0x0000002c   Code   RO          225    locale$$code        c_w.l(lc_numeric_c.o)
    0x00001958   0x00001958   0x00000018   Code   RO          227    x$fpl$dcmpinf       fz_wm.l(dcmpi.o)
    0x00001970   0x00001970   0x000002b0   Code   RO          137    x$fpl$ddiv          fz_wm.l(ddiv.o)
    0x00001c20   0x00001c20   0x00000078   Code   RO          160    x$fpl$deqf          fz_wm.l(deqf.o)
    0x00001c98   0x00001c98   0x0000002e   Code   RO          141    x$fpl$dflt          fz_wm.l(dflt_clz.o)
    0x00001cc6   0x00001cc6   0x00000026   Code   RO          140    x$fpl$dfltu         fz_wm.l(dflt_clz.o)
    0x00001cec   0x00001cec   0x00000078   Code   RO          162    x$fpl$dgeqf         fz_wm.l(dgeqf.o)
    0x00001d64   0x00001d64   0x00000078   Code   RO          164    x$fpl$dleqf         fz_wm.l(dleqf.o)
    0x00001ddc   0x00001ddc   0x00000154   Code   RO          146    x$fpl$dmul          fz_wm.l(dmul.o)
    0x00001f30   0x00001f30   0x0000009c   Code   RO          166    x$fpl$dnaninf       fz_wm.l(dnaninf.o)
    0x00001fcc   0x00001fcc   0x0000000c   Code   RO          168    x$fpl$dretinf       fz_wm.l(dretinf.o)
    0x00001fd8   0x00001fd8   0x00000054   Code   RO          134    x$fpl$fcmp          fz_wm.l(dcmp.o)
    0x0000202c   0x0000202c   0x0000001a   Code   RO          301    x$fpl$fpinit        fz_wm.l(fpinit.o)
    0x00002046   0x00002046   0x00000004   Code   RO          148    x$fpl$printf1       fz_wm.l(printf1.o)
    0x0000204a   0x0000204a   0x00000000   Code   RO          170    x$fpl$usenofp       fz_wm.l(usenofp.o)
    0x0000204a   0x0000204a   0x00000002   PAD
    0x0000204c   0x0000204c   0x00000094   Data   RO          198    .constdata          c_w.l(bigflt0.o)
    0x000020e0   0x000020e0   0x00000010   Data   RO          383    Region$$Table       anon$$obj.o
    0x000020f0   0x000020f0   0x0000001c   Data   RO          224    locale$$data        c_w.l(lc_numeric_c.o)


    Execution Region RW_IRAM1 (Exec base: 0x20000000, Load base: 0x0000210c, Size: 0x00000468, Max: 0x00030000, ABSOLUTE)

    Exec Addr    Load Addr    Size         Type   Attr      Idx    E Section Name        Object

    0x20000000        -       0x00000060   Zero   RW          234    .bss                c_w.l(libspace.o)
    0x20000060        -       0x00000004   Zero   RW           12    .bss.timer          main.o
    0x20000064   0x0000210c   0x00000004   PAD
    0x20000068        -       0x00000000   Zero   RW           76    HEAP                startup_mk64f12.o
    0x20000068        -       0x00000400   Zero   RW           75    STACK               startup_mk64f12.o


==============================================================================

Image component sizes


      Code (inc. data)   RO Data    RW Data    ZI Data      Debug   Object Name

       158          0          0          0          0       4802   adc.o
        34          0          0          0          0       1474   dac.o
       604         76          0          0          4       6061   main.o
        44          0          0          0          0       1699   pdb.o
        88         44       1024          0       1024       1100   startup_mk64f12.o
       154          0          0          0          0       3389   system_mk64f12.o
       180          0          0          0          0       3423   uart.o

    ----------------------------------------------------------------------
      1270        120       1040          0       1032      21948   Object Totals
         0          0         16          0          0          0   (incl. Generated)
         8          0          0          0          4          0   (incl. Padding)

    ----------------------------------------------------------------------

      Code (inc. data)   RO Data    RW Data    ZI Data      Debug   Library Member Name

         8          0          0          0          0         68   __main.o
       104          0          0          0          0         84   __printf.o
         0          0          0          0          0          0   __rtentry.o
        12          0          0          0          0          0   __rtentry2.o
         6          0          0          0          0          0   __rtentry4.o
        52          8          0          0          0          0   __scatter.o
        28          0          0          0          0          0   __scatter_zi.o
        48          6          0          0          0         96   _printf_char_common.o
         6          0          0          0          0          0   _printf_f.o
      1052          0          0          0          0        148   _printf_fp_dec.o
       128         16          0          0          0         84   _printf_fp_infnan.o
         0          0          0          0          0          0   _printf_percent.o
         4          0          0          0          0          0   _printf_percent_end.o
        10          0          0          0          0         68   _sputc.o
       228          4        148          0          0         96   bigflt0.o
      1936        128          0          0          0        672   btod.o
        18          0          0          0          0         80   exit.o
         6          0          0          0          0        152   heapauxi.o
         0          0          0          0          0          0   indicate_semi.o
        44         10         28          0          0         76   lc_numeric_c.o
         2          0          0          0          0          0   libinit.o
        22          0          0          0          0          0   libinit2.o
         2          0          0          0          0          0   libshutdown.o
         2          0          0          0          0          0   libshutdown2.o
         8          4          0          0         96         68   libspace.o
       138          0          0          0          0         80   lludiv10.o
        40          6          0          0          0         84   noretval__2sprintf.o
         8          4          0          0          0         68   rt_locale_intlibspace.o
         2          0          0          0          0          0   rtexit.o
        10          0          0          0          0          0   rtexit2.o
       124          0          0          0          0         88   strcmpv7em.o
        12          4          0          0          0         68   sys_exit.o
        74          0          0          0          0         80   sys_stackheap_outer.o
         2          0          0          0          0         68   use_no_semi.o
        84          0          0          0          0        244   dcmp.o
        24          0          0          0          0        116   dcmpi.o
       688        140          0          0          0        264   ddiv.o
       120          4          0          0          0        140   deqf.o
        84          0          0          0          0        232   dflt_clz.o
       120          4          0          0          0        140   dgeqf.o
       120          4          0          0          0        140   dleqf.o
       340         12          0          0          0        152   dmul.o
       156          4          0          0          0        140   dnaninf.o
        12          0          0          0          0        116   dretinf.o
        26          0          0          0          0        116   fpinit.o
         4          0          0          0          0        116   printf1.o
         0          0          0          0          0          0   usenofp.o
        48          0          0          0          0        124   fpclassify.o

    ----------------------------------------------------------------------
      5974        358        176          0         96       4268   Library Totals
        12          0          0          0          0          0   (incl. Padding)

    ----------------------------------------------------------------------

      Code (inc. data)   RO Data    RW Data    ZI Data      Debug   Library Name

      4136        190        176          0         96       2228   c_w.l
      1778        168          0          0          0       1916   fz_wm.l
        48          0          0          0          0        124   m_wm.l

    ----------------------------------------------------------------------
      5974        358        176          0         96       4268   Library Totals

    ----------------------------------------------------------------------

==============================================================================


      Code (inc. data)   RO Data    RW Data    ZI Data      Debug   

      7244        478       1216          0       1128      23724   Grand Totals
      7244        478       1216          0       1128      23724   ELF Image Totals
      7244        478       1216          0          0          0   ROM Totals

==============================================================================

    Total RO  Size (Code + RO Data)                 8460 (   8.26kB)
    Total RW  Size (RW Data + ZI Data)              1128 (   1.10kB)
    Total ROM Size (Code + RO Data + RW Data)       8460 (   8.26kB)

==============================================================================

