Component: ARM Compiler 6.15 Tool: armlink [5dd79300]

==============================================================================

Section Cross References

    main.o(.text) refers (Special) to _printf_i.o(.ARM.Collect$$_printf_percent$$00000008) for _printf_i
    main.o(.text) refers (Special) to _printf_dec.o(.text) for _printf_int_dec
    main.o(.text) refers (Special) to _printf_percent.o(.ARM.Collect$$_printf_percent$$00000000) for _printf_percent
    main.o(.text.main) refers (Special) to _printf_i.o(.ARM.Collect$$_printf_percent$$00000008) for _printf_i
    main.o(.text.main) refers (Special) to _printf_dec.o(.text) for _printf_int_dec
    main.o(.text.main) refers (Special) to _printf_percent.o(.ARM.Collect$$_printf_percent$$00000000) for _printf_percent
    main.o(.text.main) refers to uart.o(.text.uart0_init) for uart0_init
    main.o(.text.main) refers to uart.o(.text.uart3_init) for uart3_init
    main.o(.text.main) refers to gpio.o(.text.HBridge_init) for HBridge_init
    main.o(.text.main) refers to ftm.o(.text.FTM0_init) for FTM0_init
    main.o(.text.main) refers to ftm.o(.text.FTM3_init) for FTM3_init
    main.o(.text.main) refers to gpio.o(.text.init_GPIO) for init_GPIO
    main.o(.text.main) refers to ftm.o(.text.init_FTM2) for init_FTM2
    main.o(.text.main) refers to adc.o(.text.init_ADC0) for init_ADC0
    main.o(.text.main) refers to pit.o(.text.init_PIT) for init_PIT
    main.o(.text.main) refers to uart.o(.text.uart0_put) for uart0_put
    main.o(.text.main) refers to ftm.o(.bss.line) for line
    main.o(.text.main) refers to pit.o(.bss.str) for str
    main.o(.text.main) refers to main.o(.text.edgeFinder) for edgeFinder
    main.o(.text.main) refers to noretval__2sprintf.o(.text) for __2sprintf
    main.o(.text.main) refers to main.o(.text.delay) for delay
    main.o(.ARM.exidx.text.main) refers (Special) to _printf_i.o(.ARM.Collect$$_printf_percent$$00000008) for _printf_i
    main.o(.ARM.exidx.text.main) refers (Special) to _printf_dec.o(.text) for _printf_int_dec
    main.o(.ARM.exidx.text.main) refers (Special) to _printf_percent.o(.ARM.Collect$$_printf_percent$$00000000) for _printf_percent
    main.o(.ARM.exidx.text.main) refers to main.o(.text.main) for [Anonymous Symbol]
    main.o(.text.edgeFinder) refers (Special) to _printf_i.o(.ARM.Collect$$_printf_percent$$00000008) for _printf_i
    main.o(.text.edgeFinder) refers (Special) to _printf_dec.o(.text) for _printf_int_dec
    main.o(.text.edgeFinder) refers (Special) to _printf_percent.o(.ARM.Collect$$_printf_percent$$00000000) for _printf_percent
    main.o(.ARM.exidx.text.edgeFinder) refers (Special) to _printf_i.o(.ARM.Collect$$_printf_percent$$00000008) for _printf_i
    main.o(.ARM.exidx.text.edgeFinder) refers (Special) to _printf_dec.o(.text) for _printf_int_dec
    main.o(.ARM.exidx.text.edgeFinder) refers (Special) to _printf_percent.o(.ARM.Collect$$_printf_percent$$00000000) for _printf_percent
    main.o(.ARM.exidx.text.edgeFinder) refers to main.o(.text.edgeFinder) for [Anonymous Symbol]
    main.o(.text.delay) refers (Special) to _printf_i.o(.ARM.Collect$$_printf_percent$$00000008) for _printf_i
    main.o(.text.delay) refers (Special) to _printf_dec.o(.text) for _printf_int_dec
    main.o(.text.delay) refers (Special) to _printf_percent.o(.ARM.Collect$$_printf_percent$$00000000) for _printf_percent
    main.o(.ARM.exidx.text.delay) refers (Special) to _printf_i.o(.ARM.Collect$$_printf_percent$$00000008) for _printf_i
    main.o(.ARM.exidx.text.delay) refers (Special) to _printf_dec.o(.text) for _printf_int_dec
    main.o(.ARM.exidx.text.delay) refers (Special) to _printf_percent.o(.ARM.Collect$$_printf_percent$$00000000) for _printf_percent
    main.o(.ARM.exidx.text.delay) refers to main.o(.text.delay) for [Anonymous Symbol]
    main.o(.ARM.use_no_argv) refers (Special) to _printf_i.o(.ARM.Collect$$_printf_percent$$00000008) for _printf_i
    main.o(.ARM.use_no_argv) refers (Special) to _printf_dec.o(.text) for _printf_int_dec
    main.o(.ARM.use_no_argv) refers (Special) to _printf_percent.o(.ARM.Collect$$_printf_percent$$00000000) for _printf_percent
    adc.o(.text.init_ADC0) refers to adc.o(.text.__NVIC_EnableIRQ) for __NVIC_EnableIRQ
    adc.o(.ARM.exidx.text.init_ADC0) refers to adc.o(.text.init_ADC0) for [Anonymous Symbol]
    adc.o(.ARM.exidx.text.__NVIC_EnableIRQ) refers to adc.o(.text.__NVIC_EnableIRQ) for [Anonymous Symbol]
    adc.o(.text.ADC0_IRQHandler) refers to adc.o(.bss.ADC0VAL) for ADC0VAL
    adc.o(.ARM.exidx.text.ADC0_IRQHandler) refers to adc.o(.text.ADC0_IRQHandler) for [Anonymous Symbol]
    adc.o(.text.get_ADC0_VAL) refers to adc.o(.bss.ADC0VAL) for ADC0VAL
    adc.o(.ARM.exidx.text.get_ADC0_VAL) refers to adc.o(.text.get_ADC0_VAL) for [Anonymous Symbol]
    ftm.o(.text.init_FTM2) refers to ftm.o(.text.__NVIC_EnableIRQ) for __NVIC_EnableIRQ
    ftm.o(.ARM.exidx.text.init_FTM2) refers to ftm.o(.text.init_FTM2) for [Anonymous Symbol]
    ftm.o(.ARM.exidx.text.__NVIC_EnableIRQ) refers to ftm.o(.text.__NVIC_EnableIRQ) for [Anonymous Symbol]
    ftm.o(.text.FTM2_IRQHandler) refers to ftm.o(.data.pixcnt) for pixcnt
    ftm.o(.text.FTM2_IRQHandler) refers to ftm.o(.bss.clkval) for clkval
    ftm.o(.text.FTM2_IRQHandler) refers to adc.o(.text.get_ADC0_VAL) for get_ADC0_VAL
    ftm.o(.text.FTM2_IRQHandler) refers to ftm.o(.bss.line) for line
    ftm.o(.ARM.exidx.text.FTM2_IRQHandler) refers to ftm.o(.text.FTM2_IRQHandler) for [Anonymous Symbol]
    ftm.o(.ARM.exidx.text.FTM0_set_duty_cycle) refers to ftm.o(.text.FTM0_set_duty_cycle) for [Anonymous Symbol]
    ftm.o(.ARM.exidx.text.FTM0_init) refers to ftm.o(.text.FTM0_init) for [Anonymous Symbol]
    ftm.o(.text.FTM3_set_duty_cycle) refers to dflt_clz.o(x$fpl$dfltu) for __aeabi_ui2d
    ftm.o(.text.FTM3_set_duty_cycle) refers to dmul.o(x$fpl$dmul) for __aeabi_dmul
    ftm.o(.text.FTM3_set_duty_cycle) refers to ddiv.o(x$fpl$ddiv) for __aeabi_ddiv
    ftm.o(.text.FTM3_set_duty_cycle) refers to dfix.o(x$fpl$dfix) for __aeabi_d2iz
    ftm.o(.ARM.exidx.text.FTM3_set_duty_cycle) refers to ftm.o(.text.FTM3_set_duty_cycle) for [Anonymous Symbol]
    ftm.o(.ARM.exidx.text.FTM3_init) refers to ftm.o(.text.FTM3_init) for [Anonymous Symbol]
    gpio.o(.ARM.exidx.text.LED_Off) refers to gpio.o(.text.LED_Off) for [Anonymous Symbol]
    gpio.o(.text.LED_Init) refers to gpio.o(.text.LED_Off) for LED_Off
    gpio.o(.ARM.exidx.text.LED_Init) refers to gpio.o(.text.LED_Init) for [Anonymous Symbol]
    gpio.o(.ARM.exidx.text.LED_On) refers to gpio.o(.text.LED_On) for [Anonymous Symbol]
    gpio.o(.text.init_GPIO) refers to gpio.o(.text.LED_Init) for LED_Init
    gpio.o(.ARM.exidx.text.init_GPIO) refers to gpio.o(.text.init_GPIO) for [Anonymous Symbol]
    gpio.o(.ARM.exidx.text.HBridge_init) refers to gpio.o(.text.HBridge_init) for [Anonymous Symbol]
    pit.o(.text.init_PIT) refers to pit.o(.text.__NVIC_EnableIRQ) for __NVIC_EnableIRQ
    pit.o(.ARM.exidx.text.init_PIT) refers to pit.o(.text.init_PIT) for [Anonymous Symbol]
    pit.o(.ARM.exidx.text.__NVIC_EnableIRQ) refers to pit.o(.text.__NVIC_EnableIRQ) for [Anonymous Symbol]
    pit.o(.text.PIT0_IRQHandler) refers to pit.o(.data.debugcamdata) for debugcamdata
    pit.o(.text.PIT0_IRQHandler) refers to pit.o(.bss.capcnt) for capcnt
    pit.o(.ARM.exidx.text.PIT0_IRQHandler) refers to pit.o(.text.PIT0_IRQHandler) for [Anonymous Symbol]
    uart.o(.ARM.exidx.text.uart0_init) refers to uart.o(.text.uart0_init) for [Anonymous Symbol]
    uart.o(.ARM.exidx.text.uart3_init) refers to uart.o(.text.uart3_init) for [Anonymous Symbol]
    uart.o(.ARM.exidx.text.uart0_getchar) refers to uart.o(.text.uart0_getchar) for [Anonymous Symbol]
    uart.o(.ARM.exidx.text.uart0_putchar) refers to uart.o(.text.uart0_putchar) for [Anonymous Symbol]
    uart.o(.text.uart0_put) refers to uart.o(.text.uart0_putchar) for uart0_putchar
    uart.o(.ARM.exidx.text.uart0_put) refers to uart.o(.text.uart0_put) for [Anonymous Symbol]
    uart.o(.ARM.exidx.text.uart3_getchar) refers to uart.o(.text.uart3_getchar) for [Anonymous Symbol]
    uart.o(.ARM.exidx.text.uart3_putchar) refers to uart.o(.text.uart3_putchar) for [Anonymous Symbol]
    uart.o(.text.uart3_put) refers to uart.o(.text.uart3_putchar) for uart3_putchar
    uart.o(.ARM.exidx.text.uart3_put) refers to uart.o(.text.uart3_put) for [Anonymous Symbol]
    motor.o(.text.init_motor) refers to ftm.o(.text.FTM0_init) for FTM0_init
    motor.o(.text.init_motor) refers to ftm.o(.text.FTM3_init) for FTM3_init
    motor.o(.ARM.exidx.text.init_motor) refers to motor.o(.text.init_motor) for [Anonymous Symbol]
    motor.o(.text.drive_forward) refers to ftm.o(.text.FTM0_set_duty_cycle) for FTM0_set_duty_cycle
    motor.o(.ARM.exidx.text.drive_forward) refers to motor.o(.text.drive_forward) for [Anonymous Symbol]
    motor.o(.text.drive_backward) refers to ftm.o(.text.FTM0_set_duty_cycle) for FTM0_set_duty_cycle
    motor.o(.ARM.exidx.text.drive_backward) refers to motor.o(.text.drive_backward) for [Anonymous Symbol]
    motor.o(.text.turn_wheels) refers to dmul.o(x$fpl$dmul) for __aeabi_dmul
    motor.o(.text.turn_wheels) refers to daddsub_clz.o(x$fpl$dadd) for __aeabi_dadd
    motor.o(.text.turn_wheels) refers to ftm.o(.text.FTM3_set_duty_cycle) for FTM3_set_duty_cycle
    motor.o(.ARM.exidx.text.turn_wheels) refers to motor.o(.text.turn_wheels) for [Anonymous Symbol]
    startup_mk64f12.o(STACK) refers (Special) to heapauxi.o(.text) for __use_two_region_memory
    startup_mk64f12.o(HEAP) refers (Special) to heapauxi.o(.text) for __use_two_region_memory
    startup_mk64f12.o(RESET) refers (Special) to heapauxi.o(.text) for __use_two_region_memory
    startup_mk64f12.o(RESET) refers to startup_mk64f12.o(STACK) for __initial_sp
    startup_mk64f12.o(RESET) refers to startup_mk64f12.o(.text) for Reset_Handler
    startup_mk64f12.o(RESET) refers to adc.o(.text.ADC0_IRQHandler) for ADC0_IRQHandler
    startup_mk64f12.o(RESET) refers to ftm.o(.text.FTM2_IRQHandler) for FTM2_IRQHandler
    startup_mk64f12.o(RESET) refers to pit.o(.text.PIT0_IRQHandler) for PIT0_IRQHandler
    startup_mk64f12.o(.ARM.__at_0x400) refers (Special) to heapauxi.o(.text) for __use_two_region_memory
    startup_mk64f12.o(.text) refers (Special) to heapauxi.o(.text) for __use_two_region_memory
    startup_mk64f12.o(.text) refers to system_mk64f12.o(.text.SystemInit) for SystemInit
    startup_mk64f12.o(.text) refers to __main.o(!!!main) for __main
    startup_mk64f12.o(.text) refers to startup_mk64f12.o(HEAP) for Heap_Mem
    startup_mk64f12.o(.text) refers to startup_mk64f12.o(STACK) for Stack_Mem
    system_mk64f12.o(.ARM.exidx.text.SystemInit) refers to system_mk64f12.o(.text.SystemInit) for [Anonymous Symbol]
    system_mk64f12.o(.text.SystemCoreClockUpdate) refers to system_mk64f12.o(.data.SystemCoreClock) for SystemCoreClock
    system_mk64f12.o(.ARM.exidx.text.SystemCoreClockUpdate) refers to system_mk64f12.o(.text.SystemCoreClockUpdate) for [Anonymous Symbol]
    __2sprintf.o(.text) refers to _printf_char_common.o(.text) for _printf_char_common
    __2sprintf.o(.text) refers to _sputc.o(.text) for _sputc
    noretval__2sprintf.o(.text) refers to _printf_char_common.o(.text) for _printf_char_common
    noretval__2sprintf.o(.text) refers to _sputc.o(.text) for _sputc
    __printf.o(.text) refers to _printf_percent.o(.ARM.Collect$$_printf_percent$$00000000) for _printf_percent
    _printf_dec.o(.text) refers to _printf_intcommon.o(.text) for _printf_int_common
    __printf_flags.o(.text) refers to _printf_percent.o(.ARM.Collect$$_printf_percent$$00000000) for _printf_percent
    __printf_flags.o(.text) refers to __printf_flags.o(.constdata) for .constdata
    __printf_ss.o(.text) refers to _printf_percent.o(.ARM.Collect$$_printf_percent$$00000000) for _printf_percent
    __printf_flags_ss.o(.text) refers to _printf_percent.o(.ARM.Collect$$_printf_percent$$00000000) for _printf_percent
    __printf_flags_ss.o(.text) refers to __printf_flags_ss.o(.constdata) for .constdata
    __printf_wp.o(.text) refers to __printf_wp.o(i._is_digit) for _is_digit
    __printf_wp.o(.text) refers to _printf_percent.o(.ARM.Collect$$_printf_percent$$00000000) for _printf_percent
    __printf_flags_wp.o(.text) refers to __printf_wp.o(i._is_digit) for _is_digit
    __printf_flags_wp.o(.text) refers to _printf_percent.o(.ARM.Collect$$_printf_percent$$00000000) for _printf_percent
    __printf_flags_wp.o(.text) refers to __printf_flags_wp.o(.constdata) for .constdata
    __printf_ss_wp.o(.text) refers to __printf_wp.o(i._is_digit) for _is_digit
    __printf_ss_wp.o(.text) refers to _printf_percent.o(.ARM.Collect$$_printf_percent$$00000000) for _printf_percent
    __printf_flags_ss_wp.o(.text) refers to __printf_wp.o(i._is_digit) for _is_digit
    __printf_flags_ss_wp.o(.text) refers to _printf_percent.o(.ARM.Collect$$_printf_percent$$00000000) for _printf_percent
    __printf_flags_ss_wp.o(.text) refers to __printf_flags_ss_wp.o(.constdata) for .constdata
    _printf_i.o(.ARM.Collect$$_printf_percent$$00000008) refers (Weak) to _printf_dec.o(.text) for _printf_int_dec
    _printf_percent.o(.ARM.Collect$$_printf_percent$$00000000) refers (Special) to _printf_percent_end.o(.ARM.Collect$$_printf_percent$$00000017) for _printf_percent_end
    __main.o(!!!main) refers to __rtentry.o(.ARM.Collect$$rtentry$$00000000) for __rt_entry
    daddsub_clz.o(x$fpl$dadd) refers (Special) to usenofp.o(x$fpl$usenofp) for __I$use$fp
    daddsub_clz.o(x$fpl$dadd) refers to daddsub_clz.o(x$fpl$dsub) for _dsub1
    daddsub_clz.o(x$fpl$dadd) refers to dretinf.o(x$fpl$dretinf) for __fpl_dretinf
    daddsub_clz.o(x$fpl$dadd) refers to dnaninf.o(x$fpl$dnaninf) for __fpl_dnaninf
    daddsub_clz.o(x$fpl$drsb) refers (Special) to usenofp.o(x$fpl$usenofp) for __I$use$fp
    daddsub_clz.o(x$fpl$drsb) refers to daddsub_clz.o(x$fpl$dadd) for _dadd1
    daddsub_clz.o(x$fpl$drsb) refers to daddsub_clz.o(x$fpl$dsub) for _dsub1
    daddsub_clz.o(x$fpl$dsub) refers (Special) to usenofp.o(x$fpl$usenofp) for __I$use$fp
    daddsub_clz.o(x$fpl$dsub) refers to daddsub_clz.o(x$fpl$dadd) for _dadd1
    daddsub_clz.o(x$fpl$dsub) refers to dnaninf.o(x$fpl$dnaninf) for __fpl_dnaninf
    ddiv.o(x$fpl$drdiv) refers (Special) to usenofp.o(x$fpl$usenofp) for __I$use$fp
    ddiv.o(x$fpl$drdiv) refers to ddiv.o(x$fpl$ddiv) for ddiv_entry
    ddiv.o(x$fpl$ddiv) refers (Special) to usenofp.o(x$fpl$usenofp) for __I$use$fp
    ddiv.o(x$fpl$ddiv) refers to dretinf.o(x$fpl$dretinf) for __fpl_dretinf
    ddiv.o(x$fpl$ddiv) refers to dnaninf.o(x$fpl$dnaninf) for __fpl_dnaninf
    dfix.o(x$fpl$dfix) refers (Special) to usenofp.o(x$fpl$usenofp) for __I$use$fp
    dfix.o(x$fpl$dfix) refers to dnaninf.o(x$fpl$dnaninf) for __fpl_dnaninf
    dfix.o(x$fpl$dfixr) refers (Special) to usenofp.o(x$fpl$usenofp) for __I$use$fp
    dfix.o(x$fpl$dfixr) refers to dnaninf.o(x$fpl$dnaninf) for __fpl_dnaninf
    dflt_clz.o(x$fpl$dfltu) refers (Special) to usenofp.o(x$fpl$usenofp) for __I$use$fp
    dflt_clz.o(x$fpl$dflt) refers (Special) to usenofp.o(x$fpl$usenofp) for __I$use$fp
    dflt_clz.o(x$fpl$dfltn) refers (Special) to usenofp.o(x$fpl$usenofp) for __I$use$fp
    dmul.o(x$fpl$dmul) refers (Special) to usenofp.o(x$fpl$usenofp) for __I$use$fp
    dmul.o(x$fpl$dmul) refers to dretinf.o(x$fpl$dretinf) for __fpl_dretinf
    dmul.o(x$fpl$dmul) refers to dnaninf.o(x$fpl$dnaninf) for __fpl_dnaninf
    __rtentry.o(.ARM.Collect$$rtentry$$00000000) refers (Special) to __rtentry2.o(.ARM.Collect$$rtentry$$0000000A) for __rt_entry_li
    __rtentry.o(.ARM.Collect$$rtentry$$00000000) refers (Special) to __rtentry2.o(.ARM.Collect$$rtentry$$0000000D) for __rt_entry_main
    __rtentry.o(.ARM.Collect$$rtentry$$00000000) refers (Special) to __rtentry2.o(.ARM.Collect$$rtentry$$0000000C) for __rt_entry_postli_1
    __rtentry.o(.ARM.Collect$$rtentry$$00000000) refers (Special) to __rtentry2.o(.ARM.Collect$$rtentry$$00000009) for __rt_entry_postsh_1
    __rtentry.o(.ARM.Collect$$rtentry$$00000000) refers (Special) to __rtentry2.o(.ARM.Collect$$rtentry$$00000002) for __rt_entry_presh_1
    __rtentry.o(.ARM.Collect$$rtentry$$00000000) refers (Special) to __rtentry4.o(.ARM.Collect$$rtentry$$00000004) for __rt_entry_sh
    _printf_char_common.o(.text) refers to __printf.o(.text) for __printf
    dnaninf.o(x$fpl$dnaninf) refers (Special) to usenofp.o(x$fpl$usenofp) for __I$use$fp
    dretinf.o(x$fpl$dretinf) refers (Special) to usenofp.o(x$fpl$usenofp) for __I$use$fp
    __rtentry2.o(.ARM.Collect$$rtentry$$00000008) refers to boardinit2.o(.text) for _platform_post_stackheap_init
    __rtentry2.o(.ARM.Collect$$rtentry$$0000000A) refers to libinit.o(.ARM.Collect$$libinit$$00000000) for __rt_lib_init
    __rtentry2.o(.ARM.Collect$$rtentry$$0000000B) refers to boardinit3.o(.text) for _platform_post_lib_init
    __rtentry2.o(.ARM.Collect$$rtentry$$0000000D) refers to main.o(.text.main) for main
    __rtentry2.o(.ARM.Collect$$rtentry$$0000000D) refers to exit.o(.text) for exit
    __rtentry2.o(.ARM.exidx) refers to __rtentry2.o(.ARM.Collect$$rtentry$$00000001) for .ARM.Collect$$rtentry$$00000001
    __rtentry2.o(.ARM.exidx) refers to __rtentry2.o(.ARM.Collect$$rtentry$$00000008) for .ARM.Collect$$rtentry$$00000008
    __rtentry2.o(.ARM.exidx) refers to __rtentry2.o(.ARM.Collect$$rtentry$$0000000A) for .ARM.Collect$$rtentry$$0000000A
    __rtentry2.o(.ARM.exidx) refers to __rtentry2.o(.ARM.Collect$$rtentry$$0000000B) for .ARM.Collect$$rtentry$$0000000B
    __rtentry2.o(.ARM.exidx) refers to __rtentry2.o(.ARM.Collect$$rtentry$$0000000D) for .ARM.Collect$$rtentry$$0000000D
    __rtentry4.o(.ARM.Collect$$rtentry$$00000004) refers to sys_stackheap_outer.o(.text) for __user_setup_stackheap
    __rtentry4.o(.ARM.exidx) refers to __rtentry4.o(.ARM.Collect$$rtentry$$00000004) for .ARM.Collect$$rtentry$$00000004
    sys_stackheap_outer.o(.text) refers to libspace.o(.text) for __user_perproc_libspace
    sys_stackheap_outer.o(.text) refers to startup_mk64f12.o(.text) for __user_initial_stackheap
    exit.o(.text) refers to rtexit.o(.ARM.Collect$$rtexit$$00000000) for __rt_exit
    libinit.o(.ARM.Collect$$libinit$$00000000) refers (Special) to libinit2.o(.ARM.Collect$$libinit$$0000002E) for __rt_lib_init_alloca_1
    libinit.o(.ARM.Collect$$libinit$$00000000) refers (Special) to libinit2.o(.ARM.Collect$$libinit$$0000002C) for __rt_lib_init_argv_1
    libinit.o(.ARM.Collect$$libinit$$00000000) refers (Special) to libinit2.o(.ARM.Collect$$libinit$$0000001B) for __rt_lib_init_atexit_1
    libinit.o(.ARM.Collect$$libinit$$00000000) refers (Special) to libinit2.o(.ARM.Collect$$libinit$$00000021) for __rt_lib_init_clock_1
    libinit.o(.ARM.Collect$$libinit$$00000000) refers (Special) to libinit2.o(.ARM.Collect$$libinit$$00000032) for __rt_lib_init_cpp_1
    libinit.o(.ARM.Collect$$libinit$$00000000) refers (Special) to libinit2.o(.ARM.Collect$$libinit$$00000030) for __rt_lib_init_exceptions_1
    libinit.o(.ARM.Collect$$libinit$$00000000) refers (Special) to libinit2.o(.ARM.Collect$$libinit$$00000001) for __rt_lib_init_fp_1
    libinit.o(.ARM.Collect$$libinit$$00000000) refers (Special) to libinit2.o(.ARM.Collect$$libinit$$0000001F) for __rt_lib_init_fp_trap_1
    libinit.o(.ARM.Collect$$libinit$$00000000) refers (Special) to libinit2.o(.ARM.Collect$$libinit$$00000023) for __rt_lib_init_getenv_1
    libinit.o(.ARM.Collect$$libinit$$00000000) refers (Special) to libinit2.o(.ARM.Collect$$libinit$$0000000A) for __rt_lib_init_heap_1
    libinit.o(.ARM.Collect$$libinit$$00000000) refers (Special) to libinit2.o(.ARM.Collect$$libinit$$00000011) for __rt_lib_init_lc_collate_1
    libinit.o(.ARM.Collect$$libinit$$00000000) refers (Special) to libinit2.o(.ARM.Collect$$libinit$$00000013) for __rt_lib_init_lc_ctype_1
    libinit.o(.ARM.Collect$$libinit$$00000000) refers (Special) to libinit2.o(.ARM.Collect$$libinit$$00000015) for __rt_lib_init_lc_monetary_1
    libinit.o(.ARM.Collect$$libinit$$00000000) refers (Special) to libinit2.o(.ARM.Collect$$libinit$$00000017) for __rt_lib_init_lc_numeric_1
    libinit.o(.ARM.Collect$$libinit$$00000000) refers (Special) to libinit2.o(.ARM.Collect$$libinit$$00000019) for __rt_lib_init_lc_time_1
    libinit.o(.ARM.Collect$$libinit$$00000000) refers (Special) to libinit2.o(.ARM.Collect$$libinit$$00000004) for __rt_lib_init_preinit_1
    libinit.o(.ARM.Collect$$libinit$$00000000) refers (Special) to libinit2.o(.ARM.Collect$$libinit$$0000000E) for __rt_lib_init_rand_1
    libinit.o(.ARM.Collect$$libinit$$00000000) refers (Special) to libinit2.o(.ARM.Collect$$libinit$$00000033) for __rt_lib_init_return
    libinit.o(.ARM.Collect$$libinit$$00000000) refers (Special) to libinit2.o(.ARM.Collect$$libinit$$0000001D) for __rt_lib_init_signal_1
    libinit.o(.ARM.Collect$$libinit$$00000000) refers (Special) to libinit2.o(.ARM.Collect$$libinit$$00000025) for __rt_lib_init_stdio_1
    libinit.o(.ARM.Collect$$libinit$$00000000) refers (Special) to libinit2.o(.ARM.Collect$$libinit$$0000000C) for __rt_lib_init_user_alloc_1
    libspace.o(.text) refers to libspace.o(.bss) for __libspace_start
    rtexit.o(.ARM.Collect$$rtexit$$00000000) refers (Special) to rtexit2.o(.ARM.Collect$$rtexit$$00000004) for __rt_exit_exit
    rtexit.o(.ARM.Collect$$rtexit$$00000000) refers (Special) to rtexit2.o(.ARM.Collect$$rtexit$$00000003) for __rt_exit_ls
    rtexit.o(.ARM.Collect$$rtexit$$00000000) refers (Special) to rtexit2.o(.ARM.Collect$$rtexit$$00000002) for __rt_exit_prels_1
    rtexit.o(.ARM.exidx) refers (Special) to rtexit2.o(.ARM.Collect$$rtexit$$00000004) for __rt_exit_exit
    rtexit.o(.ARM.exidx) refers (Special) to rtexit2.o(.ARM.Collect$$rtexit$$00000003) for __rt_exit_ls
    rtexit.o(.ARM.exidx) refers (Special) to rtexit2.o(.ARM.Collect$$rtexit$$00000002) for __rt_exit_prels_1
    rtexit.o(.ARM.exidx) refers to rtexit.o(.ARM.Collect$$rtexit$$00000000) for .ARM.Collect$$rtexit$$00000000
    libinit2.o(.ARM.Collect$$libinit$$00000001) refers to fpinit.o(x$fpl$fpinit) for _fp_init
    libinit2.o(.ARM.Collect$$libinit$$00000010) refers to libinit2.o(.ARM.Collect$$libinit$$0000000F) for .ARM.Collect$$libinit$$0000000F
    libinit2.o(.ARM.Collect$$libinit$$00000012) refers to libinit2.o(.ARM.Collect$$libinit$$0000000F) for .ARM.Collect$$libinit$$0000000F
    libinit2.o(.ARM.Collect$$libinit$$00000014) refers to libinit2.o(.ARM.Collect$$libinit$$0000000F) for .ARM.Collect$$libinit$$0000000F
    libinit2.o(.ARM.Collect$$libinit$$00000016) refers to libinit2.o(.ARM.Collect$$libinit$$0000000F) for .ARM.Collect$$libinit$$0000000F
    libinit2.o(.ARM.Collect$$libinit$$00000018) refers to libinit2.o(.ARM.Collect$$libinit$$0000000F) for .ARM.Collect$$libinit$$0000000F
    libinit2.o(.ARM.Collect$$libinit$$00000026) refers to argv_veneer.o(.emb_text) for __ARM_argv_veneer
    libinit2.o(.ARM.Collect$$libinit$$00000027) refers to argv_veneer.o(.emb_text) for __ARM_argv_veneer
    rtexit2.o(.ARM.Collect$$rtexit$$00000003) refers to libshutdown.o(.ARM.Collect$$libshutdown$$00000000) for __rt_lib_shutdown
    rtexit2.o(.ARM.Collect$$rtexit$$00000004) refers to sys_exit.o(.text) for _sys_exit
    rtexit2.o(.ARM.exidx) refers to rtexit2.o(.ARM.Collect$$rtexit$$00000001) for .ARM.Collect$$rtexit$$00000001
    rtexit2.o(.ARM.exidx) refers to rtexit2.o(.ARM.Collect$$rtexit$$00000003) for .ARM.Collect$$rtexit$$00000003
    rtexit2.o(.ARM.exidx) refers to rtexit2.o(.ARM.Collect$$rtexit$$00000004) for .ARM.Collect$$rtexit$$00000004
    argv_veneer.o(.emb_text) refers to no_argv.o(.text) for __ARM_get_argv
    sys_exit.o(.text) refers (Special) to use_no_semi.o(.text) for __I$use$semihosting
    sys_exit.o(.text) refers (Special) to indicate_semi.o(.text) for __semihosting_library_function
    sys_exit_hlt.o(.text) refers (Special) to use_no_semi.o(.text) for __I$use$semihosting
    sys_exit_hlt.o(.text) refers (Special) to indicate_semi.o(.text) for __semihosting_library_function
    _get_argv_nomalloc.o(.text) refers (Special) to hrguard.o(.text) for __heap_region$guard
    _get_argv_nomalloc.o(.text) refers to defsig_rtmem_outer.o(.text) for __rt_SIGRTMEM
    _get_argv_nomalloc.o(.text) refers to sys_command.o(.text) for _sys_command_string
    libshutdown.o(.ARM.Collect$$libshutdown$$00000000) refers (Special) to libshutdown2.o(.ARM.Collect$$libshutdown$$00000002) for __rt_lib_shutdown_cpp_1
    libshutdown.o(.ARM.Collect$$libshutdown$$00000000) refers (Special) to libshutdown2.o(.ARM.Collect$$libshutdown$$00000007) for __rt_lib_shutdown_fp_trap_1
    libshutdown.o(.ARM.Collect$$libshutdown$$00000000) refers (Special) to libshutdown2.o(.ARM.Collect$$libshutdown$$0000000F) for __rt_lib_shutdown_heap_1
    libshutdown.o(.ARM.Collect$$libshutdown$$00000000) refers (Special) to libshutdown2.o(.ARM.Collect$$libshutdown$$00000010) for __rt_lib_shutdown_return
    libshutdown.o(.ARM.Collect$$libshutdown$$00000000) refers (Special) to libshutdown2.o(.ARM.Collect$$libshutdown$$0000000A) for __rt_lib_shutdown_signal_1
    libshutdown.o(.ARM.Collect$$libshutdown$$00000000) refers (Special) to libshutdown2.o(.ARM.Collect$$libshutdown$$00000004) for __rt_lib_shutdown_stdio_1
    libshutdown.o(.ARM.Collect$$libshutdown$$00000000) refers (Special) to libshutdown2.o(.ARM.Collect$$libshutdown$$0000000C) for __rt_lib_shutdown_user_alloc_1
    sys_command.o(.text) refers (Special) to use_no_semi.o(.text) for __I$use$semihosting
    sys_command.o(.text) refers (Special) to indicate_semi.o(.text) for __semihosting_library_function
    sys_command_hlt.o(.text) refers (Special) to use_no_semi.o(.text) for __I$use$semihosting
    sys_command_hlt.o(.text) refers (Special) to indicate_semi.o(.text) for __semihosting_library_function
    defsig_rtmem_outer.o(.text) refers to defsig_rtmem_inner.o(.text) for __rt_SIGRTMEM_inner
    defsig_rtmem_outer.o(.text) refers to defsig_exit.o(.text) for __sig_exit
    defsig_rtmem_formal.o(.text) refers to rt_raise.o(.text) for __rt_raise
    rt_raise.o(.text) refers to __raise.o(.text) for __raise
    rt_raise.o(.text) refers to sys_exit.o(.text) for _sys_exit
    defsig_exit.o(.text) refers to sys_exit.o(.text) for _sys_exit
    defsig_rtmem_inner.o(.text) refers to defsig_general.o(.text) for __default_signal_display
    __raise.o(.text) refers to defsig.o(CL$$defsig) for __default_signal_handler
    defsig_general.o(.text) refers to sys_wrch.o(.text) for _ttywrch
    sys_wrch.o(.text) refers (Special) to use_no_semi.o(.text) for __I$use$semihosting
    sys_wrch.o(.text) refers (Special) to indicate_semi.o(.text) for __semihosting_library_function
    sys_wrch_hlt.o(.text) refers (Special) to use_no_semi.o(.text) for __I$use$semihosting
    sys_wrch_hlt.o(.text) refers (Special) to indicate_semi.o(.text) for __semihosting_library_function
    defsig.o(CL$$defsig) refers to defsig_rtmem_inner.o(.text) for __rt_SIGRTMEM_inner
    defsig_abrt_inner.o(.text) refers to defsig_general.o(.text) for __default_signal_display
    defsig_fpe_inner.o(.text) refers to defsig_general.o(.text) for __default_signal_display
    defsig_rtred_inner.o(.text) refers to defsig_general.o(.text) for __default_signal_display
    defsig_stak_inner.o(.text) refers to defsig_general.o(.text) for __default_signal_display
    defsig_pvfn_inner.o(.text) refers to defsig_general.o(.text) for __default_signal_display
    defsig_cppl_inner.o(.text) refers to defsig_general.o(.text) for __default_signal_display
    defsig_segv_inner.o(.text) refers to defsig_general.o(.text) for __default_signal_display
    defsig_other.o(.text) refers to defsig_general.o(.text) for __default_signal_display


==============================================================================

Removing Unused input sections from the image.

    Removing main.o(.text), (0 bytes).
    Removing main.o(.ARM.exidx.text.main), (8 bytes).
    Removing main.o(.ARM.exidx.text.edgeFinder), (8 bytes).
    Removing main.o(.ARM.exidx.text.delay), (8 bytes).
    Removing main.o(.ARM.use_no_argv), (4 bytes).
    Removing pwm.o(.text), (0 bytes).
    Removing led.o(.text), (0 bytes).
    Removing camera.o(.text), (0 bytes).
    Removing adc.o(.text), (0 bytes).
    Removing adc.o(.ARM.exidx.text.init_ADC0), (8 bytes).
    Removing adc.o(.ARM.exidx.text.__NVIC_EnableIRQ), (8 bytes).
    Removing adc.o(.ARM.exidx.text.ADC0_IRQHandler), (8 bytes).
    Removing adc.o(.ARM.exidx.text.get_ADC0_VAL), (8 bytes).
    Removing dac.o(.text), (0 bytes).
    Removing ftm.o(.text), (0 bytes).
    Removing ftm.o(.ARM.exidx.text.init_FTM2), (8 bytes).
    Removing ftm.o(.ARM.exidx.text.__NVIC_EnableIRQ), (8 bytes).
    Removing ftm.o(.ARM.exidx.text.FTM2_IRQHandler), (8 bytes).
    Removing ftm.o(.text.FTM0_set_duty_cycle), (74 bytes).
    Removing ftm.o(.ARM.exidx.text.FTM0_set_duty_cycle), (8 bytes).
    Removing ftm.o(.ARM.exidx.text.FTM0_init), (8 bytes).
    Removing ftm.o(.text.FTM3_set_duty_cycle), (88 bytes).
    Removing ftm.o(.ARM.exidx.text.FTM3_set_duty_cycle), (8 bytes).
    Removing ftm.o(.ARM.exidx.text.FTM3_init), (8 bytes).
    Removing gpio.o(.text), (0 bytes).
    Removing gpio.o(.ARM.exidx.text.LED_Off), (8 bytes).
    Removing gpio.o(.ARM.exidx.text.LED_Init), (8 bytes).
    Removing gpio.o(.text.LED_On), (98 bytes).
    Removing gpio.o(.ARM.exidx.text.LED_On), (8 bytes).
    Removing gpio.o(.ARM.exidx.text.init_GPIO), (8 bytes).
    Removing gpio.o(.ARM.exidx.text.HBridge_init), (8 bytes).
    Removing pit.o(.text), (0 bytes).
    Removing pit.o(.ARM.exidx.text.init_PIT), (8 bytes).
    Removing pit.o(.ARM.exidx.text.__NVIC_EnableIRQ), (8 bytes).
    Removing pit.o(.ARM.exidx.text.PIT0_IRQHandler), (8 bytes).
    Removing uart.o(.text), (0 bytes).
    Removing uart.o(.ARM.exidx.text.uart0_init), (8 bytes).
    Removing uart.o(.ARM.exidx.text.uart3_init), (8 bytes).
    Removing uart.o(.text.uart0_getchar), (18 bytes).
    Removing uart.o(.ARM.exidx.text.uart0_getchar), (8 bytes).
    Removing uart.o(.ARM.exidx.text.uart0_putchar), (8 bytes).
    Removing uart.o(.ARM.exidx.text.uart0_put), (8 bytes).
    Removing uart.o(.text.uart3_getchar), (18 bytes).
    Removing uart.o(.ARM.exidx.text.uart3_getchar), (8 bytes).
    Removing uart.o(.text.uart3_putchar), (22 bytes).
    Removing uart.o(.ARM.exidx.text.uart3_putchar), (8 bytes).
    Removing uart.o(.text.uart3_put), (28 bytes).
    Removing uart.o(.ARM.exidx.text.uart3_put), (8 bytes).
    Removing motor.o(.text), (0 bytes).
    Removing motor.o(.text.init_motor), (12 bytes).
    Removing motor.o(.ARM.exidx.text.init_motor), (8 bytes).
    Removing motor.o(.text.drive_forward), (14 bytes).
    Removing motor.o(.ARM.exidx.text.drive_forward), (8 bytes).
    Removing motor.o(.text.drive_backward), (16 bytes).
    Removing motor.o(.ARM.exidx.text.drive_backward), (8 bytes).
    Removing motor.o(.text.turn_wheels), (64 bytes).
    Removing motor.o(.ARM.exidx.text.turn_wheels), (8 bytes).
    Removing system_mk64f12.o(.text), (0 bytes).
    Removing system_mk64f12.o(.ARM.exidx.text.SystemInit), (8 bytes).
    Removing system_mk64f12.o(.text.SystemCoreClockUpdate), (278 bytes).
    Removing system_mk64f12.o(.ARM.exidx.text.SystemCoreClockUpdate), (8 bytes).
    Removing system_mk64f12.o(.data.SystemCoreClock), (4 bytes).

62 unused section(s) (total 1026 bytes) removed from the image.

==============================================================================

Image Symbol Table

    Local Symbols

    Symbol Name                              Value     Ov Type        Size  Object(Section)

    ../clib/angel/boardlib.s                 0x00000000   Number         0  boardinit1.o ABSOLUTE
    ../clib/angel/boardlib.s                 0x00000000   Number         0  boardinit2.o ABSOLUTE
    ../clib/angel/boardlib.s                 0x00000000   Number         0  boardinit3.o ABSOLUTE
    ../clib/angel/boardlib.s                 0x00000000   Number         0  boardshut.o ABSOLUTE
    ../clib/angel/handlers.s                 0x00000000   Number         0  __scatter_copy.o ABSOLUTE
    ../clib/angel/handlers.s                 0x00000000   Number         0  __scatter_zi.o ABSOLUTE
    ../clib/angel/kernel.s                   0x00000000   Number         0  __rtentry.o ABSOLUTE
    ../clib/angel/kernel.s                   0x00000000   Number         0  __rtentry2.o ABSOLUTE
    ../clib/angel/kernel.s                   0x00000000   Number         0  __rtentry4.o ABSOLUTE
    ../clib/angel/kernel.s                   0x00000000   Number         0  rtexit.o ABSOLUTE
    ../clib/angel/kernel.s                   0x00000000   Number         0  rtexit2.o ABSOLUTE
    ../clib/angel/rt.s                       0x00000000   Number         0  rt_raise.o ABSOLUTE
    ../clib/angel/scatter.s                  0x00000000   Number         0  __scatter.o ABSOLUTE
    ../clib/angel/startup.s                  0x00000000   Number         0  __main.o ABSOLUTE
    ../clib/angel/sys.s                      0x00000000   Number         0  sys_stackheap_outer.o ABSOLUTE
    ../clib/angel/sys.s                      0x00000000   Number         0  libspace.o ABSOLUTE
    ../clib/angel/sys.s                      0x00000000   Number         0  use_no_semi.o ABSOLUTE
    ../clib/angel/sys.s                      0x00000000   Number         0  indicate_semi.o ABSOLUTE
    ../clib/angel/sysapp.c                   0x00000000   Number         0  sys_exit.o ABSOLUTE
    ../clib/angel/sysapp.c                   0x00000000   Number         0  sys_exit_hlt.o ABSOLUTE
    ../clib/angel/sysapp.c                   0x00000000   Number         0  sys_command.o ABSOLUTE
    ../clib/angel/sysapp.c                   0x00000000   Number         0  sys_command_hlt.o ABSOLUTE
    ../clib/angel/sysapp.c                   0x00000000   Number         0  sys_wrch.o ABSOLUTE
    ../clib/angel/sysapp.c                   0x00000000   Number         0  sys_wrch_hlt.o ABSOLUTE
    ../clib/armsys.c                         0x00000000   Number         0  argv_veneer.o ABSOLUTE
    ../clib/armsys.c                         0x00000000   Number         0  argv_veneer.o ABSOLUTE
    ../clib/armsys.c                         0x00000000   Number         0  _get_argv_nomalloc.o ABSOLUTE
    ../clib/armsys.c                         0x00000000   Number         0  no_argv.o ABSOLUTE
    ../clib/heapalloc.c                      0x00000000   Number         0  hrguard.o ABSOLUTE
    ../clib/heapaux.c                        0x00000000   Number         0  heapauxi.o ABSOLUTE
    ../clib/libinit.s                        0x00000000   Number         0  libinit.o ABSOLUTE
    ../clib/libinit.s                        0x00000000   Number         0  libinit2.o ABSOLUTE
    ../clib/libinit.s                        0x00000000   Number         0  libshutdown.o ABSOLUTE
    ../clib/libinit.s                        0x00000000   Number         0  libshutdown2.o ABSOLUTE
    ../clib/printf.c                         0x00000000   Number         0  __2sprintf.o ABSOLUTE
    ../clib/printf.c                         0x00000000   Number         0  noretval__2sprintf.o ABSOLUTE
    ../clib/printf.c                         0x00000000   Number         0  __printf.o ABSOLUTE
    ../clib/printf.c                         0x00000000   Number         0  _printf_dec.o ABSOLUTE
    ../clib/printf.c                         0x00000000   Number         0  __printf_flags.o ABSOLUTE
    ../clib/printf.c                         0x00000000   Number         0  __printf_ss.o ABSOLUTE
    ../clib/printf.c                         0x00000000   Number         0  __printf_flags_ss.o ABSOLUTE
    ../clib/printf.c                         0x00000000   Number         0  __printf_wp.o ABSOLUTE
    ../clib/printf.c                         0x00000000   Number         0  __printf_flags_wp.o ABSOLUTE
    ../clib/printf.c                         0x00000000   Number         0  __printf_ss_wp.o ABSOLUTE
    ../clib/printf.c                         0x00000000   Number         0  __printf_flags_ss_wp.o ABSOLUTE
    ../clib/printf.c                         0x00000000   Number         0  _printf_intcommon.o ABSOLUTE
    ../clib/printf.c                         0x00000000   Number         0  _printf_char_common.o ABSOLUTE
    ../clib/printf.c                         0x00000000   Number         0  _sputc.o ABSOLUTE
    ../clib/printf.c                         0x00000000   Number         0  __printf_nopercent.o ABSOLUTE
    ../clib/printf_percent.s                 0x00000000   Number         0  _printf_i.o ABSOLUTE
    ../clib/printf_percent.s                 0x00000000   Number         0  _printf_percent.o ABSOLUTE
    ../clib/printf_percent.s                 0x00000000   Number         0  _printf_percent_end.o ABSOLUTE
    ../clib/signal.c                         0x00000000   Number         0  defsig_rtmem_outer.o ABSOLUTE
    ../clib/signal.c                         0x00000000   Number         0  defsig_rtmem_formal.o ABSOLUTE
    ../clib/signal.c                         0x00000000   Number         0  defsig_exit.o ABSOLUTE
    ../clib/signal.c                         0x00000000   Number         0  defsig_rtmem_inner.o ABSOLUTE
    ../clib/signal.c                         0x00000000   Number         0  __raise.o ABSOLUTE
    ../clib/signal.c                         0x00000000   Number         0  defsig_general.o ABSOLUTE
    ../clib/signal.c                         0x00000000   Number         0  defsig_abrt_inner.o ABSOLUTE
    ../clib/signal.c                         0x00000000   Number         0  defsig_fpe_inner.o ABSOLUTE
    ../clib/signal.c                         0x00000000   Number         0  defsig_rtred_inner.o ABSOLUTE
    ../clib/signal.c                         0x00000000   Number         0  defsig_stak_inner.o ABSOLUTE
    ../clib/signal.c                         0x00000000   Number         0  defsig_pvfn_inner.o ABSOLUTE
    ../clib/signal.c                         0x00000000   Number         0  defsig_cppl_inner.o ABSOLUTE
    ../clib/signal.c                         0x00000000   Number         0  defsig_segv_inner.o ABSOLUTE
    ../clib/signal.c                         0x00000000   Number         0  defsig_other.o ABSOLUTE
    ../clib/signal.s                         0x00000000   Number         0  defsig.o ABSOLUTE
    ../clib/stdlib.c                         0x00000000   Number         0  exit.o ABSOLUTE
    ../fplib/daddsub.s                       0x00000000   Number         0  daddsub_clz.o ABSOLUTE
    ../fplib/ddiv.s                          0x00000000   Number         0  ddiv.o ABSOLUTE
    ../fplib/dfix.s                          0x00000000   Number         0  dfix.o ABSOLUTE
    ../fplib/dflt.s                          0x00000000   Number         0  dflt_clz.o ABSOLUTE
    ../fplib/dmul.s                          0x00000000   Number         0  dmul.o ABSOLUTE
    ../fplib/dnaninf.s                       0x00000000   Number         0  dnaninf.o ABSOLUTE
    ../fplib/dretinf.s                       0x00000000   Number         0  dretinf.o ABSOLUTE
    ../fplib/fpinit.s                        0x00000000   Number         0  fpinit.o ABSOLUTE
    ../fplib/usenofp.s                       0x00000000   Number         0  usenofp.o ABSOLUTE
    RTE/Device/MK64FN1M0xxx12/startup_MK64F12.s 0x00000000   Number         0  startup_mk64f12.o ABSOLUTE
    adc.c                                    0x00000000   Number         0  adc.o ABSOLUTE
    camera.c                                 0x00000000   Number         0  camera.o ABSOLUTE
    dac.c                                    0x00000000   Number         0  dac.o ABSOLUTE
    dc.s                                     0x00000000   Number         0  dc.o ABSOLUTE
    ftm.c                                    0x00000000   Number         0  ftm.o ABSOLUTE
    gpio.c                                   0x00000000   Number         0  gpio.o ABSOLUTE
    led.c                                    0x00000000   Number         0  led.o ABSOLUTE
    main.c                                   0x00000000   Number         0  main.o ABSOLUTE
    motor.c                                  0x00000000   Number         0  motor.o ABSOLUTE
    pit.c                                    0x00000000   Number         0  pit.o ABSOLUTE
    pwm.c                                    0x00000000   Number         0  pwm.o ABSOLUTE
    system_MK64F12.c                         0x00000000   Number         0  system_mk64f12.o ABSOLUTE
    uart.c                                   0x00000000   Number         0  uart.o ABSOLUTE
    RESET                                    0x00000000   Section     1024  startup_mk64f12.o(RESET)
    .ARM.__at_0x400                          0x00000400   Section       16  startup_mk64f12.o(.ARM.__at_0x400)
    !!!main                                  0x00000410   Section        8  __main.o(!!!main)
    !!!scatter                               0x00000418   Section       52  __scatter.o(!!!scatter)
    !!handler_copy                           0x0000044c   Section       26  __scatter_copy.o(!!handler_copy)
    !!handler_zi                             0x00000468   Section       28  __scatter_zi.o(!!handler_zi)
    .ARM.Collect$$_printf_percent$$00000000  0x00000484   Section        0  _printf_percent.o(.ARM.Collect$$_printf_percent$$00000000)
    .ARM.Collect$$_printf_percent$$00000008  0x00000484   Section        6  _printf_i.o(.ARM.Collect$$_printf_percent$$00000008)
    .ARM.Collect$$_printf_percent$$00000017  0x0000048a   Section        4  _printf_percent_end.o(.ARM.Collect$$_printf_percent$$00000017)
    .ARM.Collect$$libinit$$00000000          0x0000048e   Section        2  libinit.o(.ARM.Collect$$libinit$$00000000)
    .ARM.Collect$$libinit$$00000001          0x00000490   Section        4  libinit2.o(.ARM.Collect$$libinit$$00000001)
    .ARM.Collect$$libinit$$00000004          0x00000494   Section        0  libinit2.o(.ARM.Collect$$libinit$$00000004)
    .ARM.Collect$$libinit$$0000000A          0x00000494   Section        0  libinit2.o(.ARM.Collect$$libinit$$0000000A)
    .ARM.Collect$$libinit$$0000000C          0x00000494   Section        0  libinit2.o(.ARM.Collect$$libinit$$0000000C)
    .ARM.Collect$$libinit$$0000000E          0x00000494   Section        0  libinit2.o(.ARM.Collect$$libinit$$0000000E)
    .ARM.Collect$$libinit$$00000011          0x00000494   Section        0  libinit2.o(.ARM.Collect$$libinit$$00000011)
    .ARM.Collect$$libinit$$00000013          0x00000494   Section        0  libinit2.o(.ARM.Collect$$libinit$$00000013)
    .ARM.Collect$$libinit$$00000015          0x00000494   Section        0  libinit2.o(.ARM.Collect$$libinit$$00000015)
    .ARM.Collect$$libinit$$00000017          0x00000494   Section        0  libinit2.o(.ARM.Collect$$libinit$$00000017)
    .ARM.Collect$$libinit$$00000019          0x00000494   Section        0  libinit2.o(.ARM.Collect$$libinit$$00000019)
    .ARM.Collect$$libinit$$0000001B          0x00000494   Section        0  libinit2.o(.ARM.Collect$$libinit$$0000001B)
    .ARM.Collect$$libinit$$0000001D          0x00000494   Section        0  libinit2.o(.ARM.Collect$$libinit$$0000001D)
    .ARM.Collect$$libinit$$0000001F          0x00000494   Section        0  libinit2.o(.ARM.Collect$$libinit$$0000001F)
    .ARM.Collect$$libinit$$00000021          0x00000494   Section        0  libinit2.o(.ARM.Collect$$libinit$$00000021)
    .ARM.Collect$$libinit$$00000023          0x00000494   Section        0  libinit2.o(.ARM.Collect$$libinit$$00000023)
    .ARM.Collect$$libinit$$00000025          0x00000494   Section        0  libinit2.o(.ARM.Collect$$libinit$$00000025)
    .ARM.Collect$$libinit$$0000002C          0x00000494   Section        0  libinit2.o(.ARM.Collect$$libinit$$0000002C)
    .ARM.Collect$$libinit$$0000002E          0x00000494   Section        0  libinit2.o(.ARM.Collect$$libinit$$0000002E)
    .ARM.Collect$$libinit$$00000030          0x00000494   Section        0  libinit2.o(.ARM.Collect$$libinit$$00000030)
    .ARM.Collect$$libinit$$00000032          0x00000494   Section        0  libinit2.o(.ARM.Collect$$libinit$$00000032)
    .ARM.Collect$$libinit$$00000033          0x00000494   Section        2  libinit2.o(.ARM.Collect$$libinit$$00000033)
    .ARM.Collect$$libshutdown$$00000000      0x00000496   Section        2  libshutdown.o(.ARM.Collect$$libshutdown$$00000000)
    .ARM.Collect$$libshutdown$$00000002      0x00000498   Section        0  libshutdown2.o(.ARM.Collect$$libshutdown$$00000002)
    .ARM.Collect$$libshutdown$$00000004      0x00000498   Section        0  libshutdown2.o(.ARM.Collect$$libshutdown$$00000004)
    .ARM.Collect$$libshutdown$$00000007      0x00000498   Section        0  libshutdown2.o(.ARM.Collect$$libshutdown$$00000007)
    .ARM.Collect$$libshutdown$$0000000A      0x00000498   Section        0  libshutdown2.o(.ARM.Collect$$libshutdown$$0000000A)
    .ARM.Collect$$libshutdown$$0000000C      0x00000498   Section        0  libshutdown2.o(.ARM.Collect$$libshutdown$$0000000C)
    .ARM.Collect$$libshutdown$$0000000F      0x00000498   Section        0  libshutdown2.o(.ARM.Collect$$libshutdown$$0000000F)
    .ARM.Collect$$libshutdown$$00000010      0x00000498   Section        2  libshutdown2.o(.ARM.Collect$$libshutdown$$00000010)
    .ARM.Collect$$rtentry$$00000000          0x0000049a   Section        0  __rtentry.o(.ARM.Collect$$rtentry$$00000000)
    .ARM.Collect$$rtentry$$00000002          0x0000049a   Section        0  __rtentry2.o(.ARM.Collect$$rtentry$$00000002)
    .ARM.Collect$$rtentry$$00000004          0x0000049a   Section        6  __rtentry4.o(.ARM.Collect$$rtentry$$00000004)
    .ARM.Collect$$rtentry$$00000009          0x000004a0   Section        0  __rtentry2.o(.ARM.Collect$$rtentry$$00000009)
    .ARM.Collect$$rtentry$$0000000A          0x000004a0   Section        4  __rtentry2.o(.ARM.Collect$$rtentry$$0000000A)
    .ARM.Collect$$rtentry$$0000000C          0x000004a4   Section        0  __rtentry2.o(.ARM.Collect$$rtentry$$0000000C)
    .ARM.Collect$$rtentry$$0000000D          0x000004a4   Section        8  __rtentry2.o(.ARM.Collect$$rtentry$$0000000D)
    .ARM.Collect$$rtexit$$00000000           0x000004ac   Section        2  rtexit.o(.ARM.Collect$$rtexit$$00000000)
    .ARM.Collect$$rtexit$$00000002           0x000004ae   Section        0  rtexit2.o(.ARM.Collect$$rtexit$$00000002)
    .ARM.Collect$$rtexit$$00000003           0x000004ae   Section        4  rtexit2.o(.ARM.Collect$$rtexit$$00000003)
    .ARM.Collect$$rtexit$$00000004           0x000004b2   Section        6  rtexit2.o(.ARM.Collect$$rtexit$$00000004)
    $v0                                      0x000004b8   Number         0  startup_mk64f12.o(.text)
    .text                                    0x000004b8   Section       72  startup_mk64f12.o(.text)
    .text                                    0x00000500   Section        0  noretval__2sprintf.o(.text)
    .text                                    0x00000528   Section        0  __printf.o(.text)
    .text                                    0x00000590   Section        0  _printf_dec.o(.text)
    .text                                    0x00000608   Section        0  heapauxi.o(.text)
    .text                                    0x0000060e   Section        0  _printf_intcommon.o(.text)
    _printf_input_char                       0x000006c1   Thumb Code    10  _printf_char_common.o(.text)
    .text                                    0x000006c0   Section        0  _printf_char_common.o(.text)
    .text                                    0x000006f0   Section        0  _sputc.o(.text)
    .text                                    0x000006fa   Section       74  sys_stackheap_outer.o(.text)
    .text                                    0x00000744   Section        0  exit.o(.text)
    .text                                    0x00000758   Section        8  libspace.o(.text)
    .text                                    0x00000760   Section        0  sys_exit.o(.text)
    .text                                    0x0000076c   Section        2  use_no_semi.o(.text)
    .text                                    0x0000076e   Section        0  indicate_semi.o(.text)
    [Anonymous Symbol]                       0x00000770   Section        0  adc.o(.text.ADC0_IRQHandler)
    [Anonymous Symbol]                       0x00000788   Section        0  ftm.o(.text.FTM0_init)
    [Anonymous Symbol]                       0x0000081c   Section        0  ftm.o(.text.FTM2_IRQHandler)
    [Anonymous Symbol]                       0x000008dc   Section        0  ftm.o(.text.FTM3_init)
    [Anonymous Symbol]                       0x0000093c   Section        0  gpio.o(.text.HBridge_init)
    [Anonymous Symbol]                       0x00000978   Section        0  gpio.o(.text.LED_Init)
    [Anonymous Symbol]                       0x000009d8   Section        0  gpio.o(.text.LED_Off)
    [Anonymous Symbol]                       0x00000a00   Section        0  pit.o(.text.PIT0_IRQHandler)
    [Anonymous Symbol]                       0x00000a40   Section        0  system_mk64f12.o(.text.SystemInit)
    __NVIC_EnableIRQ                         0x00000add   Thumb Code    14  adc.o(.text.__NVIC_EnableIRQ)
    [Anonymous Symbol]                       0x00000adc   Section        0  adc.o(.text.__NVIC_EnableIRQ)
    __NVIC_EnableIRQ                         0x00000aed   Thumb Code    16  ftm.o(.text.__NVIC_EnableIRQ)
    [Anonymous Symbol]                       0x00000aec   Section        0  ftm.o(.text.__NVIC_EnableIRQ)
    __NVIC_EnableIRQ                         0x00000afd   Thumb Code    16  pit.o(.text.__NVIC_EnableIRQ)
    [Anonymous Symbol]                       0x00000afc   Section        0  pit.o(.text.__NVIC_EnableIRQ)
    [Anonymous Symbol]                       0x00000b0c   Section        0  main.o(.text.delay)
    [Anonymous Symbol]                       0x00000b30   Section        0  main.o(.text.edgeFinder)
    [Anonymous Symbol]                       0x00000b90   Section        0  adc.o(.text.get_ADC0_VAL)
    [Anonymous Symbol]                       0x00000b9c   Section        0  adc.o(.text.init_ADC0)
    [Anonymous Symbol]                       0x00000c40   Section        0  ftm.o(.text.init_FTM2)
    [Anonymous Symbol]                       0x00000ccc   Section        0  gpio.o(.text.init_GPIO)
    [Anonymous Symbol]                       0x00000d10   Section        0  pit.o(.text.init_PIT)
    [Anonymous Symbol]                       0x00000d6c   Section        0  main.o(.text.main)
    [Anonymous Symbol]                       0x00000df0   Section        0  uart.o(.text.uart0_init)
    [Anonymous Symbol]                       0x00000e74   Section        0  uart.o(.text.uart0_put)
    [Anonymous Symbol]                       0x00000e90   Section        0  uart.o(.text.uart0_putchar)
    [Anonymous Symbol]                       0x00000ea8   Section        0  uart.o(.text.uart3_init)
    $v0                                      0x00000f2a   Number         0  fpinit.o(x$fpl$fpinit)
    x$fpl$fpinit                             0x00000f2a   Section       26  fpinit.o(x$fpl$fpinit)
    .bss                                     0x20000008   Section       96  libspace.o(.bss)
    Heap_Mem                                 0x200001d8   Data           0  startup_mk64f12.o(HEAP)
    Stack_Mem                                0x200001d8   Data        1024  startup_mk64f12.o(STACK)
    HEAP                                     0x200001d8   Section        0  startup_mk64f12.o(HEAP)
    STACK                                    0x200001d8   Section     1024  startup_mk64f12.o(STACK)
    __initial_sp                             0x200005d8   Data           0  startup_mk64f12.o(STACK)

    Global Symbols

    Symbol Name                              Value     Ov Type        Size  Object(Section)

    BuildAttributes$$THM_ISAv4$E$P$D$K$B$S$7EM$VFPi3$EXTD16$VFPS$VFMA$PE$A:L22UL41UL21$X:L11$S22US41US21$IEEE1$IW$~IW$USESV6$~STKCKD$USESV7$~SHL$OTIME$ROPI$EBA8$UX$STANDARDLIB$REQ8$PRES8$EABIv2 0x00000000   Number         0  anon$$obj.o ABSOLUTE
    __Vectors                                0x00000000   Data           4  startup_mk64f12.o(RESET)
    __ARM_exceptions_init                     - Undefined Weak Reference
    __alloca_initialize                       - Undefined Weak Reference
    __arm_preinit_                            - Undefined Weak Reference
    __cpp_initialize__aeabi_                  - Undefined Weak Reference
    __cxa_finalize                            - Undefined Weak Reference
    __rt_locale                               - Undefined Weak Reference
    __sigvec_lookup                           - Undefined Weak Reference
    _atexit_init                              - Undefined Weak Reference
    _call_atexit_fns                          - Undefined Weak Reference
    _clock_init                               - Undefined Weak Reference
    _fp_trap_init                             - Undefined Weak Reference
    _fp_trap_shutdown                         - Undefined Weak Reference
    _get_lc_collate                           - Undefined Weak Reference
    _get_lc_ctype                             - Undefined Weak Reference
    _get_lc_monetary                          - Undefined Weak Reference
    _get_lc_numeric                           - Undefined Weak Reference
    _get_lc_time                              - Undefined Weak Reference
    _getenv_init                              - Undefined Weak Reference
    _handle_redirection                       - Undefined Weak Reference
    _init_alloc                               - Undefined Weak Reference
    _init_user_alloc                          - Undefined Weak Reference
    _initio                                   - Undefined Weak Reference
    _printf_post_padding                      - Undefined Weak Reference
    _printf_pre_padding                       - Undefined Weak Reference
    _printf_truncate_signed                   - Undefined Weak Reference
    _printf_truncate_unsigned                 - Undefined Weak Reference
    _rand_init                                - Undefined Weak Reference
    _signal_finish                            - Undefined Weak Reference
    _signal_init                              - Undefined Weak Reference
    _terminate_alloc                          - Undefined Weak Reference
    _terminate_user_alloc                     - Undefined Weak Reference
    _terminateio                              - Undefined Weak Reference
    __Vectors_End                            0x00000400   Data           0  startup_mk64f12.o(RESET)
    __Vectors_Size                           0x00000400   Number         0  startup_mk64f12.o ABSOLUTE
    __main                                   0x00000411   Thumb Code     8  __main.o(!!!main)
    __scatterload                            0x00000419   Thumb Code     0  __scatter.o(!!!scatter)
    __scatterload_rt2                        0x00000419   Thumb Code    44  __scatter.o(!!!scatter)
    __scatterload_rt2_thumb_only             0x00000419   Thumb Code     0  __scatter.o(!!!scatter)
    __scatterload_null                       0x00000427   Thumb Code     0  __scatter.o(!!!scatter)
    __scatterload_copy                       0x0000044d   Thumb Code    26  __scatter_copy.o(!!handler_copy)
    __scatterload_zeroinit                   0x00000469   Thumb Code    28  __scatter_zi.o(!!handler_zi)
    _printf_i                                0x00000485   Thumb Code     0  _printf_i.o(.ARM.Collect$$_printf_percent$$00000008)
    _printf_percent                          0x00000485   Thumb Code     0  _printf_percent.o(.ARM.Collect$$_printf_percent$$00000000)
    _printf_percent_end                      0x0000048b   Thumb Code     0  _printf_percent_end.o(.ARM.Collect$$_printf_percent$$00000017)
    __rt_lib_init                            0x0000048f   Thumb Code     0  libinit.o(.ARM.Collect$$libinit$$00000000)
    __rt_lib_init_fp_1                       0x00000491   Thumb Code     0  libinit2.o(.ARM.Collect$$libinit$$00000001)
    __rt_lib_init_alloca_1                   0x00000495   Thumb Code     0  libinit2.o(.ARM.Collect$$libinit$$0000002E)
    __rt_lib_init_argv_1                     0x00000495   Thumb Code     0  libinit2.o(.ARM.Collect$$libinit$$0000002C)
    __rt_lib_init_atexit_1                   0x00000495   Thumb Code     0  libinit2.o(.ARM.Collect$$libinit$$0000001B)
    __rt_lib_init_clock_1                    0x00000495   Thumb Code     0  libinit2.o(.ARM.Collect$$libinit$$00000021)
    __rt_lib_init_cpp_1                      0x00000495   Thumb Code     0  libinit2.o(.ARM.Collect$$libinit$$00000032)
    __rt_lib_init_exceptions_1               0x00000495   Thumb Code     0  libinit2.o(.ARM.Collect$$libinit$$00000030)
    __rt_lib_init_fp_trap_1                  0x00000495   Thumb Code     0  libinit2.o(.ARM.Collect$$libinit$$0000001F)
    __rt_lib_init_getenv_1                   0x00000495   Thumb Code     0  libinit2.o(.ARM.Collect$$libinit$$00000023)
    __rt_lib_init_heap_1                     0x00000495   Thumb Code     0  libinit2.o(.ARM.Collect$$libinit$$0000000A)
    __rt_lib_init_lc_collate_1               0x00000495   Thumb Code     0  libinit2.o(.ARM.Collect$$libinit$$00000011)
    __rt_lib_init_lc_ctype_1                 0x00000495   Thumb Code     0  libinit2.o(.ARM.Collect$$libinit$$00000013)
    __rt_lib_init_lc_monetary_1              0x00000495   Thumb Code     0  libinit2.o(.ARM.Collect$$libinit$$00000015)
    __rt_lib_init_lc_numeric_1               0x00000495   Thumb Code     0  libinit2.o(.ARM.Collect$$libinit$$00000017)
    __rt_lib_init_lc_time_1                  0x00000495   Thumb Code     0  libinit2.o(.ARM.Collect$$libinit$$00000019)
    __rt_lib_init_preinit_1                  0x00000495   Thumb Code     0  libinit2.o(.ARM.Collect$$libinit$$00000004)
    __rt_lib_init_rand_1                     0x00000495   Thumb Code     0  libinit2.o(.ARM.Collect$$libinit$$0000000E)
    __rt_lib_init_return                     0x00000495   Thumb Code     0  libinit2.o(.ARM.Collect$$libinit$$00000033)
    __rt_lib_init_signal_1                   0x00000495   Thumb Code     0  libinit2.o(.ARM.Collect$$libinit$$0000001D)
    __rt_lib_init_stdio_1                    0x00000495   Thumb Code     0  libinit2.o(.ARM.Collect$$libinit$$00000025)
    __rt_lib_init_user_alloc_1               0x00000495   Thumb Code     0  libinit2.o(.ARM.Collect$$libinit$$0000000C)
    __rt_lib_shutdown                        0x00000497   Thumb Code     0  libshutdown.o(.ARM.Collect$$libshutdown$$00000000)
    __rt_lib_shutdown_cpp_1                  0x00000499   Thumb Code     0  libshutdown2.o(.ARM.Collect$$libshutdown$$00000002)
    __rt_lib_shutdown_fp_trap_1              0x00000499   Thumb Code     0  libshutdown2.o(.ARM.Collect$$libshutdown$$00000007)
    __rt_lib_shutdown_heap_1                 0x00000499   Thumb Code     0  libshutdown2.o(.ARM.Collect$$libshutdown$$0000000F)
    __rt_lib_shutdown_return                 0x00000499   Thumb Code     0  libshutdown2.o(.ARM.Collect$$libshutdown$$00000010)
    __rt_lib_shutdown_signal_1               0x00000499   Thumb Code     0  libshutdown2.o(.ARM.Collect$$libshutdown$$0000000A)
    __rt_lib_shutdown_stdio_1                0x00000499   Thumb Code     0  libshutdown2.o(.ARM.Collect$$libshutdown$$00000004)
    __rt_lib_shutdown_user_alloc_1           0x00000499   Thumb Code     0  libshutdown2.o(.ARM.Collect$$libshutdown$$0000000C)
    __rt_entry                               0x0000049b   Thumb Code     0  __rtentry.o(.ARM.Collect$$rtentry$$00000000)
    __rt_entry_presh_1                       0x0000049b   Thumb Code     0  __rtentry2.o(.ARM.Collect$$rtentry$$00000002)
    __rt_entry_sh                            0x0000049b   Thumb Code     0  __rtentry4.o(.ARM.Collect$$rtentry$$00000004)
    __rt_entry_li                            0x000004a1   Thumb Code     0  __rtentry2.o(.ARM.Collect$$rtentry$$0000000A)
    __rt_entry_postsh_1                      0x000004a1   Thumb Code     0  __rtentry2.o(.ARM.Collect$$rtentry$$00000009)
    __rt_entry_main                          0x000004a5   Thumb Code     0  __rtentry2.o(.ARM.Collect$$rtentry$$0000000D)
    __rt_entry_postli_1                      0x000004a5   Thumb Code     0  __rtentry2.o(.ARM.Collect$$rtentry$$0000000C)
    __rt_exit                                0x000004ad   Thumb Code     0  rtexit.o(.ARM.Collect$$rtexit$$00000000)
    __rt_exit_ls                             0x000004af   Thumb Code     0  rtexit2.o(.ARM.Collect$$rtexit$$00000003)
    __rt_exit_prels_1                        0x000004af   Thumb Code     0  rtexit2.o(.ARM.Collect$$rtexit$$00000002)
    __rt_exit_exit                           0x000004b3   Thumb Code     0  rtexit2.o(.ARM.Collect$$rtexit$$00000004)
    init_data_bss                            0x000004b9   Thumb Code     2  startup_mk64f12.o(.text)
    Reset_Handler                            0x000004bb   Thumb Code    12  startup_mk64f12.o(.text)
    NMI_Handler                              0x000004c7   Thumb Code     2  startup_mk64f12.o(.text)
    HardFault_Handler                        0x000004c9   Thumb Code     2  startup_mk64f12.o(.text)
    MemManage_Handler                        0x000004cb   Thumb Code     2  startup_mk64f12.o(.text)
    BusFault_Handler                         0x000004cd   Thumb Code     2  startup_mk64f12.o(.text)
    UsageFault_Handler                       0x000004cf   Thumb Code     2  startup_mk64f12.o(.text)
    SVC_Handler                              0x000004d1   Thumb Code     2  startup_mk64f12.o(.text)
    DebugMon_Handler                         0x000004d3   Thumb Code     2  startup_mk64f12.o(.text)
    PendSV_Handler                           0x000004d5   Thumb Code     2  startup_mk64f12.o(.text)
    SysTick_Handler                          0x000004d7   Thumb Code     2  startup_mk64f12.o(.text)
    ADC1_IRQHandler                          0x000004d9   Thumb Code     0  startup_mk64f12.o(.text)
    CAN0_Bus_Off_IRQHandler                  0x000004d9   Thumb Code     0  startup_mk64f12.o(.text)
    CAN0_Error_IRQHandler                    0x000004d9   Thumb Code     0  startup_mk64f12.o(.text)
    CAN0_ORed_Message_buffer_IRQHandler      0x000004d9   Thumb Code     0  startup_mk64f12.o(.text)
    CAN0_Rx_Warning_IRQHandler               0x000004d9   Thumb Code     0  startup_mk64f12.o(.text)
    CAN0_Tx_Warning_IRQHandler               0x000004d9   Thumb Code     0  startup_mk64f12.o(.text)
    CAN0_Wake_Up_IRQHandler                  0x000004d9   Thumb Code     0  startup_mk64f12.o(.text)
    CMP0_IRQHandler                          0x000004d9   Thumb Code     0  startup_mk64f12.o(.text)
    CMP1_IRQHandler                          0x000004d9   Thumb Code     0  startup_mk64f12.o(.text)
    CMP2_IRQHandler                          0x000004d9   Thumb Code     0  startup_mk64f12.o(.text)
    CMT_IRQHandler                           0x000004d9   Thumb Code     0  startup_mk64f12.o(.text)
    DAC0_IRQHandler                          0x000004d9   Thumb Code     0  startup_mk64f12.o(.text)
    DAC1_IRQHandler                          0x000004d9   Thumb Code     0  startup_mk64f12.o(.text)
    DMA0_IRQHandler                          0x000004d9   Thumb Code     0  startup_mk64f12.o(.text)
    DMA10_IRQHandler                         0x000004d9   Thumb Code     0  startup_mk64f12.o(.text)
    DMA11_IRQHandler                         0x000004d9   Thumb Code     0  startup_mk64f12.o(.text)
    DMA12_IRQHandler                         0x000004d9   Thumb Code     0  startup_mk64f12.o(.text)
    DMA13_IRQHandler                         0x000004d9   Thumb Code     0  startup_mk64f12.o(.text)
    DMA14_IRQHandler                         0x000004d9   Thumb Code     0  startup_mk64f12.o(.text)
    DMA15_IRQHandler                         0x000004d9   Thumb Code     0  startup_mk64f12.o(.text)
    DMA1_IRQHandler                          0x000004d9   Thumb Code     0  startup_mk64f12.o(.text)
    DMA2_IRQHandler                          0x000004d9   Thumb Code     0  startup_mk64f12.o(.text)
    DMA3_IRQHandler                          0x000004d9   Thumb Code     0  startup_mk64f12.o(.text)
    DMA4_IRQHandler                          0x000004d9   Thumb Code     0  startup_mk64f12.o(.text)
    DMA5_IRQHandler                          0x000004d9   Thumb Code     0  startup_mk64f12.o(.text)
    DMA6_IRQHandler                          0x000004d9   Thumb Code     0  startup_mk64f12.o(.text)
    DMA7_IRQHandler                          0x000004d9   Thumb Code     0  startup_mk64f12.o(.text)
    DMA8_IRQHandler                          0x000004d9   Thumb Code     0  startup_mk64f12.o(.text)
    DMA9_IRQHandler                          0x000004d9   Thumb Code     0  startup_mk64f12.o(.text)
    DMA_Error_IRQHandler                     0x000004d9   Thumb Code     0  startup_mk64f12.o(.text)
    DefaultISR                               0x000004d9   Thumb Code     0  startup_mk64f12.o(.text)
    ENET_1588_Timer_IRQHandler               0x000004d9   Thumb Code     0  startup_mk64f12.o(.text)
    ENET_Error_IRQHandler                    0x000004d9   Thumb Code     0  startup_mk64f12.o(.text)
    ENET_Receive_IRQHandler                  0x000004d9   Thumb Code     0  startup_mk64f12.o(.text)
    ENET_Transmit_IRQHandler                 0x000004d9   Thumb Code     0  startup_mk64f12.o(.text)
    FTFE_IRQHandler                          0x000004d9   Thumb Code     0  startup_mk64f12.o(.text)
    FTM0_IRQHandler                          0x000004d9   Thumb Code     0  startup_mk64f12.o(.text)
    FTM1_IRQHandler                          0x000004d9   Thumb Code     0  startup_mk64f12.o(.text)
    FTM3_IRQHandler                          0x000004d9   Thumb Code     0  startup_mk64f12.o(.text)
    I2C0_IRQHandler                          0x000004d9   Thumb Code     0  startup_mk64f12.o(.text)
    I2C1_IRQHandler                          0x000004d9   Thumb Code     0  startup_mk64f12.o(.text)
    I2C2_IRQHandler                          0x000004d9   Thumb Code     0  startup_mk64f12.o(.text)
    I2S0_Rx_IRQHandler                       0x000004d9   Thumb Code     0  startup_mk64f12.o(.text)
    I2S0_Tx_IRQHandler                       0x000004d9   Thumb Code     0  startup_mk64f12.o(.text)
    LLW_IRQHandler                           0x000004d9   Thumb Code     0  startup_mk64f12.o(.text)
    LPTimer_IRQHandler                       0x000004d9   Thumb Code     0  startup_mk64f12.o(.text)
    LVD_LVW_IRQHandler                       0x000004d9   Thumb Code     0  startup_mk64f12.o(.text)
    MCG_IRQHandler                           0x000004d9   Thumb Code     0  startup_mk64f12.o(.text)
    MCM_IRQHandler                           0x000004d9   Thumb Code     0  startup_mk64f12.o(.text)
    PDB0_IRQHandler                          0x000004d9   Thumb Code     0  startup_mk64f12.o(.text)
    PIT1_IRQHandler                          0x000004d9   Thumb Code     0  startup_mk64f12.o(.text)
    PIT2_IRQHandler                          0x000004d9   Thumb Code     0  startup_mk64f12.o(.text)
    PIT3_IRQHandler                          0x000004d9   Thumb Code     0  startup_mk64f12.o(.text)
    PORTA_IRQHandler                         0x000004d9   Thumb Code     0  startup_mk64f12.o(.text)
    PORTB_IRQHandler                         0x000004d9   Thumb Code     0  startup_mk64f12.o(.text)
    PORTC_IRQHandler                         0x000004d9   Thumb Code     0  startup_mk64f12.o(.text)
    PORTD_IRQHandler                         0x000004d9   Thumb Code     0  startup_mk64f12.o(.text)
    PORTE_IRQHandler                         0x000004d9   Thumb Code     0  startup_mk64f12.o(.text)
    RNG_IRQHandler                           0x000004d9   Thumb Code     0  startup_mk64f12.o(.text)
    RTC_IRQHandler                           0x000004d9   Thumb Code     0  startup_mk64f12.o(.text)
    RTC_Seconds_IRQHandler                   0x000004d9   Thumb Code     0  startup_mk64f12.o(.text)
    Read_Collision_IRQHandler                0x000004d9   Thumb Code     0  startup_mk64f12.o(.text)
    Reserved71_IRQHandler                    0x000004d9   Thumb Code     0  startup_mk64f12.o(.text)
    SDHC_IRQHandler                          0x000004d9   Thumb Code     0  startup_mk64f12.o(.text)
    SPI0_IRQHandler                          0x000004d9   Thumb Code     0  startup_mk64f12.o(.text)
    SPI1_IRQHandler                          0x000004d9   Thumb Code     0  startup_mk64f12.o(.text)
    SPI2_IRQHandler                          0x000004d9   Thumb Code     0  startup_mk64f12.o(.text)
    SWI_IRQHandler                           0x000004d9   Thumb Code     0  startup_mk64f12.o(.text)
    UART0_ERR_IRQHandler                     0x000004d9   Thumb Code     0  startup_mk64f12.o(.text)
    UART0_LON_IRQHandler                     0x000004d9   Thumb Code     0  startup_mk64f12.o(.text)
    UART0_RX_TX_IRQHandler                   0x000004d9   Thumb Code     0  startup_mk64f12.o(.text)
    UART1_ERR_IRQHandler                     0x000004d9   Thumb Code     0  startup_mk64f12.o(.text)
    UART1_RX_TX_IRQHandler                   0x000004d9   Thumb Code     0  startup_mk64f12.o(.text)
    UART2_ERR_IRQHandler                     0x000004d9   Thumb Code     0  startup_mk64f12.o(.text)
    UART2_RX_TX_IRQHandler                   0x000004d9   Thumb Code     0  startup_mk64f12.o(.text)
    UART3_ERR_IRQHandler                     0x000004d9   Thumb Code     0  startup_mk64f12.o(.text)
    UART3_RX_TX_IRQHandler                   0x000004d9   Thumb Code     0  startup_mk64f12.o(.text)
    UART4_ERR_IRQHandler                     0x000004d9   Thumb Code     0  startup_mk64f12.o(.text)
    UART4_RX_TX_IRQHandler                   0x000004d9   Thumb Code     0  startup_mk64f12.o(.text)
    UART5_ERR_IRQHandler                     0x000004d9   Thumb Code     0  startup_mk64f12.o(.text)
    UART5_RX_TX_IRQHandler                   0x000004d9   Thumb Code     0  startup_mk64f12.o(.text)
    USB0_IRQHandler                          0x000004d9   Thumb Code     0  startup_mk64f12.o(.text)
    USBDCD_IRQHandler                        0x000004d9   Thumb Code     0  startup_mk64f12.o(.text)
    Watchdog_IRQHandler                      0x000004d9   Thumb Code     0  startup_mk64f12.o(.text)
    __user_initial_stackheap                 0x000004dd   Thumb Code     0  startup_mk64f12.o(.text)
    __2sprintf                               0x00000501   Thumb Code    34  noretval__2sprintf.o(.text)
    __printf                                 0x00000529   Thumb Code   104  __printf.o(.text)
    _printf_int_dec                          0x00000591   Thumb Code   104  _printf_dec.o(.text)
    __use_two_region_memory                  0x00000609   Thumb Code     2  heapauxi.o(.text)
    __rt_heap_escrow$2region                 0x0000060b   Thumb Code     2  heapauxi.o(.text)
    __rt_heap_expand$2region                 0x0000060d   Thumb Code     2  heapauxi.o(.text)
    _printf_int_common                       0x0000060f   Thumb Code   178  _printf_intcommon.o(.text)
    _printf_char_common                      0x000006cb   Thumb Code    32  _printf_char_common.o(.text)
    _sputc                                   0x000006f1   Thumb Code    10  _sputc.o(.text)
    __user_setup_stackheap                   0x000006fb   Thumb Code    74  sys_stackheap_outer.o(.text)
    exit                                     0x00000745   Thumb Code    18  exit.o(.text)
    __user_libspace                          0x00000759   Thumb Code     8  libspace.o(.text)
    __user_perproc_libspace                  0x00000759   Thumb Code     0  libspace.o(.text)
    __user_perthread_libspace                0x00000759   Thumb Code     0  libspace.o(.text)
    _sys_exit                                0x00000761   Thumb Code     8  sys_exit.o(.text)
    __I$use$semihosting                      0x0000076d   Thumb Code     0  use_no_semi.o(.text)
    __use_no_semihosting_swi                 0x0000076d   Thumb Code     2  use_no_semi.o(.text)
    __semihosting_library_function           0x0000076f   Thumb Code     0  indicate_semi.o(.text)
    ADC0_IRQHandler                          0x00000771   Thumb Code    22  adc.o(.text.ADC0_IRQHandler)
    FTM0_init                                0x00000789   Thumb Code   148  ftm.o(.text.FTM0_init)
    FTM2_IRQHandler                          0x0000081d   Thumb Code   190  ftm.o(.text.FTM2_IRQHandler)
    FTM3_init                                0x000008dd   Thumb Code    94  ftm.o(.text.FTM3_init)
    HBridge_init                             0x0000093d   Thumb Code    58  gpio.o(.text.HBridge_init)
    LED_Init                                 0x00000979   Thumb Code    94  gpio.o(.text.LED_Init)
    LED_Off                                  0x000009d9   Thumb Code    38  gpio.o(.text.LED_Off)
    PIT0_IRQHandler                          0x00000a01   Thumb Code    64  pit.o(.text.PIT0_IRQHandler)
    SystemInit                               0x00000a41   Thumb Code   154  system_mk64f12.o(.text.SystemInit)
    delay                                    0x00000b0d   Thumb Code    36  main.o(.text.delay)
    edgeFinder                               0x00000b31   Thumb Code    96  main.o(.text.edgeFinder)
    get_ADC0_VAL                             0x00000b91   Thumb Code    12  adc.o(.text.get_ADC0_VAL)
    init_ADC0                                0x00000b9d   Thumb Code   164  adc.o(.text.init_ADC0)
    init_FTM2                                0x00000c41   Thumb Code   138  ftm.o(.text.init_FTM2)
    init_GPIO                                0x00000ccd   Thumb Code    66  gpio.o(.text.init_GPIO)
    init_PIT                                 0x00000d11   Thumb Code    92  pit.o(.text.init_PIT)
    main                                     0x00000d6d   Thumb Code   132  main.o(.text.main)
    uart0_init                               0x00000df1   Thumb Code   130  uart.o(.text.uart0_init)
    uart0_put                                0x00000e75   Thumb Code    28  uart.o(.text.uart0_put)
    uart0_putchar                            0x00000e91   Thumb Code    22  uart.o(.text.uart0_putchar)
    uart3_init                               0x00000ea9   Thumb Code   130  uart.o(.text.uart3_init)
    _fp_init                                 0x00000f2b   Thumb Code    26  fpinit.o(x$fpl$fpinit)
    __fplib_config_fpu_vfp                   0x00000f43   Thumb Code     0  fpinit.o(x$fpl$fpinit)
    __fplib_config_pureend_doubles           0x00000f43   Thumb Code     0  fpinit.o(x$fpl$fpinit)
    Region$$Table$$Base                      0x00000f44   Number         0  anon$$obj.o(Region$$Table)
    Region$$Table$$Limit                     0x00000f64   Number         0  anon$$obj.o(Region$$Table)
    debugcamdata                             0x20000000   Data           4  pit.o(.data.debugcamdata)
    pixcnt                                   0x20000004   Data           4  ftm.o(.data.pixcnt)
    __libspace_start                         0x20000008   Data          96  libspace.o(.bss)
    ADC0VAL                                  0x20000068   Data           2  adc.o(.bss.ADC0VAL)
    __temporary_stack_top$libspace           0x20000068   Data           0  libspace.o(.bss)
    capcnt                                   0x2000006c   Data           4  pit.o(.bss.capcnt)
    clkval                                   0x20000070   Data           4  ftm.o(.bss.clkval)
    line                                     0x20000074   Data         256  ftm.o(.bss.line)
    str                                      0x20000174   Data         100  pit.o(.bss.str)



==============================================================================

Memory Map of the image

  Image Entry point : 0x000004bb

  Load Region LR_1 (Base: 0x00000000, Size: 0x00000f6c, Max: 0xffffffff, ABSOLUTE)

    Execution Region ER_RO (Exec base: 0x00000000, Load base: 0x00000000, Size: 0x00000f64, Max: 0xffffffff, ABSOLUTE)

    Exec Addr    Load Addr    Size         Type   Attr      Idx    E Section Name        Object

    0x00000000   0x00000000   0x00000400   Data   RO          138    RESET               startup_mk64f12.o
    0x00000400   0x00000400   0x00000010   Code   RO          139    .ARM.__at_0x400     startup_mk64f12.o
    0x00000410   0x00000410   0x00000008   Code   RO          195  * !!!main             c_w.l(__main.o)
    0x00000418   0x00000418   0x00000034   Code   RO          394    !!!scatter          c_w.l(__scatter.o)
    0x0000044c   0x0000044c   0x0000001a   Code   RO          396    !!handler_copy      c_w.l(__scatter_copy.o)
    0x00000466   0x00000466   0x00000002   PAD
    0x00000468   0x00000468   0x0000001c   Code   RO          398    !!handler_zi        c_w.l(__scatter_zi.o)
    0x00000484   0x00000484   0x00000000   Code   RO          192    .ARM.Collect$$_printf_percent$$00000000  c_w.l(_printf_percent.o)
    0x00000484   0x00000484   0x00000006   Code   RO          191    .ARM.Collect$$_printf_percent$$00000008  c_w.l(_printf_i.o)
    0x0000048a   0x0000048a   0x00000004   Code   RO          226    .ARM.Collect$$_printf_percent$$00000017  c_w.l(_printf_percent_end.o)
    0x0000048e   0x0000048e   0x00000002   Code   RO          258    .ARM.Collect$$libinit$$00000000  c_w.l(libinit.o)
    0x00000490   0x00000490   0x00000004   Code   RO          264    .ARM.Collect$$libinit$$00000001  c_w.l(libinit2.o)
    0x00000494   0x00000494   0x00000000   Code   RO          267    .ARM.Collect$$libinit$$00000004  c_w.l(libinit2.o)
    0x00000494   0x00000494   0x00000000   Code   RO          270    .ARM.Collect$$libinit$$0000000A  c_w.l(libinit2.o)
    0x00000494   0x00000494   0x00000000   Code   RO          272    .ARM.Collect$$libinit$$0000000C  c_w.l(libinit2.o)
    0x00000494   0x00000494   0x00000000   Code   RO          274    .ARM.Collect$$libinit$$0000000E  c_w.l(libinit2.o)
    0x00000494   0x00000494   0x00000000   Code   RO          277    .ARM.Collect$$libinit$$00000011  c_w.l(libinit2.o)
    0x00000494   0x00000494   0x00000000   Code   RO          279    .ARM.Collect$$libinit$$00000013  c_w.l(libinit2.o)
    0x00000494   0x00000494   0x00000000   Code   RO          281    .ARM.Collect$$libinit$$00000015  c_w.l(libinit2.o)
    0x00000494   0x00000494   0x00000000   Code   RO          283    .ARM.Collect$$libinit$$00000017  c_w.l(libinit2.o)
    0x00000494   0x00000494   0x00000000   Code   RO          285    .ARM.Collect$$libinit$$00000019  c_w.l(libinit2.o)
    0x00000494   0x00000494   0x00000000   Code   RO          287    .ARM.Collect$$libinit$$0000001B  c_w.l(libinit2.o)
    0x00000494   0x00000494   0x00000000   Code   RO          289    .ARM.Collect$$libinit$$0000001D  c_w.l(libinit2.o)
    0x00000494   0x00000494   0x00000000   Code   RO          291    .ARM.Collect$$libinit$$0000001F  c_w.l(libinit2.o)
    0x00000494   0x00000494   0x00000000   Code   RO          293    .ARM.Collect$$libinit$$00000021  c_w.l(libinit2.o)
    0x00000494   0x00000494   0x00000000   Code   RO          295    .ARM.Collect$$libinit$$00000023  c_w.l(libinit2.o)
    0x00000494   0x00000494   0x00000000   Code   RO          297    .ARM.Collect$$libinit$$00000025  c_w.l(libinit2.o)
    0x00000494   0x00000494   0x00000000   Code   RO          301    .ARM.Collect$$libinit$$0000002C  c_w.l(libinit2.o)
    0x00000494   0x00000494   0x00000000   Code   RO          303    .ARM.Collect$$libinit$$0000002E  c_w.l(libinit2.o)
    0x00000494   0x00000494   0x00000000   Code   RO          305    .ARM.Collect$$libinit$$00000030  c_w.l(libinit2.o)
    0x00000494   0x00000494   0x00000000   Code   RO          307    .ARM.Collect$$libinit$$00000032  c_w.l(libinit2.o)
    0x00000494   0x00000494   0x00000002   Code   RO          308    .ARM.Collect$$libinit$$00000033  c_w.l(libinit2.o)
    0x00000496   0x00000496   0x00000002   Code   RO          330    .ARM.Collect$$libshutdown$$00000000  c_w.l(libshutdown.o)
    0x00000498   0x00000498   0x00000000   Code   RO          345    .ARM.Collect$$libshutdown$$00000002  c_w.l(libshutdown2.o)
    0x00000498   0x00000498   0x00000000   Code   RO          347    .ARM.Collect$$libshutdown$$00000004  c_w.l(libshutdown2.o)
    0x00000498   0x00000498   0x00000000   Code   RO          350    .ARM.Collect$$libshutdown$$00000007  c_w.l(libshutdown2.o)
    0x00000498   0x00000498   0x00000000   Code   RO          353    .ARM.Collect$$libshutdown$$0000000A  c_w.l(libshutdown2.o)
    0x00000498   0x00000498   0x00000000   Code   RO          355    .ARM.Collect$$libshutdown$$0000000C  c_w.l(libshutdown2.o)
    0x00000498   0x00000498   0x00000000   Code   RO          358    .ARM.Collect$$libshutdown$$0000000F  c_w.l(libshutdown2.o)
    0x00000498   0x00000498   0x00000002   Code   RO          359    .ARM.Collect$$libshutdown$$00000010  c_w.l(libshutdown2.o)
    0x0000049a   0x0000049a   0x00000000   Code   RO          219    .ARM.Collect$$rtentry$$00000000  c_w.l(__rtentry.o)
    0x0000049a   0x0000049a   0x00000000   Code   RO          233    .ARM.Collect$$rtentry$$00000002  c_w.l(__rtentry2.o)
    0x0000049a   0x0000049a   0x00000006   Code   RO          245    .ARM.Collect$$rtentry$$00000004  c_w.l(__rtentry4.o)
    0x000004a0   0x000004a0   0x00000000   Code   RO          235    .ARM.Collect$$rtentry$$00000009  c_w.l(__rtentry2.o)
    0x000004a0   0x000004a0   0x00000004   Code   RO          236    .ARM.Collect$$rtentry$$0000000A  c_w.l(__rtentry2.o)
    0x000004a4   0x000004a4   0x00000000   Code   RO          238    .ARM.Collect$$rtentry$$0000000C  c_w.l(__rtentry2.o)
    0x000004a4   0x000004a4   0x00000008   Code   RO          239    .ARM.Collect$$rtentry$$0000000D  c_w.l(__rtentry2.o)
    0x000004ac   0x000004ac   0x00000002   Code   RO          262    .ARM.Collect$$rtexit$$00000000  c_w.l(rtexit.o)
    0x000004ae   0x000004ae   0x00000000   Code   RO          310    .ARM.Collect$$rtexit$$00000002  c_w.l(rtexit2.o)
    0x000004ae   0x000004ae   0x00000004   Code   RO          311    .ARM.Collect$$rtexit$$00000003  c_w.l(rtexit2.o)
    0x000004b2   0x000004b2   0x00000006   Code   RO          312    .ARM.Collect$$rtexit$$00000004  c_w.l(rtexit2.o)
    0x000004b8   0x000004b8   0x00000048   Code   RO          140  * .text               startup_mk64f12.o
    0x00000500   0x00000500   0x00000028   Code   RO          165    .text               c_w.l(noretval__2sprintf.o)
    0x00000528   0x00000528   0x00000068   Code   RO          167    .text               c_w.l(__printf.o)
    0x00000590   0x00000590   0x00000078   Code   RO          169    .text               c_w.l(_printf_dec.o)
    0x00000608   0x00000608   0x00000006   Code   RO          193    .text               c_w.l(heapauxi.o)
    0x0000060e   0x0000060e   0x000000b2   Code   RO          220    .text               c_w.l(_printf_intcommon.o)
    0x000006c0   0x000006c0   0x00000030   Code   RO          222    .text               c_w.l(_printf_char_common.o)
    0x000006f0   0x000006f0   0x0000000a   Code   RO          224    .text               c_w.l(_sputc.o)
    0x000006fa   0x000006fa   0x0000004a   Code   RO          249    .text               c_w.l(sys_stackheap_outer.o)
    0x00000744   0x00000744   0x00000012   Code   RO          251    .text               c_w.l(exit.o)
    0x00000756   0x00000756   0x00000002   PAD
    0x00000758   0x00000758   0x00000008   Code   RO          259    .text               c_w.l(libspace.o)
    0x00000760   0x00000760   0x0000000c   Code   RO          320    .text               c_w.l(sys_exit.o)
    0x0000076c   0x0000076c   0x00000002   Code   RO          335    .text               c_w.l(use_no_semi.o)
    0x0000076e   0x0000076e   0x00000000   Code   RO          337    .text               c_w.l(indicate_semi.o)
    0x0000076e   0x0000076e   0x00000002   PAD
    0x00000770   0x00000770   0x00000016   Code   RO           24    .text.ADC0_IRQHandler  adc.o
    0x00000786   0x00000786   0x00000002   PAD
    0x00000788   0x00000788   0x00000094   Code   RO           46    .text.FTM0_init     ftm.o
    0x0000081c   0x0000081c   0x000000be   Code   RO           42    .text.FTM2_IRQHandler  ftm.o
    0x000008da   0x000008da   0x00000002   PAD
    0x000008dc   0x000008dc   0x0000005e   Code   RO           50    .text.FTM3_init     ftm.o
    0x0000093a   0x0000093a   0x00000002   PAD
    0x0000093c   0x0000093c   0x0000003a   Code   RO           71    .text.HBridge_init  gpio.o
    0x00000976   0x00000976   0x00000002   PAD
    0x00000978   0x00000978   0x0000005e   Code   RO           65    .text.LED_Init      gpio.o
    0x000009d6   0x000009d6   0x00000002   PAD
    0x000009d8   0x000009d8   0x00000026   Code   RO           63    .text.LED_Off       gpio.o
    0x000009fe   0x000009fe   0x00000002   PAD
    0x00000a00   0x00000a00   0x00000040   Code   RO           85    .text.PIT0_IRQHandler  pit.o
    0x00000a40   0x00000a40   0x0000009a   Code   RO          149    .text.SystemInit    system_mk64f12.o
    0x00000ada   0x00000ada   0x00000002   PAD
    0x00000adc   0x00000adc   0x0000000e   Code   RO           22    .text.__NVIC_EnableIRQ  adc.o
    0x00000aea   0x00000aea   0x00000002   PAD
    0x00000aec   0x00000aec   0x00000010   Code   RO           40    .text.__NVIC_EnableIRQ  ftm.o
    0x00000afc   0x00000afc   0x00000010   Code   RO           83    .text.__NVIC_EnableIRQ  pit.o
    0x00000b0c   0x00000b0c   0x00000024   Code   RO            6    .text.delay         main.o
    0x00000b30   0x00000b30   0x00000060   Code   RO            4    .text.edgeFinder    main.o
    0x00000b90   0x00000b90   0x0000000c   Code   RO           26    .text.get_ADC0_VAL  adc.o
    0x00000b9c   0x00000b9c   0x000000a4   Code   RO           20    .text.init_ADC0     adc.o
    0x00000c40   0x00000c40   0x0000008a   Code   RO           38    .text.init_FTM2     ftm.o
    0x00000cca   0x00000cca   0x00000002   PAD
    0x00000ccc   0x00000ccc   0x00000042   Code   RO           69    .text.init_GPIO     gpio.o
    0x00000d0e   0x00000d0e   0x00000002   PAD
    0x00000d10   0x00000d10   0x0000005c   Code   RO           81    .text.init_PIT      pit.o
    0x00000d6c   0x00000d6c   0x00000084   Code   RO            2    .text.main          main.o
    0x00000df0   0x00000df0   0x00000082   Code   RO           97    .text.uart0_init    uart.o
    0x00000e72   0x00000e72   0x00000002   PAD
    0x00000e74   0x00000e74   0x0000001c   Code   RO          105    .text.uart0_put     uart.o
    0x00000e90   0x00000e90   0x00000016   Code   RO          103    .text.uart0_putchar  uart.o
    0x00000ea6   0x00000ea6   0x00000002   PAD
    0x00000ea8   0x00000ea8   0x00000082   Code   RO           99    .text.uart3_init    uart.o
    0x00000f2a   0x00000f2a   0x0000001a   Code   RO          318    x$fpl$fpinit        fz_wm.l(fpinit.o)
    0x00000f44   0x00000f44   0x00000020   Data   RO          393    Region$$Table       anon$$obj.o


    Execution Region ER_RW (Exec base: 0x20000000, Load base: 0x00000f64, Size: 0x00000008, Max: 0xffffffff, ABSOLUTE)

    Exec Addr    Load Addr    Size         Type   Attr      Idx    E Section Name        Object

    0x20000000   0x00000f64   0x00000004   Data   RW           87    .data.debugcamdata  pit.o
    0x20000004   0x00000f68   0x00000004   Data   RW           52    .data.pixcnt        ftm.o


    Execution Region ER_ZI (Exec base: 0x20000008, Load base: 0x00000f6c, Size: 0x000005d0, Max: 0xffffffff, ABSOLUTE)

    Exec Addr    Load Addr    Size         Type   Attr      Idx    E Section Name        Object

    0x20000008        -       0x00000060   Zero   RW          260    .bss                c_w.l(libspace.o)
    0x20000068        -       0x00000002   Zero   RW           28    .bss.ADC0VAL        adc.o
    0x2000006a   0x00000f6c   0x00000002   PAD
    0x2000006c        -       0x00000004   Zero   RW           88    .bss.capcnt         pit.o
    0x20000070        -       0x00000004   Zero   RW           53    .bss.clkval         ftm.o
    0x20000074        -       0x00000100   Zero   RW           54    .bss.line           ftm.o
    0x20000174        -       0x00000064   Zero   RW           89    .bss.str            pit.o
    0x200001d8        -       0x00000000   Zero   RW          137    HEAP                startup_mk64f12.o
    0x200001d8        -       0x00000400   Zero   RW          136    STACK               startup_mk64f12.o


==============================================================================

Image component sizes


      Code (inc. data)   RO Data    RW Data    ZI Data      Debug   Object Name

       212          0          0          0          2       4872   adc.o
       586          0          0          4        260       6208   ftm.o
       256          0          0          0          0       2280   gpio.o
       264         28          0          0          0       1307   main.o
       172          0          0          4        104       4885   pit.o
        88         44       1024          0       1024       1132   startup_mk64f12.o
       154          0          0          0          0       3452   system_mk64f12.o
       310          0          0          0          0       3432   uart.o

    ----------------------------------------------------------------------
      2066         72       1056          8       1392      27568   Object Totals
         0          0         32          0          0          0   (incl. Generated)
        24          0          0          0          2          0   (incl. Padding)

    ----------------------------------------------------------------------

      Code (inc. data)   RO Data    RW Data    ZI Data      Debug   Library Member Name

         8          0          0          0          0         68   __main.o
       104          0          0          0          0         84   __printf.o
         0          0          0          0          0          0   __rtentry.o
        12          0          0          0          0          0   __rtentry2.o
         6          0          0          0          0          0   __rtentry4.o
        52          8          0          0          0          0   __scatter.o
        26          0          0          0          0          0   __scatter_copy.o
        28          0          0          0          0          0   __scatter_zi.o
        48          6          0          0          0         96   _printf_char_common.o
       120         16          0          0          0         92   _printf_dec.o
         6          0          0          0          0          0   _printf_i.o
       178          0          0          0          0         88   _printf_intcommon.o
         0          0          0          0          0          0   _printf_percent.o
         4          0          0          0          0          0   _printf_percent_end.o
        10          0          0          0          0         68   _sputc.o
        18          0          0          0          0         80   exit.o
         6          0          0          0          0        152   heapauxi.o
         0          0          0          0          0          0   indicate_semi.o
         2          0          0          0          0          0   libinit.o
         6          0          0          0          0          0   libinit2.o
         2          0          0          0          0          0   libshutdown.o
         2          0          0          0          0          0   libshutdown2.o
         8          4          0          0         96         68   libspace.o
        40          6          0          0          0         84   noretval__2sprintf.o
         2          0          0          0          0          0   rtexit.o
        10          0          0          0          0          0   rtexit2.o
        12          4          0          0          0         68   sys_exit.o
        74          0          0          0          0         80   sys_stackheap_outer.o
         2          0          0          0          0         68   use_no_semi.o
        26          0          0          0          0        116   fpinit.o

    ----------------------------------------------------------------------
       818         44          0          0         96       1212   Library Totals
         6          0          0          0          0          0   (incl. Padding)

    ----------------------------------------------------------------------

      Code (inc. data)   RO Data    RW Data    ZI Data      Debug   Library Name

       786         44          0          0         96       1096   c_w.l
        26          0          0          0          0        116   fz_wm.l

    ----------------------------------------------------------------------
       818         44          0          0         96       1212   Library Totals

    ----------------------------------------------------------------------

==============================================================================


      Code (inc. data)   RO Data    RW Data    ZI Data      Debug   

      2884        116       1056          8       1488      28216   Grand Totals
      2884        116       1056          8       1488      28216   ELF Image Totals
      2884        116       1056          8          0          0   ROM Totals

==============================================================================

    Total RO  Size (Code + RO Data)                 3940 (   3.85kB)
    Total RW  Size (RW Data + ZI Data)              1496 (   1.46kB)
    Total ROM Size (Code + RO Data + RW Data)       3948 (   3.86kB)

==============================================================================

